; Map created with FinalAlert 2(tm) Mission Editor
; Get it at http://www.westwood.com
; note that all comments were truncated

[Header]
Width=55
Height=54
StartX=228
StartY=36
Waypoint1=234,65
Waypoint2=255,43
Waypoint3=276,65
Waypoint4=256,84
Waypoint5=0,0
Waypoint6=0,0
Waypoint7=0,0
Waypoint8=0,0
NumberStartingPoints=4
NumCoopHumanStartSpots=4

[GAYARD]
Name=Allied Shipyard
TechLevel=11

[General]
DefaultMirageDisguises=TREE34,TREE35,TREE36

[INPURPLAMP]
LightRedTint=0.1
LightBlueTint=0.1
LightGreenTint=0.01
LightIntensity=0.01
LightVisibility=2000

[INYELWLAMP]
LightRedTint=0.1
LightBlueTint=0.01
LightGreenTint=0.1
LightIntensity=0.01
LightVisibility=1500

[NAYARD]
Name=Soviet Shipyard
TechLevel=11

[YAYARD]
Name=Yuri Submarine Pen
TechLevel=11


[Preview]
Size=0,0,120,62

[PreviewPack]
1=GhMAIAbVs23Vs2zVs2yAASAWLAAJzKNYzaZcyJ9VxZlNTAFLAM6mWVgBQAFIAEwBSABAAY
2=gMQg1s1nAOIBasAZAIIEbsAAiUe0aFaz18XzjVs1gWUA5IAEABSABAAUgAQAFIAEABSABA
3=AUgAQAFIAEABSABAAUgAQAEnCABYAUgAuAFAAUgAIAcsAFQnSABYKEsAxZhNYiixa0wBWC
4=4nLAAnZAQG6cZ+4Lxv6sZ+QAEt5gLXslAOSAA93AEP17Fs37Vr2bNs1rFs5r9y575wrAED
5=4bpw17BrLUwBJ9wBIB5cAAaagEqTYTmvdj8wHAFYHFhJXAJcFwPDr4jGso1AAUgAA+W8ct
6=y2bogSUBpIAFwatABgAQADxqVnwJ5kwZ9kvKVlppRXoJBVxadlVBVEAgO5l2DJp2VYCrQn
7=UAtYKwPZt2/gwHJUKkwEiABRCGxcAicsAIABXAtIAEgDVABIAEABBGzjwnvDomhYCoAuUA
8=JIAEgnQSVtUxTjuW1UJ+wHfAVYK7QqQCsnIACsASc7AOW8cYgGfAWAAWwKRCBMAVAygApI
9=A1ACSABAAUgAQAFIAEABSABAAUgAQAFIAEABSABAAUgAB22QekqKbUGAVy5cCIgAUAIpjg
10=Oxa1RLaAAAAplNsqyft7Cfs6qe0LJ43LVtvbKeSCFQI0wlQwfTr2lUAIgAZAgDxqVo07Jv
11=SwbBr4xcIFQeSAAJwJxhz6hgz61qvJtitC0DzKJZyqJZVBhQU1AmA+O+cOLBeVAIWwe7mm
12=BUJzDcCqgDjAR0OQm7m2PDoWTDombQrWpcBVwCViHWsUgtYFUB27Zu2mh1AWzWsm5IA0AN
13=A9izbN22bilUBWBGSy3etWtQAgLet3DXsbAjVABIAGwZVDOwX0hLQAS8CFgZQw3dt25ACk
14=ABUwK8nGNQGkgMTAG0P6wBCZR7R5F+RYhnOYt0T0gDkAJZCm23S9e1bVgoQiKsinSlSy3J
15=nlVTKbWsnVACSANELEgARFNIA1ipJwQBWCgDvqVmxadnUB0GtaePt66dv7CWVC1IBgazn2
16=OjklbMq2hIDEArmSJsegeYTUQIRBdIALQVSAMGv5xhvZ1jxKRmWzQUFBQnXABQZUMrupdd
17=XAtABFguA8OhY8KhYSdMAUA0RClbUtiybEwBRCNIBrxrfgubYkQaXERMBLQwSANDCr6cYF
18=AITA0Gw6JnwZ5kvppeQiLYtNQzVDBAHFgHSABMClgoSA9ME0ArA7WiZJySUkB2XAhALs4K
19=nGFQCFsH3bZvWBAGnIBKmHpDj24+TApcCEgMWENMDVMg4L9ySC1fHea9b1ALSAADyZ9WyL
20=GFvB1YfCdcA0wHSDBUAEQIiAABbMS2m0QjSAZLALmqjyenAKORVVQJRCNIFUQLVAxIAEAB
21=UBpECFAUSCdMXkQyWE9IIUQCUAVQCEgAUBpcCLQSRBpAWFQDVHhQPkwNUDtAAVAvQAqsBF
22=gHQBlIA0gAWARYIlApQARcFEAHJxwWVDBYBFSZUDUnjAACtqJjtqJgnVAFWGFcWbwFSAlA
23=DbQnUAigClMCn5VUXAJEAkwrTBlQBbxcVGBcF1gKUBdUDAaWfUh2XDZ4YTxcF1QGXAVcHU
24=QpVBtYIkgATHlUALyzTwTCsI5pHsBgMVB9SANIAKQsQBNUBlg9WAoGu66WwqhnxrGIWC5M
25=WEQFSI1AW4EEZioEAVAFRB1UAFQeUCxYZEg8Uz69nGBYLkCCVBhcBagDWBO0w0hFTFKsAU
26=fF2bNtJwwIXAVYBFcYw6FlUBGsVUhIVB6kOEQgVCGsXkA0TFIDpZRWsJ5gVBtEOKwZTBZE
27=LEgMUFlAi1wFrAFMB1wLWA1IDEAoTBysAVwFUBFIA0QOTBlQEVgHUAVcWVwOrApUMAabgk
28=+3hkuocT1MAUwKrBBApkAlWLIGsqqbuLGlu7SorAFA4kRHSCdABLAsVAmICWyaRBdIJLSH
29=VAlJh4OAAEyOWBCZBGxcAkBPpHpQLFACVAZEelw7TAGkFFxQTBmkcUQ4XAVMNLAdRBdAIk
30=gwUN1MAUgAQFJcCEgeuDFENScUA1QhSC1IElQ2SFpcIKhRSKtMDUwHXGtcC0gtBqGVUaKU
31=T7qlZUANJ9wBVCdYBEAESABMAbwFUC+QAnwdTBBMAawWpD5YAVAFXAJYKEBGSDxIFQmYfk
32=qRe02wdT+vfkpQBVjBWDdIAEwiWBZEHU9/tKeRiCVwAEgttOFICVAjSBJACqQLRAJYEEir
33=QElbWL+1o0AHWCt6BoODQAdcNVjoUAWkC1CGTG1Q3UhmXAhQVlg3UAJUflwpJ6QDQAFAFk
34=g5SANAUkwBTBNqD7FsUClIG24Bsm1cAkwERDVICaR3RNdEBQPSsWzSr2pYW0wZrARALlgu
35=A8ShX8ahX0wWTAEDyqhkyqZiRJsGppRXzqxnz6xnXFNSCMyqbAFQ41wOA8qoY8+taFwFTB
36=ZIDFce+voARCZUAEgARCZUAFQnqBJcAqABTBNgIof1f100XCOkREQ1UAVIAEAHSABcFFiy
37=SC1cWbglVABI21xiV8DGtZVQULAXVCeJAGxcm0QLvJJMBFgrA7uphr2ukVcGtK2irARQFG
38=YOoWRATFBiWCt6VbVtXFxMAaRlUC9EibQwXAUnFAZEHVCkQBlMMVQVVA9b8cifVVQzUFkD
39=yqhlyadjTAREeg/CoF64lVbCnlzHpWLCnlvFomBMWAAzyadkvZpYyaRirIdKso5QwZ1aza
40=hjrolLuZRU0K5o0q5pv5tbs5BTz6pl069qxZ9dwp9ez6tmyqRhrolMuZZVwqBd07BqTBxU
41=KioIAFgiSAAqRABMAVxfQChILUxtBpd9SaeFTMaTUFgBUBcnhAVAAUgASC2gRrQtQ1Kzqp
42=5IJExtUC+0LVAgtCdUGwa8pWWbkFKnlFdI8Fw+rLJcAkAEWElQSkwBVAwnrAdMSVwCSIRc
43=UExGVJBIAEQsWCtALkBYtDAn5AVQAicsAFwFQBlMK0i6AAnWs23Rr2rBnly0kVKrh0nJpW
44=HNqWWuiEq2kVFcUwnNqWS6k1KuikzLp2NHKdCrZlwRBtWybcSgXceiX0ictCFcqlARtB5I
45=EkwESBVMrEwBQnDUslhAAViyjU1MHAOaj1KzoGJEKTkIAEwTQGpIbAmaglCzjFDLklC6jF
46=VAYagGQCtADUgAQAFIAEABSABAAVQtTBCsB0ABRJ5LAMKhYUSPREpUCUQgSABEI1RvQDFQ
47=LFBTUIZYNye0BVzsJwgAWAonLAAnIABUKlALSANEDlQbSCpAHEQCWApcWaxeRDVQAngBjP
48=FQAkAiR4PRrmhQVkxVXAWBOm0qlwS2omVIgVhDUyn/AABIAF4Iu5dWhGjVI7wtVAa8DkAr
49=WByoSFxlUAK0QgHUsWy6nFlQNUwcuCU8FABAEwaOdEJNOiiYdUYnfAE2yABIHkwNtANMAU
50=g/SAZQIFzLqI0qPAtkIyN8N0TRSGBEBUgeUIZIHlAIWAdIACdUBSosAFACoARIe1wCRB1Q
51=FEghRB1IKqU44EIrsm24hUQ7RCxAOkgnVDBQBVCnWA1AE0wNRCNECFhJUAVAAUdQmZFPVA
52=NYKy0LAMilYkwHiQBsSA9cBUwHU0rAnmRcZbwCTBBMSawBiDkBWcOgXbgBuCIwFABQDgmY
53=fkqGYzdoWDzLq1pIElg3XBpMHDCwACpEAKwEVABMEFQA0hGcYVgHjBAijDOoD1AjWCJIAF
54=gfUCBUybQhVBVUDEAZQAFUKjYIAFAIW6/dtm9ADUwBUCNIJ0wKVCpALmottW0qZBxAZ6iH
55=RDtcBVwLSABIDEQUWAGgHE8BrZhbrAEqnAUDvZtZ0rBrXFlcrUANUCNIM6Yazq9gzVBEUB
56=GtYdoiaTltWARAW0OOwp9dTQSlI0Mot6JlTCVEHWQ1C7dumYBOb1s3cFo6kXtNUDVAx0wK
57=TB9IAEgnRAWoAFy5SACsAS0UAFgEsAVAAUgDoBNME0QaiQBsSNJIpUQXQNNEI7ACVBVE47
58=yMRONECEgARAgqqAVEDlgBvAVUFUABSLRAtUQmXDh2V8ByQDe4N0ABUBdYLrgBUC9cBUwx
59=UFBImUygoBNEAkghWC7GILZuQC7pA21cswO5llfJpmFH5qCRVVwpUDtcCEQpVABMB0woJK
60=cnnJJSTApQO4gtIpAjBs+rZ8ypZMqnYkwHTQSmIxtHxJxYQAcGgWY8dVw5wZpXQH9MpliU
61=SJBYB1R+SB5QJiAGCABQIFwFtBWELGZZl34lJFNADUQUlAAibClLJ8OiaKQsTO5MT7gZQA
62=dYH6QXTARIAKghQwHlvG9bE6yKVUy1uChEDlDjVDZEVkQsVABUk1QDVDBYAQnBpGWchlWo
63=iVTNrGhDZ8OhY0jGXFNcC7Q5TDRI80xSvFlMiFhPQCtE9QO3lFTPrGhMMV4Fs58iGDigIl
64=QbSMBMKF+wqJZZuChcBVwCiBtkjFwUREGkEVQADOC7btu3a6SIUbKQUaOCSrgESDZEO0Bz
65=SNVQESAGhAVQI+woYA0nLADgAWArnAtAAUgAfC+ZAWxmuaFkUCxYDVAmQD1YXkBeWAFVD9
66=4m9EYn2wLTr2lXGOS7b0cp58R9XFZHVtCqYEANRC9EAlQhdAMABcJ8xalmrZJYf2Y8aVM4
67=cF07kXtKw6FlXEdUhFTeSEhMYUArJHggRC9YAbQnQARMEwLCnlzLqCJcUUxSpC9EC0gSsC
68=NABOkAbEw0UCxEIFAmSzDQrGYhIEK8FCfYAlBBBt24a9+5bdq0aUQsTAdUBirEEFxTNqgF
69=TBZEfVQDTBxAB5QAQChIAKQpQAEBbHVhPJwCRAKoAFACoAFUAGwBA7SQSqN7QawEJ9MEzK
70=JZIVhDSBVcAlgWWwHKollcuUwBSBhYKExJRnewniLgTlxWTEYnDAtIJ1/auqVlIXAlTFhU
71=BgOOaD6kdkREOExhSIdEOEwcQCtYjkQjVB5AK0QvVB5ILUwEXGVcDgO/nFrMqmakL0wEgB
72=xsFkgqSC24bUBwJygBJ4AATAdQF0ArSABIGEhFeBYjqE1AGVA1qA9cJlQ2VAA2CABUTo0K
73=bEAEBsmjXLaPTc2rZFALBX1dMXRdNoxsoCsHbItqOJV7RZuAS5AFZBSgAQaKajmRdUR6YT
74=lQBQ+ZfkiBXjK7l03Cmk/CmE7CmU5EgLAjXCknSAJUIUQUSC1IJEhdJ5AXVBikTUgtR4bO
75=p15AW0ABVD9XgaeUV0gtQCgJzq5oupNTeF04n4FNTEOYECK8TlwdUCZcUEgArAGoA0xSQA
76=ECzapm0a4rRFdYIkArSANQHVQAiQZxRI9Y2UA0RAJcAgnTsmyigEqYeUjQrWVcLFxZXG5M
77=QEAHUDVPLtexbVQwTAdUPEAoSABYClQASABQCFQJUAhUGCeMA1jZCcmlXMukWMqjV8aeWl
78=CnSCdcrUy7BaCBRHxnPn9lJaxPQAeMEARtim0znH9KQAonCAADzKpkro1MXyyogEJEC0Ar
79=SABcKViIsINEKaghoBCcCAFsxppOXAKkL0BbVBLhYV9Q3SQ8KbwCrARfU8SHSyHARCQfOr
80=qXXSFgQUgMVDZUh1xcRiDZsyJcRVgfQCK0DEvh0rBrSANE9VACJ9wKXBHCBLNsRCNMAUwW
81=SABYQ1A4D5yDT39oO66LTpd7StCtY9azZ0RHflmfVlhwXG68GkxnJxAEKiAAWBxcBUhFUC
82=ZcGkwiXyzOpllLAMSiWCFMOkjJREdQDifwIEgPWAFcBbQAQFtIFUw3MCASXDtfJsWZTVQA
83=WBC8s1xZTDdLANy1bUw3VAlMIlQhRBG8BUCCUNqwBUwBUCanFMCcYUQURNckQFtUGwADzq
84=llz7BszZdVh2w+vZxgoIVNmX9KQApAE6BDSEtEJrQhWE+8UFS9WGRAUlTwRAVAGVwXUCyk
85=41jltI1cU0QsoARcvwaagEq8k1GydT1cBVc/zKNYRAhMCqwWauqgYkAKJ2wFQCJUkEB2XA
86=VQCEgGWM1cLKwZUBRYAVACXAi8oVTJWA1UGFgcWEawSkRBTAekCEgGQCVQLEQLJ5QBQAF0
87=G4+Xy6FYQFVYK0Q4IoRfAplNyqJYSACsCkgqvAigCkxeVIRIAEgqUBe8PkwBTD2kFEi0co
88=aiWahaRyDPrFpEFEQyCcWMTY50RW9ZPZZ5QnbwomZAf1Q5pDisBEgVQA1YT0yISFpMCkwE
89=pCxDBKaUV0hXVJMnjAxYE1xiKgZqvqUj/j6zbKRQSIdIbEgJSB5aB6CQIqwoSAxQGlywTC
90=IG47130rN45sF3SCpIAEBYRKRfjOjFfVQPpy+ollm8oUwQXClXcrubY0gtTAFIALQJQApU
91=CUgASC1PDYODg1QAqABMPUAQuDqkJkgMWFtcSgHhuGzVcKRk5iccAYABYL5M1rh/QOJUsV
92=w+Vz/OplpcR0wZoElEL1wLWBBIJ1gNVBJUAEgACJ90RnxlP4NjOZR8JRwimQpsXA5MCrwF
93=SBVQAngKI2hjREpYSaTCTARYLqhaTAEDlYBOhHBCJARqUAtIAFQqWyKflVQhgC1EPgjVs2
94=3Vs23Vs23VsxEAAIUTACAJbNWzbdaybty1bdiybAEAEohnOpl7RHZYM3mBYJd7R51/S8yi
95=Wc2mXMuhWMaaTtWxa8yjWEkA2VQGCLFs17Jt1rFs5bxxTAcJvpxgvZ1jxKRm0K1qTgrVs3
96=QJQAQJ47lt575w5r9y+voAKggAAcmfVsqECwAD3rdwzqde0Kpg2LNt17Fs1K1ml3tGRAgP
97=Rj0rf2U+fV0xdF02lHtGiWc7Kk8B17BrTASIAEANDWzGpWi/nGHDoWXjvnDjwnsqoAGvAd
98=22b0ABrAQAA5JoPY9zRJxzRKWDTNS0cb6lZua9b0gAD9Ovad23buC8b+LBeeDActaybrgc
99=D7GUWoFmPKCFTdSTS6VxPbyTU0wBBsCKTM+TT7GMUKwQUAsqCABTAq2YW1QArBaBAW2sAQ
100=ADjnM+mX9GnH9Kw6JowZ5kvppelXtMQAQDtqJlzKtoTQTWTCsHsm7ctW3ftWvOr1UbbagD
101=A9u2bs+taqoSw6J8LFgrQAdIBksA3bZuSwDetWsqGAInLABAN0wEXAVfNdmzbEcy4bpwoz
102=d8Zz5UJw+9nGDAnGHBn2SFaz2YfUiGZjxcBVQhJ3wBgAGpGGwnWAE8IAAP1LVu0bJo0a9m
103=3Lpz6sZ+6cZ+VDNcLFsNu5pgTAFQAkgAvAIJ27dr3bhrknNGlHRBLVsBvJxjLUQAuAG8F1
104=wUrBMAA39oNpuAS5l8R29TMZR4SJd6SBQUFKAlTARcJga1omScklKilE9QICrsAAO8pWWZ
105=kU9IA74I2LREKQFvw6JnVyG5l2BMB5wCYDHgATQEBFRgDM+taMajX9KuatOwa+W8crwFUD
106=JLDKGVUUsPxadlRBEOxqVnwJ5kupddln1Idlw2eGF3LYpqOWhCAp9kfWM5QAcDtJBKo3tB
107=WECwHTwXAN6+eaQpcinCe0A9XG5YHFgfuBlME1xiUC+rAN+5bTxAAbQDQEAD2LNs3LZuXB
108=FYEwORdUSXfk1YN1gBsCNEU0wZsEdQDlBKQHNTKZuQUkx5QFhIAAAD1LJs0rFr0K1ozKll
109=qJZZn5VUs6BiSAC/WbybYkBSUAXkMsxMSAxEL1QYpBEnFABYBEgDA8mlYcqmY0ABQmS2ok
110=EBbFR1A8KoZ6ORVV84mo9SSABLDNexbUwTUBREa1ODkHVGTyLWsWtTL8OhZFhDSAAMgV4y
111=u5dNwppPwphOwplOTJ0DxZhNxZlNJ8UBg4AAJzgAQAFILQPgv3LXtW1ULVQYvG5EjEwiuC
112=u0AEgSWDdEIEgGSACZCINAAScIAFwXAAPLp1/KpVvJo1y2j02HZziOdESTdUBAXlApTB9Q
113=KUiEvBpcCFwFSABMJUwBvCCoJCekCQnas2zTsWzEoV7IpWJALiewAEwTSDm0S0A6XAJcQV
114=QAWAeoAEgYJ1QCQAEDs59jo5JWUya7mFdWNtSxUK0BbKCRVSnJAG23aaeUV0w6rFtMAUCU
115=rARYmkC7rKlALgnMqmS0lEm3k0qogEJ4K4QsA6yKVcmeVUMuyJ9VUA4tCwDZt29TsM6mWU
116=ABQC5ILUgVTAqsK1QASyTlvG9AAVy2QA0D6MV958R9LRABRMtYbVA+QKAJyaVcy6RYvJNN
117=xp5aXD5AK1AUTwrmv3JYH1B0VKKQF8RQVCpIA1w7VCpMLqxbXAVcDqgzTCgGupZWzqxo1L
118=BrQD1ME0xhS0u7m2NcblAOQB8pQQFttANUfieQAkRlQQTUSDYCoF28mFlUhAKllFawnmyO
119=WAekDkwERC9YAVhkWFtYyqwBRBFMH0wBVAwqLBVMXlcq0KxmROxEI0wBpCxEICfkBUxARC
120=ZAgkAHUN1YKycsAEABSANQAkgDWCtYE0ANTAFiCp5VQApUNlBfJwgDVDNYAUxhRyDPqGB6
121=AcByVzbEoli8X2UUsmCIXAhIdUgtVCpILUxbVCqsAUQpQA0naACgH0ANvFxAiAPIpGDBnl
122=1EL7RORFMivCGP1tCtaoxhK3wWVH5ACkQOUCNAAaRoTK8EupZV0rBr1SPoIm6Usm1IOVRj
123=VDykEUQOVA8nLABEC2Ifn1ZAH0wBSAmsClQkSF1Pl8mnZUQspGsqhAVMRlQtSANAB1CJUC
124=BYB1gcWFhcp6xPVCpcCFI45LsjyiG8b1gBUAJYAUwESEhIGypIC1hheCuEj0DoVDakL0wK
125=UAhQhlARTAFMDVB9SDxMGUAZWFhAuEgATBxELFxcXAJQAkgDVDBYAUABSFdYRkgbA7aUVM
126=uoZEAZRE1IUVBNSC1cAlDIrB/1AGxEAlgfTDREHVw4QApIDEw6QARcNQO/nFvEoF5YLlAR
127=iTBsJ1QFVC1YELwFQBBUD6QjVAwnxASsClgEWBNMCmgwjE9HDr+cYXIjoWNQHVgragOfVl
128=gfSABQeqgATBCgAVQhUFknVAUnXABIaaAEVABPCsyjWCc0B0wBcCyMWFAXWBZAEEQvUA5T
129=SsCcYSFIIEiKJ7QFTApYUlRITBlQCKzNQItcGqwHXBpQ1Eh4WE9MAVwFSAADxKBdyKRhQA
130=cnjANMKEgGUAhYDUAEpAWkaFhGJ6QAQARUCbytSDMDsY1PyKZivLNIKqAHUCZID6QLTD1c
131=Bbw4XAJABCfEBEQ4WAGBDWxMBydcAEwNvEFEI0QdvAJ6WJhNQC5iAZlNXCYgDAgAWCVLsd
132=CqYECFRCy8GlgrQFisEEwTWEBIA0iHTARMEEgYSCFMEFACRAW0SFAavAJUokwEvFxMIlwX
133=UE1QVlT/J1wAXCYDuZZVyadjvCNYK0gAUAVIAEABWA1ABLQPUCBQsyf8Mio0AUA3BcupZb
134=2YV8ajWLIivDNQR1wFVCdYPVgTUP5bEMmoZEME0K5pQAontAJfWdazbVRpQNxIHrywQG1Y
135=KFgNRMVAfFxKtIG8AlhYJwgAQBlcSrwsJPAgrAEqFAAwXABMVUwQrFhEKVQnvAhYFkxMUI
136=BQa0wEUBRQKVguRERIKqQ+XGVABFgfTHm8ArQkRE1MCokAbFgHQAG0LUhaRDsG1bJtvppZ
137=vZdWTBy8X1gKRCxIAEgtSABcBUQmVABYJUSGRB1Qm1AFSMZIPExMD8elYrWRUb2aWsWhXr
138=6lZsWnZ0Mf/wAAqABMBEwHBs2qZ7mXV7mWVlwsA9GvadOwakwKRBe0DFQbTARQGn5EsWtE
139=L2kAmSIgJ0SGJ4QFTCtAFmqHn1ZYIkDcUK1IWipIBUwBpDVAAUgAWApADUABSABAPVyqQA
140=FIACeEBUxYUDhAslQnaiq3cEAcWAFIKlAvvFlABye0CGAHjLhYH1ALA8+taMqoZFgKCcyq
141=ZqqGS6eDRs2pZaAfVABID0wEA86sZ8+sZ0AWA7+bWdCtaVzXXF9AKCq0BaQ1UAWJBmxUKk
142=RTU5W6l11QAkyyDM6rZryZWLqXV82qZcejX0AKXAsqCAAJuJZWrolMu5ZVxqFeSEVAQFQq
143=QAFyGrVrSEJUGKQOSAxQRFgKQAFQHVxZQCtIAEQpeIXstUQCJJ8gyZ9WSDOsAUgnWCu8Yg
144=POplrGmU6sAa9kz6hgUAJMAU8EzKJZIYhAXAtELKwNRCxIOUu64sF5TAFQAnApjLVILUgM
145=VD9U7UwHtD9cXEwETx/RrmkhHCsJvJhXx6JeyaNftpBRKuADTAEAA9CuaNKuab+bW7OQU8
146=CbWbqWVr6ZV1BcWAdPHKCQVVwgpE28WaiHtHgDu5tj17JtpAVDAbyZWSSMIUAHTC6/AtOv
147=alQMUDJQFAPKpGHLp2NACkQstOFYWJBcXbBxJIcjp5RXQARALkBDTA0GupZVmHlH0K1lSC
148=pYH6TaTAFIALQqKhQAUCZQrUCUUAtYDUQjVBJIACICR7NtUCNYK1CSQAGkLExVSDAqBAGv
149=AeO+cEQvrHZULQnqxn7BpGWchlXWt3NUhLRCXAtMB6wcSAxYQ7xrSHhIA+1SbCfvA7aiY1
150=wCpClDAbyZV6wlXAVcHbwCRCxAAewiQStsRym+nGBLAMKhYUymWChMOiSMIUgPQNxYClxE
151=TAGJAGxcj0ABvAJUbERxJywASCpIA0AKUMUnhCNEIFgWD5yDT39oO5h5SLKRT72bVNazZ1
152=hMWB9QLEgATFu4Ii0UAFAsVC20e0CLVConrExEI1gBVC1YUkgtWGRTCMCcYS0EAbsB58R9
153=RDsP4sJ8xalmrZJYd2Y9aVM4ln1KSBV2LbduREFEJkgAWAFQsEATXCCsGVSlQAFAKKRKXF
154=ZMMVACWAFIMCesBESGJKQqXCNELEgASC1IAEwEVAxECIgABGzEpGbDoWRbpsOhZVQqJ4wh
155=Twqollkh2CxTU7OgYlAFUBFIG0wHXAIkjCFMAUAESANDAbCeYFxBVAZIAEgJWJEJmYBOb1
156=s3cFo6vJNRrwTEoVq4H1QAXE1UACcIAKjbuAFEOKSDRNpULaQdVJNELM4QsWtELKQvdo2y
157=bqAHVAAqHAFQDkQCSABPB8ClYkyRSAAGjmg+mXtJw6JnQHlUS0wETApABEgYUFz9UGxQDl
158=CeWKBEJlACSACsdiqMACesBFQzRJVIBkgwXAVAB1gKQAr1AGxYDVDgWA1IV0QFA9a0bsml
159=YEjbQ1WmlFdDjpySUpAF3F9YDbw1gBMlHCJc8kw9WEBAFkxYJ0wBA39mPsGaVyQUP0AcXB
160=0gCQgATKZwqoTUSEhQDrxNUBdUGF4arIpRoW1QWWi9I2Q0OXABWAdYH1AmBriQVoFgOYhj
161=OFwRXB1YHEAfXAtcGlgKQARAJVAFSABcBUgAQwSaj1JYTFheVD+JIWxcBWxVArJtyaVhTC
162=UnvDxcAkAHSABAB5AysCZUAEgAfFknpABQFwnMqGTQrGfFn17KpmJcJid0Ay10DLQSQBNU
163=D1hYSC1EiUQsT/3DoWNIAAaOdELLq1rLm1dM8VgTcnfBeTkoBEgDWARYKEgAU1nMo1ghbC
164=BIAFRjSAxAbUQ4VJO8AlCGSIe02ETaVOQD0KJZ1a5pUAg2CABAGbwICb+NS450RW9ZPZZ5
165=QkwKV5ygkVUhqCZEKUAZKkwKUEdboKOSVkhOQKBYl0wTUBSsxwPYsmy3lFRAMUQ1UBRQCC
166=fsAEgtQDFABFAFiQZsQKAnLAAnBBBQgwnSr2rRrmjDnVrCnlwnhAKkjFtAvppeVBJIDCRE
167=M0QRRDKkC1xEWIVYWAO1eUGWcUtYKyfUG0TRQNNIgaghJ9wBSDMnLABAAUQLA9iybejEfU
168=gqUClIKkQpQAFQhljfRC9AZ0gDQAFoAwiYTdKoYNStZuG4bEwQQBxMSaxttAwqFABYdkBh
169=CbeiZbqlZZ90RpN0REgPSC1QKVgoWBlEJlRFRIO8CExSTApIXUABXL9ME4gAfFlcCCR/Mc
170=SgXlwmXCxQWSosDERQsAWUAHxZQC5UCaQLRBRQMqQLXAIG07BqzqtnvZdXJuAhKLwArARE
171=FCo8CAmaglCzjFDLklC6jFV4eSPkJlAXWBC2G+DAIuBmvEpEIFwCmBBn8ohnOlAdT0aIaT
172=shqGi/AteybFBWU4PTr2lUP0wTtDlcCEwWQEBE11MCoYVRJExnKiQaXAsqCABACiQvJKKU
173=T1BBCcigXbCETIxoO72dYyQnPrqXXVzOtIRQJkAiQC5ACkA3UA5YB0AiiAAKbdCtacuoZc
174=ShX8WhXlgQUCZcAkB8rARcREATrBykAlQDQAFQHVgKSA9EC0gAWApIAEABSABAAVNfzapl
175=IbtV1LBrcgWxbLwCSANUD6RrT7jGpWi/vH9dNFgEVAlIAETURJKsXlQbRGtprsAiSFlIHl
176=gBVHVPEI5zPkCOVNJIAFQGpOxUKlhzcDUj3ENMClwpQEZcDkwBJxwBSCFYEFAUWFInTGdQ
177=I1hAvAKoLUgGQA1UQkQpUIBczkiuCc+wbM+sWsiUU4xzRUAESFRYpkwEQBCkPkgGRJVIA0
178=ABSABfEdGuaVt8zapmWLKkCyoUAFheWC5ID0ABXAXgB1BTSABsSVQVJ/QEQAFIAFgZSABI
179=FbTYQCJEgCSMV1w1XAVIA1QbVwnDomi8QQm5l2CXfUmnhUzGk1BXFeW8b1AOWCVcs6RrQD
180=pcBUiHtzOnlFcnVBpMHFAIWKNcvEwERAVYQ0hvQBZcWWoAmU1UJ1ACsBdYtVwISMZYfFAv
181=J/QTCcOhZZqASpNhOa92P1wUUGi0KlsKzqdep4PKollUQlhYWKBYZwzJqmbFnFqSaD2UfE
182=qghU1Lt4JsQ0gDUBekJk8HvqVmvA5YZ1wCvCNcDiqQBUwBvAK8JrwF9AAjvSGhIshpQBZU
183=J0gAWBlEBUgGpF9UJHBKhIBYH1QbrAdcBUABAAOBZjx1XDmZf0qYfkqRe02wdT+vfkpEEa
184=wHRBpAAUhXQF5cR1goUR3QI7RHSCRYB0gqV9KZe0msAVhMTAesEFQYkAJkQVQbaS2YItg+
185=RCxTs9GvakTIWAcnjABcWQnBn2SFbEJwWjqAVy5AN4kDbFwCUFMn3AFYgrxoTBNMZ69wsJ
186=5gRC8kZyuzfEdI5AKPc0SKcSKUbVARSFpINlBKJ6QJSCRUKjMIAFwmSABAKEREoBCUAHQY
187=TDdUDKw9QNxYBFAjWBlEFEBPcCwCn1bku29Uz0MN4sF5IuQvC7tu27drpIhRiF85o4JKQB
188=ZIAFw+RCBQKUABRNdBB8wjRDxENUiHUHFcAlyqJ9wBVCQJknRPdWE8l35Nn4FNWIK8R1wC
189=TBBAHFgZVBUK17Fs3bZu3rVr2LJs1hEAABgOMBcAFbNt1bNt1bNsz6xnzqtowJ1ayKVi2r
190=Ns2bNtlHtHkX5Fb1s3p4NOFIAAACG2omPGpWe/nGHDoWXgwHK8pWWollmflVSilE/QrGbM
191=olnKolm8m2Kzn2PMo1jOplnMq2hQBQPBnmS+ml5ACAASnHNE3Lpz0LBt4sJ95bxv4Lxv4s
192=F51bNs4L9y17Jt47lt+voAqQCDgACsAVQAA+e+cOW8crwU9AAABGzDome9nWPEpGa6l12t
193=mFu8nGPJp2VUCVwCpA5PAcmeVUATAAzJn1bku2/oxX3jwnvjvnDmvW/duGvfuW3atGnOrm
194=dIFQbCqGejkVWcklJwBQKeVdOvaUQdWBkJ1rNt1bFryJ9VzqdeJ9wBQAEAHo5zPpl/Rpx/
195=StaybsalaLuaYNizbN22buW8cdiybMWnZ+a/cuG6cNewa6yKVd63cEgGUBFIAAAPt6JloJ
196=FVxadlxKFewqBd07Br1LFr17Ftln1Idlw2eGE8TARAGUwlSABMAUMZ2bdvSC0D17VtoZVR
197=tC1YB18azq9sUBRIA0ABWB9ILQ/FmU3UtW7evnnjw33Bm1nqxn68HawfWB8D6cZ+58R9XB
198=RIKjAIAEwWSABILUgYoBYGfGU/g2M5lHxKRBEJvZxgoIVNmX9KwJxhVAMD1rFs1rFrXAJM
199=AUhFWAEDxppOxplOQBNUJ1xHJyQFUC9UA6QjQBBQPrQSVDBYLlw+SABQF1QYA5uQUqeUV4
200=AfB22LajiVe0WbgEtYAUAET0PZs2xMEAnXsWzftWvdtm+2omW8AkAWSC2kF0wEUBFYClQ5
201=SAkIzatnwJxa0a1o1LBJFW1LV8CeZEAKBpqASpNhOa92P1hYSCpIAE9Ys6BiSCSsE1hSSC
202=pIVEgnWxmaj1JYAVAUXBdbFs+talBcUE1cVid0BkATS1Tctm5UJ1wCU0rQql9UNi2cBbwU
203=TBZAIkgnQChQBUgABpJoPbyBRM2mXFBNCbF+RY50RW9ZPZZ5QkhLBt23bsOiaMGfZExMBr
204=qWVZh5R9CtZVgQKiQFWAG0IVAjJyQFQBYqLwC+pWZAMVQ2UCNUJAaSdE+DZkh+aEJYIgPD
205=ombQrWpYSUxDJ4QCVCpIAExYXAhMELcV3rVrQARYAVARRB0Jy6llyKRg0KxozqtnRDKsBF
206=xZUCy3h4BXLlACWAFIAFCASDxYAVQeSABMYUArWC5IckxeQChQF0QUSCesBFxZeCtSg7Vt
207=WBZUM0gAQFhID1wCWFtYMVxfkAVRmGwwqAVYGUAWXBSNBGxUAEAHSAZLk8WYTa9Vn3RGJ5
208=wLTFtYKA+cg09/aDuYeUiykU+9m1TWs2dcQVwCalqfVlxBQD2vTKOSVkQpW6CZkU9MAVwL
209=WARIAFQbSCStBMxwqgRcf1s0jGg7WEZMo0AEXFlQHUQpSABQQUgASC20FUxYXAiIAEAWCm
210=zUsmy8mVnHo2DQrWiQAmQdXAtAJUgGVDNHjJh9SEOIfWM5XAInjABER1hGpzugkFVAWLwO
211=T2fbtm5IAFB0QChER1gEVEtYIkRKpCxIA0BhWAFAH0wECcGkZXdmPaiJVM2saHAFnLlULU
212=wcUEdMalgHJ5QTUFlIAEQRQDQD375xy6JYSAwntAJfXNOaUpAUBGzKlFC8k1FIA0sexKFa
213=SDNQDlBBUA5IM7xBVAwnCABQHVQYS7HQqmCkOEOOyqJYXBoMzqtly6RYyqNXsIRMmXtJvA
214=tEL1grSABYK0gAQAFQbpFBbEQXWFVABFwUTGRYCkwBA8SgXdKwarQ2TKxQCEQLRDVQelQb
215=tH5EHUC1D5l+SIFeMqN7QcSgWMOXTsKZTkRHUHdQSlBWXFxADbwIWFtMB6wNVD9U4VCYUA
216=W0h1wLSABEpAziwnzApWLFp2F/ZjxpUzhIgQOdbD54XjhIrgOSdUWHbD5cFEAHSBJAAYgA
217=uUBtUCZAN7QhUCZQU0BeRB2sQ0QFWCigKEQgoAG0AFguoAEwFAC0FVgKVNu0LVCSSOFAc0
218=ANXCwGpXpG0K5o07JuXgvYtFQAcBFUckBYSGNYJUgASBVQelgcSKtcCFgBUAVoAAWybcaj
219=YMilYkDrTAevZ7qlZUBSSABAT24Es21YakQUTAEJro1Mu5dNqIBCwphOTBBJCdx1gWxQHU
220=CaSO1IBlAFtC1MvlyMMAgAUIZQuUgtVDlQTVARUAtAAUxnQAG8DgAGzZdVg2I51JNLpXE9
221=e2E7mYBOwZpXtXlBUFlIAEQRXFm8U1xZVCpQLEgqSABAAUgAQAFIADAwBTNEAFhDXFBIA1
222=g3RG5IbHYtsWxIRVCnRCNILUgAR8jMqFxUFVgNWIVLBrWiZKymUCBIbwa+nGDCoWHDoWNM
223=BLQ2XKRXKv8AAKgAUIakJk9nppRXWARAGUhdWDSsAVc2xqVoIZghU1a3k0pAWEArVEhYWF
224=idWAFAAawKvAW0LSeEBSOZJoMnOAAnIABAIkgAQCJEQUxttDxcDkAcR2i5l2BXAMKwjqwK
225=SBLgAUBJSAAiaCFIHlhJUFlQCCe0AlgBWApcJjMIALARM2gAUAJUD1w4VCpMWFzyRC9YAU
226=ABRC9AQ6AQWENAZ7xBTKYnxwS8m2JIJKwESL1cBawTsCwnFABEibQzXEpUMLwFQDpARqwB
227=QD0nLABUfieEBUQgSC1YW0g/TG0nJBFcCCdIBSogAEwiJzgATAFYSb8LxLabSJkDvbKewa
228=+MUIxcFAbIsYW5qo/Gso1QAqwEVB5IAEQOXz7DoWQh8CxUBkw0A7+1o7ixpUQFVAZQLFgK
229=SABcJqwBQAE5CAADw6Jnu5tjQAQG3Lhw5sN76MR9UCwnFANELCe0BVwOJ2QETAEn5AJMAU
230=xbUBdYNFxNRHpbAZySUlywQBBYBFBfXyzJp2NAdkIEo5Fk2qQaTAcnVAVIA0wHvAJMAUQs
231=vFlMBFgrSANYB4haIrguWEl4ASYkIETmVCqsB0ABKggAR1DDr4hQI0QyQCUGt7Cfsqqbv7
232=CWVPm/BbCeYFBESB5bN7uulrAClAB8WUgDXEdAB0QsQAdYBwO7tKjDuKJcTVQbSABILUgA
233=QCg/CABUNpgKCmzYsm3SqmTatG7XsmxQDnQbI6QwUIYnEAFUHgAP1bJtz61ozKllyqhkvZ
234=paso1QpoJFw6BexaNhtZFRyaRhRymllFakL1SBXwW/m1lLtNSxa3Jct3BAWH0Is0AZSQBs
235=VCdEREAiSHtUiic0B1xZXAJqBrVrSANEMkwrSDBMB0xqpDhMBFSWQNlTU9CtakAZIjkhny
236=JMLlQtUINMDVtVtKeRrHlMJUAlWCVAAVAvULxgSQXActCqYMyiWaQ7UFlIAFQMVAkC07Jv
237=sqxoM7gHtwCzqp5AE0gtRCxILUgAQAFIACeUBCogAFwCJ7QCTwqKajlUGETFTAEnmwDGmk
238=5EDic4ACogAFjiXAVUHgPIo1/En1ussgy7lVO2klStiUuqhUjBnl0nFAYJu5dYwJ5ct5RU
239=r4pMQC4F0rBq1LFs1bIi1CdcVkCCSC1cvFwaiQBsUCO0KrwRSCq8AlgEXHesAUhaQAFYB0
240=gtWLhMAVOStqJjIZAmUH2kL0+vxrGIVCq8I7QARCxcWUQvWyXQsnhcHUwcWAdAAUgJoAGU
241=AGxAUwK7qYa8+wO1rJ23rp1YUlhnRF8qJAJILUgASCqoJKxDrAG0AF9EdWE8SL1U20gAsA
242=K8EawBPBQAUFCky0CFTBOkHQLJo2HMp2DiUBS0MEgDTwHLp2IhqDKnMtOwaifcCkgDQEmn
243=JuLBeUQsvAVEL0AWrMFMBFg6vFNULUjqpH1U4X5us21UA1wCXGi8v18Ft6JlrGpAUieoBV
244=AsWCtUUUgAX1zPqGBc0UB2XHdQDqwQWC5IAEQIRAIkzClf+7yyoFgBUAJELFA4rAFI9lwI
245=pCxQLFQhvwXJp2VEF0AxWHlELAa4kFaBYDmIYzhIYDw8BTl0AER9VOGkNVhPRx2hlVEh2E
246=dYtVACrBBMBEkwmyMXP6OSVlwCpCZYFmgbI1xFTAFULbRFUBdcJqwEUEdAFqRKTARYglhV
247=TNNA4kBhSAZQWVgZVDNMqVCwWIVADawBXNdcI6+7va6RTApIY1zFTCV4hSP8OEzQSAaoAE
248=gJoCiUANxZOSwAWD2RQW8nVAVQCye8AFARJy8Av41LIfQxXBpILUQyWCJIAEABQCtAAUgA
249=rAFENaTmRHEnpAOJDG6sBFgEQAFAkUgqKnwWVHuMByI3QJmRT0ATiA9khkABXA5IAFR1RC
250=C8Vk9SvZ1jIdIxw6EiZExYDVgEWCtYr0ABUAVIAEwBJ0QJTAdENUhaWC5MUlBcUC9QCEsG
251=yLGFSBVECFwUTAekNawBWAFABEQsQAEkzTjjI5BNWAFcArQASKKAASABtAWYBMQaJywAKq
252=cDjnM+J1wAJ0QGpCZYAUgkrAG8SkREJ3cDxKRmQE9IHlQzVI1ELEgAUAVIAEABSABAAUAu
253=RIO/RLubY1BQWAdIJEAfSABAK0AZVANAEEwBQGFQI0gtrA1MAVQtSABADWlXsyXESVxxXA
254=5ICZECbDaEBWotmE1QCCrMAkwNQFtYDYQpWCJAKEkAbEcs48J7Kl8A////mAF0A1QYJywA
255=gAdQAkgAWAdIAEABSABAAUgAQAFIAEABSABAAUgAQAEKbJJ0T8imXrN8R4JsQzYcAVR1iA
256=N8BYABzAcqLAAnjABEd0gzWAFAAUSSQAGYBGTaWDHNAbJECKgAbAonjABIBlgrrARQI0AB
257=UIBIAFd4vpxgIVglWKBMHEABSANAAVQnJywAWAGQAlgKbApELJgBLiwAkAJsBETsJywALe
258=wABtWzbdWzbdWzbBEAAA==

[AITriggerTypesEnable]
043F40BC-G=yes
043F521C-G=yes
043F874C-G=yes
044082BC-G=yes
05C504DC-G=yes
05C5392C-G=yes
05C56EDC-G=yes
05FC088C-G=yes
05FC0C9C-G=yes
05FC13EC-G=yes
05FC1A8C-G=yes
05FC1C5C-G=yes
05FC333C-G=yes
05FC37CC-G=yes
05FC3C9C-G=yes
05FC50EC-G=yes
05FC747C-G=yes
05FC75CC-G=yes
05FFA7DC-G=yes
05FFB18C-G=yes
06002BFC-G=yes
0611A1EC-G=yes
0611A33C-G=yes
0612B11C-G=yes
0612CD8C-G=yes
0612EAEC-G=yes
0612F46C-G=yes
0612F9AC-G=yes
0616004C-G=yes
06C551AC-G=yes
078F4B2C-G=yes
07C0372C-G=yes
07C04C7C-G=yes
07C04EDC-G=yes
07C0B14C-G=yes
07C30A5C-G=yes
07C310BC-G=yes
07C3266C-G=yes
07C329FC-G=yes
07C330CC-G=yes
07C33DDC-G=yes
07C4853C-G=yes
08A3EEDC-G=yes
08B902EC-G=yes
08B90B1C-G=yes
08B911BC-G=yes
08B9154C-G=yes
08B9213C-G=yes
08B9305C-G=yes
08B9356C-G=yes
08B940EC-G=yes
08B9423C-G=yes
08B9483C-G=yes
08B9586C-G=yes
08B9641C-G=yes
08B9708C-G=yes
08B9767C-G=yes
08B97C6C-G=yes
0A31295C-G=yes
0A44F17C-G=yes
0A44F2CC-G=yes
0A452C6C-G=yes
0A452E5C-G=yes
0AA845AC-G=yes
0AA846FC-G=yes
0ABC484C-G=yes
0AD2BAEC-G=yes
0C0C7AEC-G=yes
0C0D184C-G=yes
0C0D251C-G=yes
0C1245AC-G=yes
0C1246FC-G=yes
0C32599C-G=yes
0C32D84C-G=yes
0C87B45C-G=yes
0C87B99C-G=yes
0C87E5AC-G=yes
0C8B81BC-G=yes
0C8BC5AC-G=yes
0C8C2AEC-G=yes
0C8C2C3C-G=yes
0C8C430C-G=yes
0C8C4C3C-G=yes
0C8C51BC-G=yes
0C8C56FC-G=yes
0C8C645C-G=yes
0C8C6EDC-G=yes
0C8C71BC-G=yes
0C8E2C3C-G=yes
0C8EE1BC-G=yes
0C8EEAEC-G=yes
0C8EEEDC-G=yes
0C91D45C-G=yes
0C92C1BC-G=yes
0C92C45C-G=yes
0C955AEC-G=yes
0C955C3C-G=yes
0C9561BC-G=yes
0C9565AC-G=yes
0C96F45C-G=yes
0C96F5AC-G=yes
0CA1F84C-G=yes
0CA24D8C-G=yes
0CA2A04C-G=yes
0CA2B06C-G=yes
0CA2FEDC-G=yes
0CA5945C-G=yes
0CA6621C-G=yes
0CA6AEDC-G=yes
0CAD0B2C-G=yes
0CAD0C7C-G=yes
0CAD0DCC-G=yes
0CAD130C-G=yes
0CAD145C-G=yes
0CAD25AC-G=yes
0CAD2AEC-G=yes
0CAD2C3C-G=yes
0CAD5AEC-G=yes
0CADD99C-G=yes
0CADDEDC-G=yes
0CB29EDC-G=yes
0CB2CEDC-G=yes
0CDF899C-G=yes
0CDF8D8C-G=yes
0CDF8EDC-G=yes
0CE2395C-G=yes
0CE23AAC-G=yes
0CE26B5C-G=yes
0CE26CAC-G=yes
0CE2E8DC-G=yes
0CE2EA2C-G=yes
0CE44D0C-G=yes
0D022B1C-G=yes
0D052AEC-G=yes
0D0803CC-G=yes
0D08461C-G=yes
0D0848BC-G=yes
0D084A0C-G=yes
0D084B5C-G=yes
0D0873DC-G=yes
0D087D8C-G=yes
0D0B3B9C-G=yes
0D2769BC-G=yes
0D2C41EC-G=yes
0D2C448C-G=yes
0D2C45DC-G=yes
0D53099C-G=yes
0D53430C-G=yes
0D535EDC-G=yes
0D62145C-G=yes
0D6215AC-G=yes
0D6216FC-G=yes
0D62199C-G=yes
0ECCB2BC-G=yes
0ECCB40C-G=yes
0ECCB55C-G=yes
0ECCB7FC-G=yes
0ECCBC3C-G=yes
0ECCF14C-G=yes
0ECCF29C-G=yes
0ECCF68C-G=yes
0ECCFA7C-G=yes
0ECCFCAC-G=yes

[Actions]
0AB231CC=8,99,7,_Amb_WindPlains,0,0,0,0,AA,99,7,_Amb_WindPlains,0,0,0,0,AB,99,7,_Amb_WindPlains,0,0,0,0,AC,99,7,_Amb_WindPlains,0,0,0,0,AD,99,7,_Amb_WindPlains,0,0,0,0,AE,99,7,_Amb_WindPlains,0,0,0,0,AF,99,7,_Amb_WindPlains,0,0,0,0,AG,99,7,_Amb_WindPlains,0,0,0,0,AH

[Africans]
IQ=0
Edge=North
Color=DarkRed
Allies=Africans
Country=Africans
Credits=0
NodeCount=0
TechLevel=1
PercentBuilt=0
PlayerControl=no

[Alliance]
IQ=0
Edge=North
Color=Gold
Allies=Alliance
Country=Alliance
Credits=0
NodeCount=0
TechLevel=1
PercentBuilt=0
PlayerControl=no

[Americans]
IQ=0
Edge=North
Color=Gold
Allies=Americans
Country=Americans
Credits=0
NodeCount=0
TechLevel=0
PercentBuilt=0
PlayerControl=yes

[Arabs]
IQ=0
Edge=North
Color=DarkRed
Allies=Arabs
Country=Arabs
Credits=0
NodeCount=0
TechLevel=1
PercentBuilt=0
PlayerControl=no

[Basic]
Name=[YRR 3.1] [4] Dry Heat LE
Theme=No theme
Author=Westwood & FReQuEnZy
Percent=0
GameMode=standard, meatgrind, teamgame
InitTime=10000
Official=no
EndOfGame=no
FreeRadar=no
MaxPlayer=4
MinPlayer=2
SkipScore=no
TrainCrate=no
TruckCrate=no
OneTimeOnly=no
CarryOverCap=0
NewINIFormat=4
NextScenario=
SkipMapSelect=no
AltNextScenario=
MultiplayerOnly=1
IceGrowthEnabled=no
VeinGrowthEnabled=no
TiberiumGrowthEnabled=yes
IgnoreGlobalAITriggers=no
TiberiumDeathToVisceroid=no

[British]
IQ=0
Edge=North
Color=Gold
Allies=British
Country=British
Credits=0
NodeCount=0
TechLevel=1
PercentBuilt=0
PlayerControl=no

[Confederation]
IQ=0
Edge=North
Color=DarkRed
Allies=Confederation
Country=Confederation
Credits=0
NodeCount=0
TechLevel=1
PercentBuilt=0
PlayerControl=no

[Events]
0AB231CC=1,13,0,0

[French]
IQ=0
Edge=North
Color=Gold
Allies=French
Country=French
Credits=0
NodeCount=0
TechLevel=1
PercentBuilt=0
PlayerControl=no

[GDI]
IQ=0
Edge=North
Color=Gold
Allies=GDI
Country=GDI
Credits=0
NodeCount=0
TechLevel=1
PercentBuilt=0
PlayerControl=no

[Germans]
IQ=0
Edge=North
Color=Gold
Allies=Germans
Country=Germans
Credits=0
NodeCount=0
TechLevel=1
PercentBuilt=0
PlayerControl=no

[Houses]
0=Americans
1=Alliance
2=French
3=Germans
4=British
5=Africans
6=Arabs
7=Confederation
8=Russians
9=YuriCountry
10=GDI
11=Nod
12=Neutral
13=Special

[IsoMapPack5]
1=SQ8AIAk8AAEA//8AAAACADtMAAH//wAAWQA8TADJAT0oKAABOgADANUCOygpADwoKQA9KC
2=kAPigrADkABPkGOkoB1wGJDDtJAc+pATxJAdWpAT1JASFcA1EOPkkBHqkBPygrADgABfEJ
3=OSgpADpJAdqlCDtJAdCpATxJAbqpAT1JAR2xCT5IAYsMAwA/SAGLDAMAQEkBImAEAgMANw
4=AG6Qw4KCkAOUkB3bEJOkgB3Qo7SQHctQI8SQG9qQE9SAEntgEGAIgBdQ0GYQwAURlAQQQf
5=cwEDAEHoAQICADYAB+EPNygpADhIAcEPOUkBuKkMOkkB9qkBO0kBsqkBPEkBkqkBPUgBgw
6=8CAD5JASS1DT9JASCpAUBJASOpAUFIAZsRAgBCSAFwAkMwNQAI+RE2KCkANygpADgoKQA5
7=SQG7oQ86SQGzqQE7KCkAPEgB0RQ9SAGYEWYTCACZEQJPMQgAKGUPAk0xCGEBAElIQUwFJ2
8=cCCADbvQpDVQLRqwE0AAnxFDUoKQA2KCkAN0gBmz0CADhIAZs9AgA5KCkAOigpADtIAZNA
9=AgA8SAEnNwcJAI61DT5VAr6pAT9IAdUYQEgB1RhBSAGQKmYpCQDNMUNUAtlTREgByxczAA
10=rpFzQoKQA1KCkANkgByRc3SQElcCJ2GAoAlQIDVhgKAIMaAwA6QASJFwNfeAoAJq0FPPcC
11=AgA9SQGPqRc+SQGKqQE/SAHFSkBIAcU0QUgBYAhRQEJIAcUeQ0gBwRpESAHBGkVIAcMaMg
12=AL4RozKCkANCgpADVIAd0KNkgB2VM3SAGVAgNFNAv1ZTlUApUNBE4bCwCQQG4bCwCRYQNE
13=NNQCbhsLANUYPlkGsO4bCwDJZEBUAskBQUgB2RxCSAHBO0NIAcl6REgB1QJFSAHZHEZIAd
14=scMQAM+RwyKCkAMygpADQoKQA1SAGMG3Z7DADBRjdUAs1dOEgBlAJ1OQywYXY5DACYSGce
15=DAAnaAhsUtQCZx4MALe5HD5ECM0bPygpAEAoKQBBSQGxrQVCSQGRqQFDSAHBXERJAYu1Ak
16=VJAYapAUZIAdEfR0gB0B8CMAANAEh7EQYAMcgBAQEGADJJAUW1AjPIAQEBAgA0SAHdxTUo
17=KQA2SAFoBVFLN0gBkB91Wg2wH21zDeWBOkAE2T07SAGQQH8gDQC8sRQ9VALRHz5IAd2OP0
18=gB1QJAKCkAQSgpAEJIAdFAQ0kBkLEJREkBgqkBRSgpAEZIAckiR0kB1qEESEgByyIvAA6/
19=QQYAMCgpADEoKQAyKCkAM0gBYiUEBlYjDgBoAQEFAgA1VALBJTYoKQA3SQGMtQ04SAHNED
20=lIAc0mOkgB3Y47SAGARnUjDvmVPVQCzTw+SAHVWj9IAc1HQEgBzSZBSAHNJkJJAbWhD0NJ
21=AdmpAURIASeXCA4Ah7UCRlUCiakBR0gBJ3YEDgDR8ElUAts9LgAP4SUvKCkAMCgpADEoKQ
22=AySAGbBgYAM0kBQWwBbSYPQ+YAAAFsJtAJZGsnKQA3TAXRFDhJAYWlEzlIAcnHOkgBJdkh
23=O0gByTg8SAHdYj1IAcUePkgB1QI/SAHFKUBIAYOTAgBBSAHVAkJIASVlI0NIAdEfREgBxQ
24=hFSAHBBEZIAc0QR0kBzbEUSEgB2QZJSAFgHklkSigrAC0AEPknLigpAC8oKQAwKCkAMUgB
25=hAhtcxCFAQBlKRBPFgAAAmQpqQEDZCncCmQpJykAN0QI3cU4SAHZPTlIAcnHOkgB2T07SA
26=HVGDxIAc0bPUgB1QI+SAHVAj8oKQBAKCkAQSgpAEJIAdkGQygpAERIAcUIRUgBwQRGKCkA
27=RygpAEhIASckBdMfAgBKVAKDIQIASygrACwAEfEqLSgpAC4oKQAvKCkAMEgBhAhtnxGEAV
28=EqMihVADNJAVh8An8rEQBHqQE1VAJoAV2kNkkBSbUCN8gBVQI4SQFGtQI5yAFBXDpIASd+
29=BREAxR48VALJAT0oKQA+KCkAPygpAEAoKQBBKCkAQigpAEMoKQBEKCkARSgpAEYoKQBHKC
30=kASEgBJ3wF3CB8KycpAEtABHwZXVdMSQFWbAECBgArABLpLSwoKQAtKCkALigpAC8oKQAw
31=SAFgCEktMSgpADJIAYh6dloSAJx4dS4SiAVNBTVABJenBgA2SQGEc2wGADdIAZ9XBgA4SQ
32=FAdwUGADnIAZYuEgDV3jtVAtJ4Bm2qEuEwPVQCwTA+KCkAPygpAEAoKQBBKCkAQigpAEMo
33=KQBEKCkARSgpAEYoKQBHKCkASEkB1LkRSUgBZRcAdC7EHnRaJykATEEEVWcEBgBNSAFkAU
34=siKgAT4TArKCkALCgpAC0oKQAuSAHZBi8oKQAwKCkAMUgB3SsySAHRKjNJAdhwFG4xEwCB
35=6wZd2xO8xW4xEwCUsm0xE4QMRRM4WQZAUAFBkznIAUGTOkgBhwgCADtIAcHgPEgB3WI9SA
36=EnLQYT5TQ/KFUAQCgpAEEoKQBCKCkAQygpAEQoKQBFKCkARigpAEdIAcEwSEgBWBVGqQBJ
37=KCkASigpAEsoKQBMSAFsMUF9TUgBmwYGAE4oKwApABT5MiooKQArKCkALCgpAC1IAcUILi
38=gpAC8oKQAwSAGMJm6UFACI82/AFACTfAZ2ZRQAmCdnNBQA07E1NVgGzWg2SAGAv2Y0FACU
39=LnZlFADJmzlBBEWxCTrIAUFnO0gByd08SAGIDCKdKhT5Mj5UAtE1PygpAEAoKQBBKCkAQi
40=gpAEMoKQBEKCkARSgpAEZIAdWRR0gBYBMBAAIASCgpAEkoKQBKKCkASygpAExJAVBcBoU0
41=FEABSABkNCcpAE9ABE0CAEdVKAAV8TUpKCkAKigpACsoKQAsSAHZBi0oKQAuKCkAL0gBI1
42=AmIuUoFSR0O302FfkyMkAElN5+NhUAlE99NhUkhCdlaxX1OTZMBck4N0gBIxQkfzYVAIit
43=PDlUAtU5OkgBajgEBkVrFSYZKjxUAs2fPUgB0TU+KCkAPygpAEAoKQBBKCkAQigpAEMoKQ
44=BEKCkARSgpAEZIASfdBhWcJJw2JykASUAEmAJ3nBUATEwBRTRLVAJwNUmFTMkBA3ScJ0kE
45=TlQCI88wBgBPSAFUBn02UCgrACcAFuk4KCgpACkoKQAqKCkAK0gBxQgsKCkALUgBI48oBg
46=AuSQGPZwQGAC9oAaktMEgBxc4xSAHRozJIAdGjM0gB1ac0SAHZdDVIAYAwfaQWJAQtdnAW
47=AIRrdjkWAMEPOU0FjbUNOkkBQa0QO8kBAW3WFmwCbZQ9VALBcj5IAcE7PygpAEAoKQBBKC
48=kAQigpAEMoKQBEKCkARSgpAEZIAZtTAgBHSAGED3RwJw0CSVQCaDhdNkrIAV02S0gB3SBM
49=SAHFVU1IASMgNnVwFumQT1QCyf5QSAEjx1AGAFFIAZQNAgYAJgAX4TsnKCkAKCgpACkoKQ
50=AqSAHZBisoKQAsSAHJDC1IAYAabzwXAIxwBW88FwCHqQEwQATZMjFIAdkGMkgBlFpldhf9
51=NjRUAt02NUgBYAhNiTZIAZgybjwXAMF9OFQCxQg5SAHJDDpJAUFcBlknO8gBReQ8SAElUT
52=E9SAHBOz4oKQA/KCkAQCgpAEEoKQBCKCkAQygpAEQoKQBFSAGbEQIARkgBmJVtPBdQEUgA
53=bzwXAGtCUQECTOGoAVEUSkwF3dBLSAHBXExIAVAGYXJNSAHNlE5IASN8MWZ2FwDBZ1BUAt
54=mVUUgByXpSSAHHCCUAGPk9JigpACcoKQAoKCkAKUgB2QYqKCkAK0gB3QosSAHBBC1IAZgc
55=Zz8YAJB4Amc/GACIqQEwQQSFqQExSQGLqQEySAHRdzNIAdU5NEgBmDJttRjtPDYoVQA3KC
56=kAOCgpADlIAdG5OkkBRKkMO8gBSS08SAGUDW3sGCiMHScpAD9ABIAPIjxVJ1UAQShVAEIo
57=KQBDKCkARCgpAEVIASflBxioWWU/GJk9BGQ/qQEFZD+oAQEGBQBKWAZ8QQEHBQBLSAHRo0
58=xIAd1BTUgB3UFOSAHBME9IAd1BUEgB2X9RSQGGUEtVZVJIAc0FU0gBZCJXAiQAGfFAJSgp
59=ACYoKQAnKCkAKEgB2QYpSAGDZwYAKkgBzYkrSAHBBCxIAcGTLUkBh60QLkgB2VMvSAHFEz
60=BJAZJ8Bm33GeG0MlQCcAJRFDNIAcF9NEgBmDJ9QRm8NnS9JykANyiBADgoKQA5SAGPMQYA
61=OkgB3Qo7SQFETAFZ+DzIAU0xPUgBlA0ifF3cCiJ8XScpAEBABIwQIgRDJ1UAQihVAEMoKQ
62=BEKCkARUgBjBBlgRlYDkgAfkEZAHk9CHxBqgEJA0SBqgEKBFxBqQELfUEZ4alMUAnNaE1I
63=Ac2qTkgB1URPSAHVLlBIASc9CBkmJTFSVALBMFNIAclDVEgBXBJnjCMAGulDJCgpACUoKQ
64=AmKCkAJygpAChIAclDKUgBhB51RBqYClU5K1QC0RQsSAElNTMtSAHJvC5JAYuhRi9IAdUY
65=MEgBJSEgMUgBkHciZS4a8YIzVAKYMiKFJxrpQzUoVQA2KCkANygpADgoKQA5KCkAOkgBwY
66=g7SQFAcxcGADzIAUGIPUgBJ5YIGgAloTs/VAKMEHSGzBB0RCcpAEIogQBDKCkARCgpAEVI
67=AZzmdUQaJKRidkQaACX9YkhABCPkX3VEGiS4X3dEGgDfbCZ1RBrxrkxMBdGuTUkBhrUYTk
68=gBxTRPSAHZHFBIAdHlUUgBzTFSSAElmSRTSAEjl1UGAFRIAcEEVUgBeApDOyIAG+FGIygp
69=ACQoKQAlKCkAJigpACdIAcUIKEgBkyoGAClIASftCBucA0kMK1QCxVUsSAHdFS1IASVhKC
70=5IAdUCL0gB0RQwSAGICGSMJzEBMlQC1Q0zSAGIOG1HGyjsCCcpADZABIA7IqwhJ1UAOChV
71=ADkoKQA6SAHJFztIAWxHRfo8yQEDZs4bACXVcz5UApDlZYwbJulEQFQClA1sR9QNIkRsJy
72=kAQyiBAERIAcFGRUgBI2hrbUcb4UZH9wIDAEhIAZhIbUcbKO0IGyRkZW9HGwDouUhMTAUj
73=k2UFAE1IAcG0TkgByW9PSAHNJlBIASUlPFFIAdEfUkgB3XhTSAHRd1RIAdUuVUgB1U9WSA
74=HHNCEAHPlIIigpACMoKQAkKCkAJSgpACZIAcUIJygpAChIAdUNKUgB3RUqSAHBDytIAdkG
75=LCgpAC1IAdkGLkgBJTEiL0gBxAgFMAAcANMBAAARAABHEAAgCAAGADEAHADPAQAASAECMg
76=AcANCpATNIAUwCdQI0SQHWtQI1SQHNqQE2KCkANygpADgoKQA5KCkAOkgB3Qo7SQE/YwsG
77=ADzIAQEBAgA9SQGMfwoCAD5JAYepAT9JAYqpAUBIAY8QAgBBSAGPEAIAQigpAENIAYsMAg
78=BESAFkDAEAAgBFSQHgpQhGSAGXAgMAR0gBlwIDAEhJAd1jBAQASUkBJGcEBABKSQHntQJL
79=SQEotQJMSQHfdwIFAE1JAdlrAQYATkgBfAMBAAYAT0kBj28BBgBQSAFkAVUCUUkB2K0FUk
80=kBkakBU0kB16kBVEgBgxoGAFVJAdS1AlZIAcUIVygoAAMgAB0A//9fAgYAISgpACJIAdEJ
81=I0gB1TkkSQHRsQklSAFQBnU5JigpACcoKQAoSAHRFClIAc0FKkgBly4GACtIAd0KLCgpAC
82=1JAdKpDC5IAYMwBgAvSQGQtQIwSAGIOH9MHQDatQIyVALZBjNJAdO1AjRIAd0gNUgBwQQ2
83=SAHVAjcoKQA4KCkAOSgpADpIAdknO0gBfUwCfkwdAGkBA35MHQCAMH9MHQDbYQ8CUgMdAI
84=8bAgBAWAaUDX5MHQDJAUIoVQBDKCkAREgBnCt+TB0Aj0cCAEZUAoFGAlxM1AJ+TB0AlQID
85=XEzAD39MHQDVbxAEAEtZBt6pAUxJAd9oAX5MHQDZMk5VApF8Mn9MHQCGqQFQVAJkAZxMJ3
86=0FUlQC0SpTSAGXGAYAVEgB1SNVSAGfbQYAVkkBhncNBgBXSAGLIgYAWEgBjBsCBgAfAB7p
87=TiAoKQAhSAHJTiJIAckMIygpACRIAd1BJUgB0RQmSQGOtQ0nSAHVAihIAclDKUgByRcqSA
88=HdCisoKQAsSAHdCi1IAcUILkgBwSUvSAHVAjBIAZR7dk8eANknMlUCh2cEBgAzSAFkAVkn
89=NEkB3KUTNUgB1QI2SAHFYDdIAdkROEgB2VM5SAHRKjpIAc1zO0kBZ1EJAXZPHgBpAQJ1Tx
90=6YCkGTPkAEjAV2Tx4AiAx1Tx7pTkFABJQNdJwnVQBDKFUARCgpAEVIAZA1dU8e4VFHVAKJ
91=TgJVnB5cOUwPdU8eRIdIAXdPHgDhURQAd08eACVQAkkBTFgGJ/QJxBN1nB6kVXdPHgCMbA
92=V3nB4AhakBUVgGyQFSSQGLtQJTSAHZMlRIAXACSS1VSQGLYA93Tx4AgqkBV1QCwVFYSAHZ
93=BllIAdkGHkhRjCZtUh8oTgofAMFRIUAEjyYGACIoKQAjKCkAJCgpACVIAYtvBgAmSAHZES
94=dIAdmVKEgB0bkpSAHNECpIAZA1ZqIfANFALFQCJ0wKJ2UCLlQCxUovSQGiawgGADDJAQFv
95=Uh8AqLUCMlUCkKkBM0gBxSk0SAHFKTVIAc1zNkgBwQ83SAHVTzhJAY2lCDlIAcFcOkgBdE
96=8BBAUAO8oBBQVF7x+NUgZsUqkBB2SixCltUh/hUUBYBpAqZKInVQBCKFUAQygpAEQoKQBF
97=SAGEE21SH30SAFleR1QClJxtUh8oTArIAW1SH7lTBUeiHwDia0MFAExYBphTZqIfANEqTl
98=QCgAtuUh8A2SdQVQKIewIGAFFJAYqpAVJIAWQBVU9TSAHJOFRIAdFAVUkBj3QNbVIfKE8K
99=HwCJtQJYQAQnTArDGgYAWlQC3wodACDtUh4oKQAfSAHZUyBIAYQpbfcgvCtkVScpACNABM
100=E7JEgBmScGXnIgAM21JlUChbkRJ0gB3ZkoSAHFHilIAcFGKkgB3RUrSAHRFCxIAdEfLUgB
101=0R8uSQG4RgQCBk73IABpAQNmVSAAcFZJATFABGRVQQQyyAFVAjNJAZJYBlEqNEgBxa01SA
102=FwAlUCNkgB0RQ3SQGJewIGADhJAYOpATlIAcU0OkkBZ00bCGVVIJpTCQREVagBAQoDAD3B
103=BAtlVSAkKCFlVSC0cHSnJykAQUwFiC10p98rAgBDKFUAREgBhHZt9yBwEXlTRlQCI1gnb/
104=cgAGxZEQRkVaoBBQJP9yAAbVQCAQAFAEpMBWkBAWRVJ+UHTFQClwkGAE0oKQBOSQHSeAJk
105=VVAUSAFZf1DUAlEqUUkBplQCTSZSyAFBBFNIAc1dVEgBfANBBFVIAcGTVkgBIzgjbPfUGG
106=33IKPKBgBZQAQjZCNmVSAAk8QGAFtUAtEJHFRtzaodKCgAaMTUAnhxwUYgQASQKn1XISj9
107=CiEmzTAjQATFVSRJAYRgJX9XIQCCqQEmVAIjby8GACdIAcEEKEkBhqEEKUgBxRMqSAElTS
108=ArSAElTSAsSAHdYi1IAWRVAQUGAC7JAQZ9VyGeVwcGRq0hAJQ5Z60hAJVjCwYAMkwFaAFd
109=KzNJAcu1AjTIAVUCNcgBWTI2SQHQoQQ3yAFBBDhIAdleOUkBJ2MEBQA6SQEjqQE7SAGEhH
110=xXcNJYAn1XIUjNSAF/VyEA42QefFcnKQBAWQYiXANdpEFIAZQufFfILXxXJykAREAEjDF9
111=VyEm9SpGKFUAR0kBZLEJSMkBAX5XIQBwVk0bSlQCzTxLSAHFSkxIAdnMTUgBwUZOSAF9Vw
112=N+VyEAaQEEdP+oAUEwUUEEplQNXQpSyAFNBVNJAdlUAk0mVEgB3YNVSAEl/SBWSQGJQARV
113=WldIAcWXWEgBkB98V8QefFcnKQBbQATFE1xIAWAIRQgbUP7BGhwoKQAdKCkAHkgBybEfSA
114=GZJwZJYSLpWSEoVQAiSAGfgwYAI0gBxcMkSAHdVyVIAcmxJkgB2ScnaAFjOwYAKEgByccp
115=SAHJ8ypIAdH7K0gBxR4sSAFoWQEIBgAtyQEJdVoiiVkKdVoiJpEjMEAExRMxSAFoWVUuMs
116=gBVS4zSAF0WkkBNMgBUTU1yAFRNTZIAXRaWQY3yAFNBThIAclZOUgByVk6SAGXAgQAO0gB
117=lAJ1WiKoWXRaaCVLMAMAPkAEnysDAD9IAY/LAwBASQHmaCIi/SAioJN0WtQudVoi5bhETA
118=WYMnZaIgCAfSL8ICcpAEdBBEtQDVk9SMgBUUtJSQFRtQJKSAHFzktIAdnMTEgBJUEkTUgB
119=0UtOSAHRo09IAcWMUEgB1QJRSAHdTFJIAWhZRSlTyAFFKVTJAQYi5j4iANGCVlQCnCB1si
120=Ksc3SyxB50WicpAFpMBYQedLInVQBcVALBD11IAWgbRR4aSFHBXBsoKQAcKCkAHSgpAB5I
121=AdkcH0gByQwgSAElgSEhSAHVAiJIAdUCI0gB3SAkSAGIOGe4IwCNaDgirSwjJvEvJ0AE0X
122=coKCkAKUgB1S4qSAHR+ytJAbdYGElOLMgBSU4tSAF5Xg1sXYhLIoFCL1QCyRcwSAHRFDFI
123=AdkyMkgB1SMzSAFYCnkGNCgpADVIAdGYNkgB2QY3SAHZBjhJAeZjGgUAOUgBgJNmuCMAlA
124=JtXSMkcEBtXSMk5zMEAD1MBYAEbV0jJGA+bV0jVNlUECIEImAoiQFBTAWY121dI+lZQ1QC
125=iIUilErECGxd0B9sXScpAEdMBWxdTSZISAHB60lIASWFMkpIAd3bS0gBzapMSAElcUBNSA
126=HFKU5IAdWGT0gB2UhQSAGQFCKtLCP5oFJUAsElU0gBeF5VkVTIAVWRVckBCyKtLCMkJCZt
127=XSO8eGxdJzEBWUwFyThaKCkAWygpAFwoKQBdSAHBD15IAVwoYzsZACQmXS0aKCkAGygpAB
128=woKQAdSAHYBiIcPNEfH1QCjIl0vSOYRn0KIVQCJXUlIkgB2QYjKCkAJCgpACVIASWhJSZI
129=AcF9J0gB2QYoSAElXUMpSAHBBCpIAXheSYUryAEBBgYALMkBB3W9JP26LlQCxVUvSAHBcj
130=BIAdknMUgB1QIySAHVAjNIAcV2NEgB2Sc1SAHFEzZIAd0gN0gB3SA4SQEmZARkYHjaTAFl
131=YCS8umRg1AJlYCSgXHS9eIJMBWVgJCQgNmVgJKBnZWAkJJhFdb0kJHBAZmAkAIiFdr0kAJ
132=CCZWAkrEdlYCQkcCpkYMQ0Ig8uJABUUA1Nn0hcFcmQSUgBcAJVAkpIASWNM0tIASUFOExI
133=AYgMIgwuyAwiBUMkJp0qT0AEJwcMJACSZIFlYCS30wYAUkAE1WVTSAHVDVRIAXFhDna9JA
134=BpAQ9nYCQA2EQEXdBXQATdClhIAdUuWUgB3TZaSAHdNltIAdUCXEgB1QJdKCkAXkgB1Tlf
135=SAFEDHNWGAAl8WEZKCkAGigpABsoKQAcSAHZBh0oKAAioEfZXh8oVQAgSAGYoCJtLyXpIi
136=JUAsGpI0gB2VMkKCkAJUgB0RQmSAHVDSdIASX9VyhIAScWJCUAcGEBCAYAKlQCaAFZiivI
137=AVmKLEgB1Q0tSAHJIi5IAc0xL0gB0WwwSAHVGDFIAcEPMkgB3UEzSAGHrQYANEgB1Zw1SA
138=HVZTZIAd0KN0gBxQg4SAHNqjlIAclkOkgBI2cuBQA7SAEnbC8iEElAB31iJahkIm4vJQAl
139=2U0/TAWECHxiIsAoTAV/YiUAjkUBAH1iJbjMfWIluMx8YiOtQwBBBEVECJgcfGInVQBHVA
140=J8YklOSEgBJe1KSUkBhqlZSkgBxR5LSAHdNkxIAdE1TUgBaBBNaE5IAcVVT0gBzQVQKCkA
141=UUgBzTFSKCkAU0gBJXkgVEgB0QlVSAFxYQR9YiWcYk2fV9QCTZ9YSAGAGiIWJCUAxTRaKF
142=UAW0gB1QJcSAHFE11IAc0QXigpAF9IAd0VYEgBzRsXSJjVcBgoKQAZKCkAGigpABtIASWp
143=JhxIAcUIHUgBwRoeKCkAH0gB0fAgSAHILSVMN2xzIkws2VMjQATIF2SqwX0lVALdryZIAc
144=0FJ0gB1Q0oSQGxTAFBOynIAVX/KkgBdWUNIs1RJiYtSCxUAiUhIC1IAdUNLkgB1VovSAEl
145=3TIwSAHNBTFIAdFsMkgB2REzSAEl/SA0SAElhTI1SAEl2Sw2SAHJDDdIAdUuOEgBxQg5SA
146=HVLjpJAWZgUXZlJgBpAQF0yKkBAnRlqQEDdGUlPGoiJTwm7WhARAgjHCR1ZSYkXC10ZZBp
147=fWJDQARcJGkBRCgpAEUoKQBGSQFPZwQGAEfIAVEqSEgBySJJSAHBk0pIAckXS0gB2RxMSA
148=HJTk1IAdWGTkgB1TlPSAHBBFAoKQBRSAHBBFJIAdUjU0gBdBFdbVRIAclOVUgByU5WSAFg
149=Z0WiV8gBRaJYyQELdWUmJoVTWlQCxTRbSAHJ3VxIAckXXUgBxRNeKCkAXygpAGBIAdVEYU
150=gBxRMWWC/dIBcoKQAYSAHFwxlIAcEEGkgB2QYbSAHRjRxIAcEPHUgBzSYeSAHJhR9IAcEw
151=IEgBJS09IUgBJS1IIkgBJVg9IlQtyIUi/CHIb3yszAV4Rck4J1gGYWcDIt49JwBoAUmQKd
152=QCSZAqSQGTYBZvaCcAkXhTIiUmJyb5JS1ABMkXLkgByTgvSAHNXTBIAdE1MUgBJZE5MkgB
153=I2cjBgAzSAEl5TM0SAElRVY1SAHFNDZIAcU0N0gBwTA4SAHRKjkoKQA6SAFhZwRtaCeNaA
154=Ui3F6pAQYi3F6pAQdsaCUgKmxoIlQ2XBxlzie4q2xoIwg/dWVCXAoJAAAAAAACAEMAJwAA
155=EQAAgxAAIAYAAAAAAgBEACdcAEgABAIARQAnAE1EAQEABgBGSQFPSAEBAgYAR0oBjgFPAQ
156=YASEkBj0QBQQRJSQHZtQJKSAFwAlUCS0kB2rUCTEkB0KkBTUgBwQROKCkAT0kB1qEEUEgB
157=zQVRSAHNBVJJAZFvAQYAU0kBh6kBVEgByQxVSQHUpQhWSAHRFFdJAdhMBQEOBgBYyAEBDw
158=YAWUkBslQCAQEGAFpJAZJIAV0VW0oB//9PAQYAXEgB2RFdSQHNvQpeKCkAXygpAGBIAd0V
159=YUgBXQcAUQliKCgAARUAKADdChYoKQAXKCkAGCgpABlJAdu1DRpJAdWpARtIAd0KHEkB2L
160=UCHUkBkKkBHkkBhqkBH0kB16kBIEgBxQghSQGLtQIiSQGCqQEjSQGEqQEkSQGHqQElSQGJ
161=qQEmSQGcZQ8GWhkoAGgBTSYoVQKxVAIBBwYAKcgBAQgGACpJAdpUAkEEK0gBRAF9ICxIAc
162=U0LUgBxTQuSAHBBC9IAcktMEgBwQQxSAHNJjJIAdFLM0gB0TU0SAHFCDUoKQA2SAHRCTdJ
163=AdK1GDhJAdGpATlIAd0KOkgB1UQ7SQFmQAQBCQYAPMgBAQoCAD1IAYsMAgA+SQGTbwECAD
164=9IAWQBAQACAEBJAYxvAQIAQUkBhakBQkkBi6kBQ0gBZAFNBUQoKQBFSQFVeAJkaydpCEdV
165=Ao1MEE1HSEgB2RxJSAHBGkpIAdU5S0gBYAhNBUxIAcEETUgB2RxOSAHZHE9IAcEEUEgBxV
166=VRSAHFCFJIAd0rU0gBgxoGAFRJAYlnBAYAVUgB3W1WSQGRsRRXSQHdqQFYSAF5aQNmaygA
167=aQEEZGuoAQEFBgBbQASYJ2ZrKADZEV1UAsU0XigpAF9IAd1tYCgpAGFJAc+1DWJIAdkcY0
168=gBbBRdIBRJUSVvAQUAFUgBZAFVAhZIAd0gFygpABhIAcEEGSgpABooKQAbSAHVcBxIAdEU
169=HUgBwQ8eSAHRNR9JAdylEyBJAYypASFIAdFsIigpACNIAcVrJEgB2XQlSAHdCiZIAXBsRa
170=0nyAFRKihIAd0VKUgBcGxdKyrIAV0rK8gBAQYGACxIAc0FLSgpAC5IAcEaL0gB0UAwSAHV
171=IzFIAdkRMkgBwQQzSAHBBDRIAd0KNSgpADZIAdWRN0gBwQQ4SAHJIjlIAc2UOkkBhbUjO0
172=kBWHAFf20pAEWpAT1UAmkBAX1tKW0CAEFnP1UCjXABf20pAIipAUFVAoqpAUJIAWQBTQVD
173=KCkARCgpAEVIAXxtQZNGSAHZEUdIAcGeSEkBiqUTSUgBwRpKSAGfCgYASygpAExIAd1XTU
174=gBxVVOSQHTpQhPSAHBRlBIAcEEUUgB3VdSSAHdK1NIAcF9VEgB1Q1VSAHVAlZIAdUCV0kB
175=t0wBSUNYyAFJQ1lIAXxtSbFayAFJsVtIAXTeRR5cSAHNMV1IAdlTXkgBxR5fSAHBGmBIAd
176=0VYSgpAGIoKQBjSAHFVWRIAVQRabwTSL/JARQoKQAVKCkAFkgBI18hBQAXSQEgcwUFABgo
177=KQAZKCkAGkkBKKEEG0gB0TUcSAHdFR1IAcEaHkgB0dofSQGIoTAgSAHBOyEoKQAiSAHVTy
178=NIAdFhJEgB0TUlSAHRzyZJAZdsEHbeKgBoAUUpKFQC3cUpSAF8A0WMKkgBYHJJxyvJAQp2
179=cCoAdAIBCwYALVQCJeEiLkgBwakvSAHdTDBIASUdJTFIAdHlMkgBzTEzSAHNRzQoKQA1SA
180=HJTjZIAdUYN0gBxTQ4SAHRFDlIAc21OkgBzSY7SAHNJjxIASX9ID1IAXRwRYw+yQEFdt4q
181=AIxSdXAqmApdbUFABI8BAgBCSAGXyAIAQ0gB1QJEKCkARUkBVngCdt4qAMEwR1QCzRtIKC
182=kASUgB0R9KSAHBBEsoKQBMSAHBBE1IAdlpTkgBwVxPSAHBRlBIAcFcUUgB2QZSSAHNJlNI
183=AcUpVEgB2SdVSAF4FU08VkgBaG9FrVfIAUWtWMgBSW9ZSAGQH3beKgBob1knW1QCaAFZBl
184=zIAVkGXUgByeheSAHFP19IAcU/YEgBxRNhSAHdFWIoKQBjSAHFHmRIAdEUZSgoAAISACsA
185=HXsCBQATSAFkAVUYFEkBJ2wBZuQrANVwFlUCI7UCF0gBmCducysAI2MoBQAZVAKLQwUAGk
186=kBJK0FG0gBxQgcKCkAHUgB0XceSAHZHB9IAdk9IEgB1TkhSAHJLSJIAc0FI0kBumsMBgAk
187=yAFJbyXIAU2fJsgBTZ8nSAFsc0kBKEgB3fEpSAHNMSpJAZKxgitIAWFyDm1zK41zD29zKw
188=DbVA1JDC5ABINcBgAvSAHFjDBJAY5ABFknMUgBZAFJATJIAdE1M0gB0TU0SAHZMjVIAc0F
189=NigpADdIAdkGOEgB0R85SAHVnDpIAc2UO0gBxQg8SAHVIz1JAUF7AgYAPskBAW1zK2wCce
190=VAVAKMASJEKidVAEJUAoRgbnMrAIMPAgBEVALNBUVJAVNsAW5zKwDVnEdUAt0VSEgBwVFJ
191=SAHFHkooKQBLSAHBBEwoKQBNSAHJIk5IAdUYT0gB2V5QSAHJDFFIAd2vUkgBdBFJLVMoKQ
192=BUSAHZMlVIAWBySd1WyAFdr1fIAV2vWEgByU5ZSAHFE1pIAZAfIkUqK5h0WQZcVAJ4dFkG
193=XcgBWbZeSQGQcxAGAF9IASUpLGBIAcW4YUgBkyoGAGJIAckMYygpAGRIAdmKZUgBJekuZk
194=gBeApPGxEALLt0BAASSAHFaxNIAcVrFEgBzXMVSAGbBgUAFigpABdIAZC5ZnYsACPAKWR2
195=JykAGkAEi7wFABtIAcl6HEgBkaMFXQ8sQG1HCwUAHlQCwQ8fSAHdeCBIAdkcIUgB1TkiSA
196=HJOCNIAWR2QZ4kyAFBniXIAUGeJsgBXaQnSAHNXShIASUpLClIAckMKkgBzSYrSAHRNSxI
197=AXh0SQwtyAFJDC7IAUkML0gBzewwSQGDXBldKzFIAdE1MkgBJSErM0gBfANBBDRIAdHwNU
198=gB1QI2SAHBiDdIAdUCOEgBxVU5SAHVOTpIAYMwBgA7SAGfpAYAPEgB2QY9SQFBTAFFlz7J
199=AQNldixMAkgAdOknKQBBQARMAn14QkgBiCJmdiwAlC5kdietAEVABGR2RZdGSAHNn0dIAY
200=QIInZGLADNG0lUAtUjSkgBI2w6Ik0rLCYhNkxUAsl6TUgByVlOSAHBME9IAdFhUEgB0WFR
201=SAHRCVJIAXBAUSpTyAFFE1TIAVEfVcgBTbVWSAFwdwENBgBXSAHFE1hIAdE1WUgBkB906d
202=AfZHbQHyIMOUwbXBxRuV1MBXB3UbleSQHcVAJBD19IASW9I2BIAcW4YUgB3QpiSAHZHGNI
203=Ad2OZEgBQAgiTStlKCkAZigpAGcoKwAQAC1QZ1cFAwAR6AF9eC1IAkgAZO8nKQAUQAROAg
204=AAZO8nVQAWKFUAF0kBj2DVfngtACP0Kn54LQCYwWbvLQCMUn54LQCDqQUAHFgG1QIdSAGY
205=tnx4J60AH1QCJSEgIEgB3VchSAHFHiJIAdXeI0gBaDhNqiTIAVGjJcgBUaMmSAGUDSJWLC
206=0A2X8oVALFrSlIAYRVIixI2RwGWZ0t4VEsQAScIGXvLYTvSQwuVAJ0e0kML8gBXa8wSAHJ
207=TjFJAYZ/BgYAMkgBJZk6M0gByYU0SAHVOTVIASWBITZIAdkRN0gBYAhZUzhIASM7OQYAOU
208=gB3Vc6SAGAMHx4wDB+eC0An6QGAD1BBEJoCGbvLQBpAQF8eNgcfHgnKQBBTAVpBQAiViwt
209=AJQufngtAJQuf3gtAGtYPUUIRUwFaAFJZEZIAc0QR0gBwQ9ISAHV3klIAZ8KBgBKSAHVLk
210=tIAZ8KBgBMSAHBBE1IAYMPBgBOSAHVe09IAdUjUCgpAFFIAcF9UkgBcEBFrVPIAUWtVMgB
211=Ra1VyAFRuVZIASVRR1dIAclDWEgBxUpZSAHNEFpIAc0QW0gBzRBcSAHBD11IAXB3XYNeyA
212=FNEF9IAd2DYEgB0UBhSAHdCmJIAc08Y0gB0R9kSAHVRGVIAdUNZkgB1Q1nSAHNBWgoKAAC
213=DwAuACF7AgMAEEkBJakBEUgBjGh1ey5sAn14E1QCjwEFABQoKQAVSAGc23b0LgCYwSLNOy
214=4kuDN2ey4AiMd1ey79eBpYBoCTdnsuAJwVdXsuoEZ29C4AiLx1ey67aQUAH1gGJdEgIEgB
215=wfYhSAGHEwYAIkkBvG8BBgAjyAFRoyRIAWw8Xa8lSAHBJSZIAcUpJ0gByW8oSAHJZClIAZ
216=AUdHvQFHV7LrTTIlwtUBS1DS1MBdG5LkgBdHtNtS/IAU21MEkB30wFWRExSAHBRjJIAc1d
217=M0gBXANpsTRIAcEPNUgB2Ug2SAHdFTdIAdVEOEgBI1hIdXsuJiErOlQCwQQ7SAHBGjxJAV
218=JsDHV7LlD2TwECAD5UAoCpdHvYPXR7JykAQUAERAW09CdVAENUAn14BHV7LpV7BSIMZagB
219=AQYFAEbABAEHBQBHSAHVZUhIASVNNklIASX5JUooKQBLKCkATEgBzTxNSAGMEHR7zxAGAE
220=9UAsElUEgBwSVRSAHdg1JIAWQ/SbxTyAFdr1TIAV2vVUgB3QpWKCkAV0gBJSkhWEgBwQRZ
221=KCkAWigpAFtIAc1zXEgBzRBdSAHJb15IAWB9QYhfyAFZEWBIAdFAYUgBJakmYkgBwRpjSA
222=GfYgYAZEgB1b1lKCkAZigpAGdIAc0FaEgBwQ9pSAHLFw4AL6/3AgAP6AFtfi+5fwRG+i8A
223=mH9tfi+UBk33E0wFjAFsfidVABUoVQAWSAGEuG1+LyYBPRhVAoZUvUUIGUgBnG1m+i8AlC
224=Ntfi+saG5+LwDBiB1MBdX/HkgBkCptfi8k/zYFACBUAoGTBVkWLyNsZl3bIlQCIgRZRWsj
225=SAF4f02qJEgBiRcGXRovJt0nJlQCjBBl+i+/jgYAKFQC2ScpSAHJLSpIAc0FK0gByW8sSA
226=HJhS1IASXhLS5IAdFsL0gBYH1RuTDIAUHKMcgBQcoySAHFEzMoKQA0SAHJTjVIAcEENkgB
227=3UE3SAGDqQYAOEgBjCZtfi8k8yQGADpUAsnoO0kBOmgIZfovRgMAAEXvPVQCI7RDbn4vAC
228=MvMgIAP1QCaAVN90AoKQBBKCkAQigpAENIAW1+CG1+L4x+AQkDAEXWAgoETH61Agtufi8A
229=yZtIQQQfbwwFAElIAZGNBUX6LyaFJ0soVQBMSAHNPE1IAcn+TkgBJekjT0gBzTFQSAF4Cl
230=FAUUkBw0wBUUBSyQECIt50LwB4f0G/VFQC0QlVSAHJZFZIAVQGca5XSAHJLVhIAd1BWSgp
231=AFpIAcEwW0gB2QZcKCkAXUgByTheSAElHUZfSQGpUAVZEWDIAQEDBgBhSAGcYiIuPS8AyU
232=5jVALJAWQoKQBlKCkAZigpAGcoKQBoSAHJImlIAVANYRpqKCsADQAwIbA7XwICAA5IAYB9
233=ZYEwsIJkgcgBZYEwQAVLAAUAEkwFQAG0/ydVABRUAoe4BAAVSAGHuAQAFkgBj7UEABdIAd
234=GCGEkBieWBMPn4GlQC3QobSAHBfRxIAZgydf8wJqUgHlQCzQUfSAGESmSB3BVlgTCEgV0r
235=IkAEZIFdKyNIAdk9JEgB1DkKJQAwANABAAAABgAmABEAAJIQACABMAAAAEAABQYAJwAwAN
236=YBiQEoSQHSqQEpSQHUqQEqSQGPXAMBAAYAK0gBzQUsSQHRoQQtSQGSoQQuaAG1Ai9IAXAC
237=WQYwSQHfTAEBCQYAMcgBAQoGADLIAQELBgAzSQHbuQY0SAHBDzVIAVUGAEUINkkB3KEEN0
238=kBkXsCBgA4SQGFqQE5SQGHqQE6SQFSqQE7SQE6SAEBAgIAPEkBkGcIAgA9SQGJqQE+SAFc
239=AwIAAAIAPygpAEAoKQBBKCkAQkkBIXMFAgBDSQElqQFESQEdawEDAEXrAQQARkkBJHcCBQ
240=BHSQEgqQFISQEjqQFJSQGNbxAFAEpJAdipAUtJAZGpAUxIAcUITUgBxQhOSQEopQhPSAHJ
241=IlBJAcNUAgEDBgBRyAEBBAYAUsgBAQUGAFNJAZNABEUpVEkBkmsMBgBVSQHaqQFWSQHPqQ
242=FXSQHNqQFYSAHdQVlIAdkyWkgB3UFbSAF4Cl0KXCgpAF1IAd0KXkkB1bEJX0kB83MFBgBg
243=yAEBAQYAYUgBxUpiSAHBD2MoKQBkKCkAZSgpAGYoKQBnKCkAaCgpAGlIAdlTakgBfA5RFG
244=soKQAMSFGfNgIADUgBgzsDAA5JAR5zBQMAD0gBjzwDABBIAY8FBAARSAF8AwEABQASSQEn
245=bwEEABNIAYc0BAAUSAGPPAQAFUkBjnMfBAAWSAGXOQQAF0gBizgEABhJAddjBAUAGUkB0K
246=kBGkgBh1UFABtJAYa1AhxIAYMlBQAdSAGTNQUAHkgBmxwFAB9IAZcYBQAgSAGLFwUAIUkB
247=9XMUBgAiyAFVLiNIAXACSSIkSAGfCgYAJUgBwTAmSAGIDH6DMQDFPyhUAslvKUkBiWsIBg
248=AqSQGGqQErSAHFPyxIAc1HLUgB0QkuSAGfFQYAL0gBdAZNEDBJAdl4HH6DMQBphQ58g6kB
249=D32DMYgFTQU0TAWXLgUANUgBly4FADZIAZMqBQA3SQHdsQk4SQGQYwcGADlJAYqpATpJAW
250=dABF0gO8gBnIPIDHyDJykAPkAEdAacgydVAEAoVQBBKCkAQkkB4FwKTQVDSAGDGgMAREkB
251=3nQCfoMxANFARlQCiRcEXoMxAIsXBABIVALFP0lIAYyUfoMxAJMqBQBLVAKHKQUATCgpAE
252=1JAdVrDAUATkgBiwwFAE9IAZ8KBQBQSAGUGH+DMQDDTQEHfoMxAN14U0AEh1UGAFRIAYgX
253=fIPHHgYAVlQC1URXSAGHVQYAWEgB3UFZSAHJsVpIAcktW0gB3QpcSAFcDnG5XSgpAF4oKQ
254=BfSAF9gwJ+gzEAaQEDfYMx9dNiQATZU2MoKQBkKCkAZSgpAGYoKQBnKCkAaCgpAGkoKQBq
255=SAHNUmtIAdEUbCgpAAtK1f//XwICAAxIAYSBdYYyRHFUAnWGMlwASQAEVIYnKQAQTAWMMX
256=WGMlBygQQSVALdgxNJAYx8NneGMgCEqQEVVQKHqQEWSAGYf3SG1A11hjL9QRlABJNsBQAa
257=SAGUGHaGMgDVyBxUApw2doYyAM0FHlQCiDh0htwKdIbJFwZXhjIA9VgVTTEiTAVoAU0xI0
258=gBmZUGWFjQCXSGJykAJkAEnAp0hicxAShUAtkGKUgBkBR2hjIAzXMrVALNRyxJAYtADwEA
259=BgAtSAGLFwYALkgB3QovSAF8A0EEMEgBnOZ0hie1ATJUAt2DM0gBk2wFADRIAZQudoYyAI
260=BcdYYyRBlYCXWGMrdwBQA4TAWABHaGMgBohQEEBQA6VAJoAQEFBQA7yQEGIlQhoQQHdIbP
261=EAIAPkAEVAokVCEnVQBAKFUAQSgpAEJJAeB4PSJWITIAhPp2hjIAlAJ0hkAlYAQiVyEyAI
262=qpAUdYBtFLSEgBmxwEAElIAY9+BABKSAGMEHWGMqxodoYyAIcpBQBNQASUT3SG3Ap0hidJ
263=BFBABJMJBQBRSAHNqlJIASWxJ1NIAZxMdoYyAM0xVVQCgA90hsMPBgBXVALRd1hIAdFAWU
264=kBjnMFBgBaSAGPnwYAW0gBj58GAFxIAXwDAQAGAF0oKQBeSAHFNF9IAWmFBHWGMpWGBXSG
265=J+EBYkAEwQ9jKCkAZCgpAGUoKQBmKCkAZygpAGgoKQBpKCkAaigpAGtIAcEabEgB3RVtKC
266=gAAQoAMwDBiAsoKQAMSAEnLREzKC0RM4EIAGyJJykAEEwFmAJuiTMAgyUEABJVAoi9QRNI
267=AdWGFEkBhbUCFUgBnDYiBSIzsIJtiTO4Xm2JM7teBAAZTAWIDG2JM6BRbInPEAUAHEAEjD
268=xsiSdVAB5UApBWbIncCmyJ3AoiBCLMBSIEIicpACP4BmyJJ1UAJVQC3cUmSAGU3m+JMwDT
269=YRoGTRUzs5gGAClABME7KkgBwTArSAHZUyxIAd2OLUgBzQUuSAGYoCIEIiddATAoVQAxSQ
270=HVtQ0ySQEfbSIFQQEz9YY0UAFxAgBtiTO4XmyJ1BhsidQ5bInEKW2JM42JCGyJqgEJBEyJ
271=qAEBCgMAPF0KZ0EPC2yJ1A1sidwKIoQyJykAQEwFjxACAEEoKQBCSAGQgmyJwzACAET0Am
272=yJ1wIDAEZUApQjIgYiMwAjVCEiBiIzAIQpbInUGG6JMwAjeDZsicAwbYkzJGAobInQS22J
273=M1jHTBNuiTMAIzAtIgYiMwAlRSpRQA9ZAwBJelJIAZwKIoQyJy0GVFQCxTRVSAGEE26JMw
274=DJOFdUAskBWEgBn5kGAFlIAcU/WkgBjBtsicwbbInMG2yJxykGAF5MBZdaBgBfSQHzSRMG
275=bokzAMUIYVQC1Q1iKCkAYygpAGQoKQBlKCkAZigpAGcoKQBoKCkAaSgpAGooKQBrSAHRH2
276=xIAcFRbUgBQBNtJm4oKQAJWNrZigooKQALKCkADEgBJ4URNCiFETSMCYaMNACQ5SKNMzQk
277=iyIDABFYBoHKA0WMNExuWwUDABNUApCuIrciNACLRFVFCBVUAiWJIhZIAUUFAFUCFygpAB
278=hIAYxSZIzLDAQAGlQCj8sEABtIAZgGZYw0/Y4dVAKFEwRISCfZAB9UAtkGIEgBnApkjMME
279=BQAiVAKLFwUAI0gBjQUFUZ00qKYityI0AIJrFwYAJkAEiBdmjDQAJSErKFQCJQUiKUgByZ
280=AqSAHRQCtIAc1SLEgB1QItSAHBUS5IAYDrZYw0o/YGADBUApgcIrQi1S4FScQ0QBVcAmWM
281=NCZZJzRNBdNwFGWMNLheZYw0rHNljDRQGpkGOEwFxR45SAElkSM6SAGEl2aMNACIAWeMNA
282=DkfApljDQkTCBmjDQAnExkjMtDAgBARAhCDAAAZYw0r58CAEIoVQBDSAGAMGSM10QCAEVU
283=AohOZIzAGmWMNLi2ZYw0JAQiZIzUGGSMyzgEAEtECJ82BABMSAElSTtNSAHNiU5IAc2JT0
284=gBj1IGAFBIAZwVIowz3BUijDPAGmSMJykAVCitAFVIASWVKVZIAclvV0gBwTtYKCkAWUgB
285=xT9aSAHBBFsoKQBcSAHRQF1IAdkRXkgB2UhfSAGAO2SMyCIitCInKQBiQATNEGNIAckMZC
286=gpAGUoKQBmKCkAZygpAGgoKQBpKCkAakgBxRNrSAHZU2xIAcVgbUgB3RVuSQE/bwEGAG/I
287=AQMBAgAIADUmDSMJKCkACigpAAsoKQAMSAGQQCKVNDWkVSKVNDXljA9ABIRVfo41ACOIIn
288=6ONQCU/32ONfmVE0wFI4AhfY41KN4RNQAjjCgiZSM1rLUiZiM1AJwrImQjJykAGUQI0doa
289=SAGQVnyO2xEEABxUAo1oBFEONaByfY41uV4EXGfVGARFGDWlogRZ3DW4in2ONaB9fI7IF3
290=2ONXwoebYlSQyPaG9+jjUAI3wmfI7QHyJkI9AfImYjNQAltU4qWAbZUytIAclDLCgpAC1I
291=AcE7LkgBJTkuL0gB2dcwSAGQH32ONVCeRBJ9jjVMpYkBM0AEIzwpIpQ0JxUDNVQCkFZ+jj
292=UAIwBIfY41v8UEADhABM0mOSgpADpIAYA7fY41XCZIDH2ONSjdETWovHyO0wkBAD9ZBul3
293=IwEAQEgBm38BAEFIAYwQfI7UOSJlIzX5lURABN1MRUgBgDt8jsc0AwBHVAJEEGnSSEgBhC
294=l8jtAJfI7QCXyO3DZ8jsgBImUjNSTrIwYATkQIk0sGAE9IAc0xUEgB1QJRSAGAJXyOJ+UH
295=U1QCzTFUSAHBiFVIAd02VkgBJR1GV0gBkBQibUU1qKYiZSM1rMAilDQnKQBbTAXNEFxIAc
296=EPXUgBhB4iZCMnGQlfKFUAYEgBg+sFAGFIAZcuBQBiSAGXLgUAY0gBly4GAGRIAckMZSgp
297=AGZIAcGTZygpAGgoKQBpKCkAakgBxRNrSAHFYGxIAZN3BgBtSAHdFW5IAX2OAn2ONUxCAw
298=AAAwIAcFQCgwQCAAchmE8lvSMIKCkACSgpAAooKQALSAGIxyLNRjYk7Cl1kTaNCQB0kScp
299=AA9MBcmQEEgBkGF1kTakjHWRNvGYE0AEgyUDABRIAZxtIqVXNumQFlQCgDt0kcgMdJEnKQ
300=AZQAScKyIVJDaoWXWRNqVrA1WRNqWMA1SRJ9kAHlgGiEN1kTYkICB0kcQTdZE2UJNZGwRE
301=e8UIBEyZwAR3kTYAZXFsBVghqgEBBUKCNgDZMidJDIhgBHWRNiaZJClUAiPQQSLNRjawdy
302=IlaDavnwYALEAE1cgtSAGMGyLNRjaosSIVJDbpWTBABMVKMUgBwZMySQEmRRcAIhYkNgDd
303=/DRUAskBNUkBIqEENkgBn1cEADdIAdGNOEgBIycxBAA5SAGfCgQAOkgBgMp1kTYoNRI2VB
304=5UCSIVJDZQJYkBPkwFI2wkdpE2ACOIZHSR2Cd2kTYAl2UBAEJMBZNAAQBDSAGIDCIVJDZA
305=NpEJRVQCI18iAwBGSAGMlHSRJ5UISFQC1URJSAGITnWRNrTIdJHQCXSRzBB0kbw2QSVOWA
306=Z0OUk4T0gBWA55zFBIAZAJIhYkNgDZMlJUAsHKU0gBxTRUSAHNMVVIAdl0VkgBJRk1V0gB
307=hO90kVREbAx1kTYknCp1kTakwyKcNcRVIp01NiYxLV1ECCUxLV5IAdmgX0gBhDQiFyQ2AO
308=ZoTnSRxAh0kSfFA2NNBeihBGQoKQBlSAGDMAUAZkgBwRpnSAHBGmgoKQBpSAHNG2pIAXAY
309=AQAGAGsoKQBsKCkAbUgBIrxwQQRuyAEBAQIAb0gBmAZ0kdMUAgBxKFUABkhRwZMHKCkACC
310=gpAAkoKQAKSAHBkwtIASMgK26UNwCXAgMADVUC42QebZQ3sGEiNGonKQAQQASQYW2UN7TT
311=bZQ3rIkipTY3oFFtlDeFFwBulDcAwYgWRAiAJW2UN7h0bJTECCKlNjf1kRpMBZ/8AwAbSA
312=GcbW2UN+WiHVQCjTEDTRU3qENtlDesfmyUJ4kBIUwFhD9slMQIbZQ35ZckQAR2WgMETZQ3
313=mZUEbJSpAQUixiQ3ACMcL22UNyRESyLFJDckECltlDckEClslNAfbZQ3JOQoIl1ZN7BsbJ
314=QngQAvQA8lVSwwSAHBZzFIAcVgMkgBgH0iNGon2QA0VALFazVIASOcNSLFJDexjQRNAje8
315=pCLFJDegcm2UNyTcSG6UNwAjIHhslNgGIsQkwxoDAD1NCOV8QSLFJDekl22UN6SXbJTIDG
316=yUyAxslNBAbJTAJQkCAEQANwAdAAAAAAIRAAA2EQAgCgBFADcA3AEAAAADAEZKAR0AQwAD
317=AEdKAdoBSwEEAEhJAdKpAUlJAdWpAUpIAVgDAgAABABLSQEkbwEEAExJASCpAU1JAWVMBQ
318=EDBABOyAEBBAUAT8gBAQUGAFBJAVdvBQYAUUkBi0wFAQAGAFJJAYqpAVNJAZGhBFRJAYmp
319=AVVJAYepAVZJAY6tBVdIAc0FWEkBiKEEWUkBhakBWkkBi6kBW0gB2QZcSQHbpQhdSQHPqQ
320=FeSAGHHgYAX0kB1LUCYEkB5WsBBQBhSQEncwkEAGJJAed3AgQAYygpAGRJASihBGVJAd9j
321=BAUAZkoB//9bAgYAZygpAGhJAYxjBAYAaUgB0R9qSQFSSAVJImtJATWpAWzIAQEBBgBtSQ
322=E6VAIBAgIAbkkBvmcIAgBvSAFQAgIAAAIAcEkBurUCcUgB1QJyKCgAAQUAOACZEQJQDCcp
323=AAcoVQAIKCkACUgBjyYCAApJAd69CgtIAZcCAwAMSAHNRw1IAZcNBAAOSQGQbwUEAA9IAY
324=8bBAAQSQEfZwQDABFIAZMfAwASSAGDBAMAE0gBh0oDABRIAYcpAwAVSQHcsQkWSAFgCFVP
325=F0gBjzEDABhIAZdPAwAZSQEjZwQDABpIAYMEAgAbSAGDBAIAHEgBnwoCAB1IAdUNHkgBgw
326=QDAB9IAYMEAwAgSAFsCVUNIUgBzRAiSAGfCgMAI0gB2QYkSAF4XgEGAwAlyAEBBwIAJsgB
327=AQgCACdJATRUCV02KMgBAQMGAClIAdFhKkgB0WErSQGEZx4GACxJAYWpAS1JAd2pAS5IAZ
328=8rBgAvSQGHtQIwKCkAMUkBiLUCMkkBiakBM0kBZEgBAQEFADTIAQECBQA1SAGPJgUANkgB
329=hTQEW0U4ANlMBVEfOFUCkakBOUkB2KkBOkgB1QI7SAGbBgMAPEgBlyMCAD1IAZ8KAgA+SA
330=FMH3lTP0kB5mcIAQBASAGLDAEAQUgBkwkBAEJIAZsyAQBDSAGPMQEAREgBlQICRpc4AJUC
331=AkaXOACUAmWXOEA2UQwDRJcnKQBJWAbFNEooKQBLKCkATCgpAE1IAck4TsgBSThPyAFJOF
332=BJATFEDFlmUUgBnBVllzhtAgBVAlNUAtkyVEgBl1oGAFVJAZJrBAYAVkgBzTxXSAHNPFhI
333=Ac0FWUgBzQVaSAHRCVtIAc08XEgBzQVdSAGPUgYAXkgBwTtfyAFBO2BIAYAwZ5c4AOR0Lm
334=eXOADXqQFjQQTRqQFkSAGXewQAZUgBkCpmlzgAaiIABUSXqAFNR2hABNEfaUkBOa0basgB
335=AQECAGtIAWSXTV1sygEDAkaXOACMfmaXOACUGGeXOAC4bBBnlzgAs6kBcVkGtqkBckgBZA
336=xJm3MoKwAEADnxmAUoKQAGKCkABygpAAhIAcUICUkBjb0KCkgBhx4CAAtIAYAafZk55UoN
337=VALNRw4oKQAPKCkAEEgBnCt+mTkAnAp8mYAiYesTQQSSdA18mSddARVUAt0KFigpABdIAd
338=EJGEgBzWgZSAGNBQJdmTlAjlwYfZk5rHN8mdwKfZk5p2ACAB5YBslkH0gBlDl8mcMEAwAh
339=VAKfCgMAIkgBwQ8jSAHBDyRIAWY/CQJdmTmRQAp+mTkAjFJ9mTnpOChMBWqbBQJemTkAyW
340=QqVQKPcx8GACtIAd1XLEgB1ZEtSAHJ3S5JATZIG01oL8gBSd0wSQE3tQIxyAFVAjJIAWxd
341=VaczygEEBV6ZOQB2AgUEXJnZHARcmcwmfpk5ACVlIzhZBtNkE3JIOQCL/gQAOlQCJZEjO0
342=gBJz4TOQCYlXyZwDt9mTlAuksTAQA/TAWYJ3+ZOQDWfAp+mTkAhGt+mTkAkOV/mTkA4KEE
343=RFgGXQcAVVpFSAGENH2ZOembR1QCiC18mcstAwBJVALFNEpIAc08S0gB3UxMSAHBBE1JAW
344=VUDUk4TsgBSThPSAGTrgIAUEgBcDVZdFHIAVEqUkgBzTFTyAFVLlRJATNgFnyZ0EB+mTkA
345=wTtXQATBO1hIAWgFAQAGAFlIAYcTBgBaSAHZPVtIAckMXMgBSQxdSAFoOE0QXsgBQTtfyA
346=FBO2BIAZNWBABhSAGULnyZ1C4iJyY5ANBEHk3WZEAEkCp8mSc9CGZUAmoiAwRcmbRaSQxo
347=1QIFIiUmOVABVzICAGpAAZykfpk5AINGAgBsVAKURHyZzH5+mTkAiPN/mTkAvWwQfpk5AJ
348=MfAgBxWQYhbyICAHJJAeOhBHNJASK1AnRIAWQBXUEDSFElfCZ0UskBBShVAAZJAY1zBQIA
349=B0gBI1csAgAISAHZqwlIAYwxItYmOgAnlxM6AI94BnWcOr9XAgANTAWTKgIADigpAA9IAd
350=FLEEgBdQYAdZw6KJQTIhAqXAIi1SY6sB91nDq8gyLVJjq/gwMAFkQIi04DABdIAdlTGEgB
351=izgCABlIAcktGkgBIzgudZw6rHN2nDoA1S4dQARYDkg0VZw6r7UCAB9UAtUYICgpACFIAd
352=UYIkgBhDQi1SY66XokVALFKSVJAYVgC3acOgDJASdUAiP5MAJdcjr1OSlUAsFnKskBA3Wc
353=OkyPSAgi1CaoAVVaLUEEPVACQTsuSAF4Xl1tL8gBWeIwSAF0nFUCMcgBVQIySAFwYQEGAg
354=AzygEHAlWcOpacCANFDTq1vQNUnCcpADdMBZ0gA0nlOkwWRQ8DSEvQNXxJxz8DADtMBYAw
355=ItcmOgDlrVI9VAKHNAEAPkgBgAR1nDok0CB3nDoAzWwFdZw6vG12nDoAiOh0nNgyItQmxx
356=MBAEVQCY8xAQBGSAGPcwIAR0gBnxUCAEgoKQBJSAGDDwIASkgBzQVLSQHpYw8CAExIAcEE
357=TUgBzUdOSAHNR09IAYSBdJzTHwIAUVQCfDYBBQIAUkgBzTFTyAFVLlRIAXScTTFVyAFBO1
358=ZIASI4I12ZV8gBQTtYSAF8NlUCWcgBVQJaSQE+UC5ZPVtIAckMXMgBSQxdSAHBO17IAUE7
359=X8gBQTtgSAGJIgNUnCcJB2JUAtnXY0gBI286BABkSAGTNQMAZUgB2QZmSQFlQiUGA1acOg
360=BoAUkMaNQCAQgCAGlIAcGTakgBI0AvdJzcg3Sc3Hh2nDoAzYluTAXVZW9IASNgPnacOgDJ
361=kHFVAuBAD1EfckgBeCBVhnNJASZvAQIAdEkB46EEdUgBcAJNBQJIUdScdFLJAQQoVQAFKC
362=kABkkBkHwGb587AIqpAQhUAiP7JQIACUgBgH1unzsAI2w6IocnOwCObAVtnztYhUwBbZ87
363=uJVvnzsAhqUTD0QIyU4QSAGTVgIAEUgBIzgjIoQnQA9sBW2fO+GpFEAEgzACABVIAdkGFk
364=gBI5AubJ8n4QEYVALRVhlIAZhpIoUnO7hpbZ87RBRIAGyfJykAHUwF2QYeSAEjgCFsn80Q
365=AUGCO69+AQAhQATVGCJJAeh/FQIAI0gBwWckSAHFKSVIASPoRGyfXCBcDlkyJ1QCzdYoSA
366=HdNilIAc3WKkgB2WkrSAFoZEFnLMgBTV0tSAEjDyMCAC5IAd0rL0gBm8ECADBIAcEEMUgB
367=I8c6AgAySAEldTAzSAF1ZQptnzuOnwsCTZ87SB1VFAJMnycpADdMBdUuOEgBkB9sn8AEee
368=o7QCBYBnRMzyYCADxMBckiPUgBI5Q0bJ/ULm2fOyZZJ0BABJA1bZ87+aBCVAKcjm2fOybd
369=J0RUAk4NAABtnzug1WyfJ4UGR+AEbZ87u6sCAElUApAJbJ/TCQIAS1QCkAlsn8cTAgBNVA
370=IjwykCAE5IAYcTAgBPKCkAUEgBJeEiUUgByehSSAHZf1NJAY1jCwIAVEgB3XhVSAF4oAEF
371=AgBWSAHBO1fIAUE7WEgBbJ9ZPVnIAVUCWkgB1TlbSAHVOVwoKQBdSAHBO15IAcE7X8gBQT
372=tgSAHJOGFIAck4YkgBg78DAGMoKQBkSAGcNmyfJzUHZlUCZU5dCQJNnzuMn01HaFQCdBxV
373=WmlIAc1oakgBgKlsn0SBZARunzsAyf5tQQS6UAlZBm5IAYCIIoQnJwEGcFQCI7g+IoQnzD
374=wihCfPPAIAc0AEeApZoHQoKQB1SAHFonZIAYEEAl1EPCZIO3RS2KBw88kBBExVyQEFSQGM
375=pRMGSAHFawdIAd0VCEgBnPFmojwA1QIKVAInRhQ8AIgXZaI8KEUUPCQsJ2aiPAAjr0ICAA
376=9ZBoq1DRBIAZgyZ6I8ACBvFwIAElQCyQETSAGbMgIAFEkBjrkGFUgB2QYWSAHNBRdIAc0F
377=GEgByVkZSAHJWRpIASN4NmaiPADdYhxUAtVaHUgBwQQeSAHVOR9IASP8NmWiPCbJNSFUAn
378=gVVTkiSAGf5gEAI0gBIyFXAUl0PPWnJVQCyRcmSAGAJSLMO9AJIjUoPCYxLSlABCWJOCpJ
379=AZClHitJAYipASxIAdknLUgBzZ8uSAHFNC9IAdHwMEgBzTwxSAHdFTIoKQAzKCkANEgBIx
380=RbZaI8JoUyNlQCxcM3SAHZPThIAYx+ZaI87dY6VALNMTtIAc0xPEgBwQ89SAGMG2WiPKyU
381=ZaI87Z9AQASQNWSiJ1UAQihVAEMoKQBESAGcNmWiPCRAL2Si0yoBAEdABMEPSEgB3UFJSA
382=GIDGWiPOXkS1QCzQVMSAHJek1IAc0FTkgByUNPSAEnNSg86f5RVALBZ1JJAZF3CQIAU0kB
383=g6kBVCgpAFVIASVJMFZIAd2DV0gB1URYSAHFCFlIASVtJFpIAdkGW0gB2QZcSQEeqQxdKC
384=kAXkgBwetfSAHdCmBIAck4YUgBmz0DAGJIAYQpZKLHPwMAZFQCiLxmojwAxYxmVALdCmdI
385=AcElaEgB2WlpSAHVI2pJAZOlE2tJAby9V2xJAbCpAW1JAbGpAW5IAd1ib0kBuLUCcEkBsq
386=kBcUgBbAldbXJIASUVOnNIASNXIQMAdEgBI1chAwB1SAGTFAMAdkgBk/ACAHdIAcQIIvhF
387=32IDAD39pARIAcEEBUkBj6EPBkgBI8xcIo8oPQC7tQIIVQK0qQEJSAHVGApIAcGTC0gB0W
388=EMSAHRYQ1IAdWnDkgBxXYPSAHBDxAoKQARSAHVexJIAcWBE0kBhKEPFEkBiakBFUgBzTEW
389=SAGXOQIAFygpABhIAclZGUgByZsaSAHBDxtIAdWGHEgB1QIdSAHJmx5IAYEaAVm7PUSdSA
390=Rmoj0AhB4ijSg9p7gBACJMBYQeZqI9AJBAZaI99aclQATZwSZIAcFnJ0gBJcUvKEgBh+QD
391=AClIAdVPKkgBjzwCACsoKQAsSAGbPQIALUgBI2AzIo0oPfGYL1QCxR4wSAHFPzFIAUwYIu
392=0/MigpADNIASXFLzRIAcEENSgpADZIAcElN0gBkx8CADhIAZcjAgA5SAGTHwIAOkgB3TY7
393=SAHZtjxIAdEqPUgBjAVloj0mYSg/VAKQNSJ9PD3xo0EoVQBCKCkAQ0gBjBsifjw9AJBhZq
394=I9AIAlZ6I9ACV4GGWiPSTwUCKMKNQNIo0oPSZlRErwCSKMKCOcQXUjTFQC0SpNSAGUDSKM
395=KCeBAE9UAiNYMiJ8PCdVAFFUAiUZNVJIAWgQUXdTSQGMbAEijyg9AIipAVVVAoqpAVZIAc
396=0mV0kBh6FcWEgBweBZSAHBRlpIAZdEAgBbSAHJm1xJAZFzCQMAXUgBn6QDAF5IAZv4AgBf
397=SAHJb2BIAck4YUgBJbkoYkgBhzQCAGNIASO5KAJFoj2n+gIAZVQCl0QDAGZIAZDaIo0oPS
398=RXWAIAaFQCiDgifDzIOCIVUD0kQC8ijCgnoQRsTQW3uRxtSQH2qQFuSAHdpG9IAdUCcEkB
399=s6EEcUgB0aNySAEnRxQ9AN9gBGSiyQwERaI9JEhGZaI9JPBmZKLDBAIAeEQIaCZGNAMAI8
400=hBZT8EKCkABSgpAAZIAcA7BAcAPgDbAQARAABsEAAgCAAAAgAIAD4A1QEAaAECCQA+AL2p
401=AQpJAY1QAkEEC0kBi6kBDEkBuKEEDUkBs6kBDkkBsKkBD0kBsqkBEEgBdAZFCBFJAdq1Ah
402=JJAdGpARNJAZGpARRJAdepARVJAdCpARZIAcUIFygpABhJAdihBBlIAcEEGkgBxQgbSQHU
403=oQQcSQEnZwQBAB1JASOpAR5IAZcCAAAfSQHpbwUAACBJASBjBAAAISgpACIoKQAjSQEooQ
404=QkSQHfewYBACVJAY9rAQIAJkkBiakBJ0kB4KkBKEkBkHsGAwApSQGFqQEqKCkAK0gBnysD
405=ACxJAea5Bi1IAWgFWScuKCkALygpADBJAd2tBTFIAc0FMigpADMoKQA0SQHbrQU1SQHPqQ
406=E2SAHBJTdIAYsiAQA4SAGfIAEAOSgpADooKQA7KCkAPEgB0So9SAGBMAFDAT4AzWsMAQA/
407=UAHJAUAoKQBBSQHSoQRCSAGbPQEAQ0kBIXsYAQBESQElqQFFSQGQbwUCAEZJAYipAUdIAc
408=ktSEgB3UFJSAF0Bk0mSigpAEtIAcUITEkBhqUITUgBzQVOSAHBBE9IAckMUEkBhK0FUUgB
409=1Q1SSAHZBlNJAZJvAQIAVEgBixcCAFVJAeO5BlYoKQBXKCkAWEkBIrkGWUgBxWBaSAHRCV
410=tJASShBFxIAY8xAgBdKCkAXkkBLqEEX0kBHqkBYEgB3QphSAHFCGJIAYc0AgBjSQGOpRNk
411=SAHBBGVIAYdgAgBmSAHNBWdIAXgKRSloSQHWuQZpSAGXOQIAakgBnzYCAGtJAZKhBGxJAb
412=epAW1JAfapAW4oKQBvSQGxtQJwSAHZBnFIAd2OckkB3qEEc0gBkxQDAHRIAZMUAwB1SAGT
413=FAMAdkkB5K0Fd0gB3RV4KCkAeSgpAARIUcEEBSgpAAZIAcEwB0kBk2QEZ6I/ALq9CglUAt
414=FsCkgBxTQLSQG8oQQMSAHBGg1IAc0FDkgB3SAPSAHdIBBJAba5BhFIAXANXSsSSAHdKxNI
415=Ac1zFEgByS0VKCkAFkgBwQQXSQHTsQkYSAHdeBlIAd0KGkgB3WIbSAHVAhxIAYSMZqI/AI
416=MwAQAe9AJmoj8AgL9noj8AiZwGRKInKQAiTQWHtQIjSAGTNQAAJEgBkDVmoj8AkTUBRqI/
417=AIumAQAn4QQCRALVAgJGoj8A0aMqQQSKfwoDACtIAZWRAkaiPwCbPQIALVQCfANNJi4oKQ
418=AvKCkAMCgpADEoKQAyKCkAMygpADQoKQA1SAHBJTZIAYMPAQA3SAGAD2aiPwCUp2aiPwCb
419=1wEAOkAEmxEBADtIAc2fPEgBhzQBAD1IAYg4ZaI/KEQUJykAQEAEj2gBAEFIAdEJQkkB3G
420=A7ZqI/AJwrZaI/UDBLBAIARUAExYxGKCkAR0gB2X9ISAGHCAIASUgByZtKSAHNn0tIAUgJ
421=af5MSQGLdw0CAE1JAYqpAU5IAcEETygpAFBIAdVlUUgBwQRSKCkAUygpAFRIAcHgVUkBkX
422=MFAwBWSAHB4FdIAZtIAwBYSQEmYwQCAFlIAc0bWkgBwRpbSAGHCAIAXEgBhAhmoj8An+YC
423=AF5VAh2lCF9IAWQBAQADAGBJAR9vAQIAYUkBjK0bYkgBybxjSAHdumRIAYs4AgBlSAGMPG
424=WiP3wHYSVnVALBBGhIAYM7AgBpKCkAakgBlDlmoj8AJZkkbFUCs6EPbUgBxYFuKCkAbygp
425=AHBJAbKtBXFIAc2JckgBh2sCAHNIAZlpAkSixBNloj9Ua10UAkSiJ7UMd0wFTAJpF3goKQ
426=B5KCsABQBAnAMBAAIABigpAAdIAcmbCEgByRcJSAHFlwpIAcUpC0gBwUYMSAHBng1JAbC1
427=GA5IAcUeD0kBsbUCEEgBhw8CABEoKQASSAEnGRRAt2UCABRUAsktFSgpABZIAcktF0gB0Q
428=kYKCkAGUgBh3YCABpIAcUIG0gBwTscSAGITnqgQACcTHqgQACAynugQACSggsAIEwFkPsi
429=YCjNBQBIBieBACNBBOBsG3qgQACcbXqgQACUI3qgQACABHugQACPfAp5oEC0e3mgQOk4Kl
430=AJlacCWaBA7Z8sVALBGi1IAdUYLkgBbAlJOC8oKQAwKCkAMUgB2QYySAHdxTMoKQA0KCkA
431=NUgB1cg2SAHVIzdIASOAIXig0B96oEAAkDV6oEAAwZ47TAWLLQEAPCgpAD0oKQA+KCkAP0
432=gBJQkoQEgBgA95oEC3nAEAQlQChIF6oEAAJTUoRFQCI+AteaBAt7IDAEZUAiMLMwMAR0gB
433=ixcCAEhJAeF4MnigyxcCAEpUAiW9LktIAcWBTEgBxYFNSAHBfU5IAY8bAgBPSAHVLlBIAd
434=UuUSgpAFIoKQBTSAHNPFRIAdF3VUgB0XdWSQGMawgDAFdJAYOpAVhIAYmbA1qgQADRo1pU
435=AsEaW0gBhFV4oNRPe6BAANm5HF5ABNUNX0gBJeUoYEgBhNl6oEAAxbhiVALZBmNIAWgQWU
436=hkSAGAO3qgQACENHqgQADNR2dABI88AgBoKCkAaSgpAGpIAc1za0gBJVknbEgByQxtSAHJ
437=hW5IAd2DbygpAHBIAd2OcUgB3Y5ySAHFonNIAdkcdEgB1WV1SAHZHHZIAdUNdygpAHgoKQ
438=AGQO7BBAcoKQAISAHJDAlJAYyxKgpIAclDC0kBk38GAgAMSAHVGA1JAbOtBQ5IAcEaD0kB
439=tbUCEEgBdAZdKxFIAcFyEkgBxSkTKCkAFCgpABUoKQAWKCkAF0gBzVIYSAHNUhlIAckMGk
440=gByTgbSAGHawIAHEgBJWUjHUgBgCVinkEAkEtinkEAlGUi3SdBvG1gnieBACJYBoFyAFCS
441=J4EAJFQCkKNinkEAgARgnsAEY55BAI5oE2KeQQDdNilYBo8QAgAqSAGIpmKeQQDBcixUAp
442=SnIt0nQbONAgAuVAKDfQIAL0gBeApRKjBIAY8QAgAxSAGblQIAMkgB1WUzSAHBBDRIAcEE
443=NSgpADYoKQA3SAHZBjhIASP8IGKeQQAjBENhnkG8YiLdJ0Gg1WCeJykAPVgGgDsi3idBAJ
444=BhIiU8QembQEAEiC1gniehBEJUAsEaQ0gB3RVESAGMn2CexAhgnsgtY55BAOJ/TAMASEwF
445=ixcDAElIAYA7YJ7DOwIAS1UCaUwFAQECAExIAdWcTUgBnxUCAE4oKQBPKCkAUEgByU5RSA
446=HJTlJIASOjMAIAU0gBI+guIiQ8WD1IDFkyVVQCl94CAFZJAZBwG2OeQQCIqQFYVALNn1lI
447=AdUCWkgBI1snAwBbSAEjsDJgniddAV1UAsFcXkgBwZNfKCkAYEgB1URhSAHJsWJIAYg4Ii
448=U8Qf2ZZFQChDRhnkF9EgBJF2ZUAo8BAgBnSAHVDWhIAcElaSgpAGooKQBrSAHBD2xIASUd
449=JW1IAdGCbigpAG9IASVBJHBIAdGCcUgB3StySAHNEHMoKQB0KCkAdSgpAHYoKQB3KCkAB1
450=DoxQgIKCkACUgBzcAKSAHBngtIAd0VDEgBxZcNSAElyUAOSAHRuQ9IAd0KECgpABEoKQAS
451=SAHNJhNIAc0mFCgpABUoKQAWKCkAFygpABhIAdkyGUgB1Q0aSAElpTYbSAHVAhxIAZREIi
452=0nQib5JR5UAoOIAQAfSAGbaQEAIEgBlWUBUnFCAJVlAVgAJ9kAI0AEI5U0AUmVQibVJiVV
453=ApF4DSKRT0IkUzwCACdVAoa1AihIAWQBTUcpKCkAKigpACsoKQAsKCkALUgBJaU2LkkBaE
454=FnAWqbQgBoAQECAgAwVALZfzFIASO5PgNJm0K7tgIAM1QCwQQ0SAGbSAMANUgBn2IDADZI
455=AY9SAwA3SAGfmQIAOEgBnINqm0IAhKJomydJBDtABIg4aZtC9Zw9VAKUOWqbQgCMy2mbQi
456=QjKwEAQEAEiS0CWVBCoZMCTQJCr8sCAENQAd0VREgBjwUDAEVIAZQCaptCAIOTBABHVAKL
457=FwQASEgBnBVom98VAwBKVAKJFwNKm0IAaZsEaZtCrLUiSTtCrLVomycpAE9YBiVlI1AoKQ
458=BRSAGDGgIAUkgBI/AvaJvIQ2ubQgCFRDRNPFVABMXZVkgBJQUiV0gBJYUnWEgBhAgiLSdC
459=REVTQwIAWlQCJVEmW0gBweBcSAHBcl1IAcFcXkgByU5fSAEjYygCAGBIASNIRiIuJ0IA1U
460=9iVAJBDABFE2MoKQBkSAHBnmVIAcW4ZkgBiENomydJBGhUAskiaSgpAGpIAckia0gBJUEk
461=bEgBh2sCAG1JAbupIm5IAdWcb0gBwYhwSAHFE3FIAc1dckgB1QJzKCkAdCgpAHUoKQB2KC
462=kACFRH2QYJKCkACkgBJf0gC0gBJf0gDCgpAA1JAYexFA5IAckXD0gBJZFPEEgBhGsiQTpD
463=JulPElQCh2ACABNIAZheIkE6Q7NhAgAVVALNJhZIAcEEFygpABhIAcEEGUgB1S4aSAHNBR
464=tIAYBcIn0mQ6h6cZhDJh0lHkAEJUklH0gBiGRxmEOYIFk9IVQCnGJxmENAmUMDAQAjVAKE
465=SnGYQygSE0MAyTgmQATdICdIAYRVInwmJ10BKVQCSAllSiooKQArKCkALCgpAC1IAXmVAy
466=J+JkMAaAFVcC/WAgUDUZhDp4wDADFUAsV2MkgBna8DUZhDWLFfDQMANFQCwQQ1KCkANkgB
467=zQU3SAGEHnCY3woCADlUAoMEAgA6SAGUnCJ9JkOkgXGYQ6SBIl1OQ+WXPkwFiJBxmEMk0C
468=tymEMAJZE5QUAEheQDWFAnkQJDVAKXyAMAREgBmDJxmEMkQzoEAEZUApjXcZhDJJRVcJjH
469=CAQASUAEmRwEUJjVGARTmEMAamdVBQBMQARoAQEBBgBNSQFIUCMBAAYATsgBVQJPSQFKtQ
470=JQSQFFqQFRyAFVyFJIAdVaU0gBfANBRlRIASX5O1VIAdVlVkgB3UFXSAHJm1hIAcmbWUgB
471=2ZVaSAEl3SdbSAHBk1xIASPUJiJAOtQuIl1OQyS7VAIAX0AE3UxgSAEl6TlhSAHVAmJIAd
472=UCY0gB3RVkKCkAZUgBwYhmSAHBBGcoKQBoKCkAaUgBzV1qSAElHWdrSAElKTdsSAHVGG1I
473=AckXbkkBuWMwAgBvSAHZEXBIAdUNcUgBJUEkckgBwQRzSAHBBHQoKQB1KCkACVxEwQQKKC
474=kAC0gBybwMSAHFKQ1IASPvPwIADkgBJVEmD0gBJZE5EEkBsLEUEUgBxa0SSAEnuRJErF15
475=lUSsXXqVRADJFxZMBcXDF0gBh1UCABhIAc0mGUgB3UEaSAHVLhtIAdUYHEgBl/QCAB1IAc
476=3LHkgBJfUqH0gBzQUgSAHNBSFIAcEEIkgBnHh5lUThniRUAphpIjk5RCatQiZUAiNkIyLN
477=JUQkuEl5lUTxSylABNUNKkkBTm8BBgArSQFJqQEsyAFBZy1JAWhYJwEGBgAuyAEBBwUAL8
478=oBCARZlUS5lQRZlUSvqgQAMkAEnBV5lUSohXqVRACfgwQANUAEnysEADZIAc0FN0gBg5MD
479=ADhIAY0FA1qVRACMlHmVROG/O0AEjAV5lURiFwAAeJUnKQA+QQTgSBdVAj9IAdVPQEgBlA
480=IizCXMPHmVRKG/A1lQRCZJJURMBQjRAQAAAAQARQBEABEAACwRACAKAAAAAAAEAEYARADY
481=AYkBR0kBIUQBAQAEAEhJASWpAUlIAZcCBQBKSQHibwUFAEtJAWpIAQECBQBMSQHZSAEBAA
482=YATUkBkKkBTkkBhKkBT0kBiKkBUEkBhqkBUUkBRUgMAQQGAFLIAQEFAgBTSQGRVAIBAAIA
483=VEkBi6kBVUgBZAFVAlZJAY1vAQIAV0kBhakBWEkBh6kBWUgBZAFNBVpJAZBvAQIAW0kBiq
484=kBXEgBkxQCAF1JAYp7EQIAXkkB2qkBX0kB06kBYEkBzakBYUgB1QJiSQHUtQJjSQGSqQFk
485=SAFkDEEPZUgByQxmSAGfIAIAZ0gBkx8CAGhJAd25BmlJAY+pAWpJAYmpAWtIAdEJbEkBjm
486=8BAgBtSQG8oQRuSQGxqQFvSQHcqQFwSQGMqQFxSAHRCXJIAc0bc0kB1aEEdEgBeApfFQoA
487=RYQBSQELKCkADEgB2ScNSQGGawQCAA5IAc0bD0gB2ScQSQG9vQoRSQHbqQESSAHBJRNIAd
488=kGFEgBn0ECABVJAYKtBRZIAdEJF0gBj1ICABhJAZGhBBlIAYNRAgAaSQHjtQIbSQEipRMc
489=SAHZHB1JAdKhBB5JAdCpAR9IAWgFWRwgSAHNBSFIAdEUIkgBwQQjKCkAJCgpACUoKQAmKC
490=kAJ0gB0QkoSAHRCSlIAdEJKkkBU28BBgArSAGHNAYALEgBi0MGAC1IAZMfBgAuSQFoXBUB
491=CgUAL8gBAQsFADBIAZscBQAxSQEmcwkEADJIAZcCBAAzSAGfCgQANEgBnysEADVJAYVQCU
492=l6NkgBm3QEADdIAYcIAwA4SAGHCAMAOUkBH38KAgA6SAHZUztJAeZnCAEAPEgBgzsBAD1I
493=AZtIAQA+SQHgoQQ/SAHdNkBIAZcCAgBBSAGLOAMAQkgBlwIDAENJAdZ5BgRaUEUAkWwETg
494=JFAJNsBABGUAGHKQQAR0kBHWQTYpNFAJcYBQBJ9AJik0UAhRMGQJPFCAZCk0UAkEBjk0UA
495=0XcNBgBOWAabEQYAT0gBeAoBAAYAUEkBjaEEUUkBP3gCYpNFAGkBAWCTJ4kMVEEEjm8FAg
496=BVSQGRbwUCAFZJAYipAVcoKQBYSAHBZ1lIAXwDVU9aSAGQNWKTRQDRglxUAsFcXUkBHnAF
497=YpNFAIc0AgBfVQKTtQJgSAHJLWFIAXACXQpiSAHFCGNIAcUIZCgpAGVIAdEJZkgB3Y5nSA
498=HJhWhIAdEJaUgBzRtqSQGJewICAGtIAdGubEgBzRttSAHZoG5IAcWBb0gB2RxwSAHJDHFI
499=AWwJXRVyKCkAcygpAAtMP8EEDCgpAA1JAZJ4AmuQRgAnawEBAA9VAiipARBIAdFWEUgB0Y
500=0SSQGKsTUTSAGXRAIAFEgBnFdqkEYAhz8CABZUAsEEF0gBlE9pkEZhDABdFRlVAuCxCRpI
501=AZsCAwAbSAGbaQIAHEgBwZMdSAHJLR5IAcG0H0gBySIgSAHFPyFIAZEJAkg9J7UBIyhVAC
502=QoKQAlKCkAJigpACcoKQAoKCkAKSgpACpIAWmQAWqQRgCEP2qQRgCYMmmQRu1oLkwFlXAG
503=SpBGAIElBkqQRgCcg2qQRgCFYAVIkNQCapBGAIRraZBGuHRokCdVADZcCpykaJDdCgRIkM
504=QIapBGAMUpOkwF2Sc7SAGUAmqQRgCcK2iQJykAPkAEI7UiAVV1RiQ7IwIAQFUCJHQqapBG
505=AJVEAkuQRgDfaDhqkEYA2RFETAWQxGqQRgCMR2qQRgCMR2qQRgAnCBLIDGqQRgCIDGuQRg
506=AgdA0ibCTUDSJsJNQ5apBGAICeaJDQH2iQ1A1okCctBlFYEX2OAmmQRlMaAAADaJDQCSJs
507=JMg4apBGAJS9aJAnKQBXRAiLFwIAWEgBwWdZSAGPGwIAWkkBh3wgaJDDDwIAXFQCmBwibC
508=TLOAMAXlQChD9okNdEAgBgVALJZGFIAd2OYkgBjzECAGNIAY+1AwBkSAFwIwEAAwBlSAGX
509=OQIAZkgBzZRnSAHZPWhIAdEJaUgBwQRqSAHBBGtIASVdImxIASVZJ21IAYsMAgBuSAHFgW
510=9IAY9SAgBwSAHBBHEoKQByKCkADEDNizgBAA0oKQAOSQEjfAZxjUe7PQEAEFQCzQURKCkA
511=EkgBn0wBABNIAXQGVYYUSAHNfhVIASe+I0cAl/8CABdUAtE1GEgB2QYZSAGQSyK9I0f9Vx
512=tUAok4A1GNR7lTA0pTRwCX9AIAHkAExQgfSAGBfQJJU0ejfQIAIVQCwQQiKCkAIygpACRJ
513=AUxEBEmFJUkBSEoBAAZeckcAaAFVAidVAkq1AihJAUmpASnIAUEEKkkBUbUCK0gBjKpxjU
514=ftiS1UAoe4BQAuSAGEKSK9I0dAFVwGIr4jRwCULnGNR7iKcY1HXBBABHGNR0yliQE0RAjd
515=eDVIAZuVBAA2SAGAJXCNwCVxjUewmHGNR7OYAwA6TAXBXDtIAVUKAF02PEgBn1cCAD1IAd
516=UCPkgBgRoCXXJHJIAhcI3MG3ONRwDepWtCTAWIOHCNyzgDAERUAt0VRUgB3RVGSAGYXnKN
517=RwCMaCK9I0e0hnGNRyQMI3GNR5URAHCNzFJwjcsMBQBNUAmEznCNzAVwjScpAFBABI8bBg
518=BRSQFYeAlyjUcA1TlTVAJoAVU5VEgBI/MjBgBVyQEBcI3TCQIAV1QCYAhNJlgoKQBZKCkA
519=WkkBaEgiWQZbyQECcI3YHHKNRwCcFXCNzDxxjUdYWUQLcI0nKQBhRAiXIwIAYkgBjTEDUI
520=3MMXONRwDPVA2Qjc0mA1CN3xUDAGdYBsmQaEgB0QlpSAGLIgMAakgB3UFrSAElZSNsSAGE
521=NCIgNic5Am5UAs2UbygpAHAoKQBxSAFMGGVKDYRoUwEBAA4oKQAPKCkAECgpABFIAZcNAQ
522=ASSAGQFHmKSFgHSAAiDSNIuPgiDiNIANG5FkwFhPp4iietABhVAmhIIkEwGcgBQTAaSAGf
523=CgIAG0gBgOt5ikika3mKSLxte4pIAOFECE08H0wFyQEgSQFpVAJdCiFIAVwSeRwiKCkAI0
524=gBbIlF2STKAQMGUltIAISieYpIu9cGACdABIWiBlGdSLOjBgApVAKf2wYAKkgBwQQrSAGI
525=pnmKSEgHSw8FAC1UAtWGLkgBTQIASWQvSAGURHmKSKhDeIonKQAyQAQjdzAFADNIAYQ/Ig
526=0jSCYhIDVUAiOoJnmKSCSYJHmKSLyZeYpIKFkRSLiVeIrXAgIAO0UI10AlWSc8SAHd5j1I
527=AZMUAgA+KCkAPygpAEAoKQBBSAGMiSINI0hEJEMHAgBDVAKA9nmKSEy7VAIiDSNIoGciDS
528=NIWC2UAny33SBIWAYjaDR5ikgk9DV4iidJBEtABICTeYpIXMtECHmKSFwASAB4itwgeYpI
529=JNA2Ig0jSKSieIrUI3iKxykGAFNcCsk4VEgBkCp5ikgj+C8BBAYAVlQCcY0FeIrXDQIAWF
530=QCWA5xS1lJAWhEKQEDAgBayQEEIg4jSAB0AgIFAwBcANMfAwBdKCkAXkgBI/8gAwBfSAGT
531=CQMAYEgBk2wDAGFIAZ14A1iKJwUMY1QCzQVkSAEjACciDCPYHHiKzCZ4it8gAwBoTAUjBy
532=0DAGlIAZg9eYpItEQiGDXTNQIAbEAE1XBtSAHVDW4oKQBvKCkAcCgpAA6mtQAAIl0iSZQG
533=SQEQVAKDGgEAEUgBnApgiMMEAgATVAKQBWCIJ1UAFShVABYoKQAXSAFwKkktGMgBSS0ZyA
534=FJLRpIAYgMIhI0SQAjzyUEABxVAuVENF2vHUgBmREDXVFJTABJDwNMICcpACBBBGlMBV0K
535=IcgBRT8iSAFEBXk9I0kBUEwBAQEGACRIAYT6YYhJJDgjYYhJJKgxYYhJpKJgiCeBAClZBo
536=9FCABhiEmscyIRNEltAgBVAixABIx+YYhJtHsiXSJJ+e0vQASQBWGISf3xMVQCzWgySAEj
537=+DBhiEmopmGISaCpIhA0xBNhiEmgnmGISSQAJ2CI2AYiXCLYBmGISVAlSQ8CQYhJp+QCAD
538=xUDUwCdSM9KCkAPigpAD9IAYTZIlwi2BwiXCInKQBCQAQliSJDSAEnARFJoH1hiEmviQUA
539=RkAEnWIFXNjFEwVYUNAJYIgnSQRKTAXdIEtIAZAUYIjcCmOISQDSeAJgiKgBQTtPTAV0Al
540=HEUEkBqKEEUcgBQQRSSAFwAlE1U0gBI08rBgBUSAGI3WGISUyESARiiEkAJXEqV0AEmRQG
541=UQNJUAFTZQYAWUEBaEpOBgZCiEkAaAEBBwUAW9YCCARAiNlTBECIxx4EAF5ABCPQIGCIwA
542=RhiEm5qwNAiMFRBECI3DYiXCLESiJeIkkAxYFlUAlVFQBJZGZIASXpI2dIAdVlaEgBlC5g
543=iMwQYYhJsEtgiMAPYIjTNQMAbSjZAG4oKQBvSAHVDQ+sI0IhABBIAYQ/aIWEJmVKElQCjA
544=VohSdVABQoVQAVKCkAFkgBcPtFNBdIAWQpUSoYyAFRKhnIAVEqGkgBgxoEABtIAYixaYVK
545=oBoirSFK5SkeQASdIARVX0q3hgQAIFUCalw2RfohyAFBDyJIAXyDTUcjyQEDaoVKACOUYG
546=qFSgAjaGBphUokwD9phUqs92iFJ60AKUQII0RLaYVKmCBJTitUAowBIqwh3BVphUq0e2iF
547=3AoiCTNKrOFqhUoA0WEx5AgiCTNK4YgzVALN7DRIAZBLaIUnxQM2VALNJjdIAc0mOEgBmx
548=EEADlIAcWtOkgBhQgCSIXEE2iF1BgiCDMnKQA+TAUlMSI/SAGQmGiFyCJohSetAEJBBGxU
549=LkG0Q8gBQbRESQFtVAJNMUXJAQFphUrpsUdUAs2qSEgBJdghZHOUDSKtIUokpCAiCDPAD2
550=mFSqiQaIVABFwcVTlORAh9gwQirCG1AgUiriFKAGiFRT9RQARoAU0FUkgBlA0irCHcCmiF
551=wBpqhUoAI0AvaIUnVQBXWAYlRSpYSAElaSlZSAFIEHHEWkkBaEUeCmmFSpaGCwVIhcktBU
552=iFyENohdcCBABfWAaHCAQAYEgBlS4ESIXIQ2mFSuVgY0AEmD1ohdBAIqwhJykAZiiBAGdI
553=AcXvaEgBIzNOBABpSAGQQGiFzxADAGtUAptpAwBsSAHZBm1IAcUTbigrABAAS6AwcYJLnA
554=MBAAIAElQCjAFwgidVABQoVQAVSQFMRARNMRbIAU0xF0gBn9AGABhIAdknGcgBWScaSAGV
555=WgVRgku8IHOCSwDiSi0ABEgRJykAHkwFiBdxgkv10yBVAmpOBQIFRgJLAJ0rBl1ySySbLw
556=YAI0AEI2wvcoJLACPcSHOCSwCDXBVVeyZABCNAW3KCSwDJAShVAoihBClIAc0FKkgBI0hy
557=IvwgJ7UBLFQCyQwtSAGAMHGCS6SXcYJLSBJUCXGCSyR8UiIAMsQpcYJLsPsi/CAnbQM0UA
558=mfQQUANSgpADZIAc0mN0gBkGwi/SBLJBA0Iv0gS1QeVA0i/SBLrV0DUYJLUKlUAnGCS7h0
559=cILMECIAMswQIl1DSyR4NnGCSyZ5YkFUDVwHccRCKCkAQ0kBbEAwAQkCAERIAXCCAQIGAE
560=VIAY8FBgBGSAEjp2IGAEdIAdUjSEgBzRtJKCkASigpAEsoKQBMSAGEP3CC3BUi/SBL6bxP
561=QATJvFBJAexkDyICMksAaAFRxFJUAiUJKFNIAX0DAHCCJwkHVVQCI8hAcYJL5cNXVAIj8F
562=Ai/CAn4QFZVALVWlpIASVFKltJAYpcIF0KXEgBmTIFUILbBgUAXlQCkB9xgku8QXGCS6nS
563=BFGCS6SicYJLJO8pBABjWAafFQQAZEgBg1wEAGVIAYvHBABmSAGHlwQAZ0gBI3M1BABoSA
564=EjbCRwgswQCwQAagBLACYAAAAAAwBrEQAAfRAAIAgASwAlAAAAAAMAbEkBAGMABABtKCsA
565=EQBMbAICAAACABIoKQATKCkAFCgpABVJAVN3BQYAFkoB1wFPAQYAF0kBzakBGEkBz6kBGU
566=kB0akBGkkBJkgFAQAFABtJASKpARxJAdtjBAUAHUgBmwYFAB5JAdW1Ah9JAeCpASBIAdUN
567=IUgB1Q0iKCkAI0kB0m8FBgAkSAHBDyVJAYx3DQYAJkkBiKkBJ0kBhqkBKEgBZAEBAAYAKU
568=kBkm8BBgAqSgH//08BBgArSQHWvQosSQHQqQEtSAFZAwBZBi4oKQAvSQEfewIFADBJAdxv
569=BQUAMUkBIbUCMkkBHqkBM0kBJakBNEgBzRs1SAGTHwYANkkB5aUIN0gBnwoEADjrAQMAOU
570=kBJ2cIAgA6SQEgqQE7SQEjqQE8SQHYZwgCAD1IAXACTTw+SQGQtQI/SQGCqQFASQGFqQFB
571=SAHNBUJJAUtvAQYAQ8gBAQEGAERJAVG1AkVIAYs4BgBGSAHZMkdIAZc5BgBISQHTfwoGAE
572=koKQBKSAHBBEtIAdE1TEgBeApRKk1IAcEwTkkBkHsCBgBPSAHdNlBJAexUAgECBgBRyAEB
573=AwYAUkgByThTSAFcA2U0VEkB2q0QVUgByThWSAHBBFcoKQBYSAHNMVlJAdS5BlpIAYstBQ
574=BbSAGLLQUAXEgBiy0FAF1IAZ8gBQBeSAGDGgUAX0gBm14EAGBIAZteBABhSAGDDwQAYkgB
575=hzQEAGNIAdUCZEgB1QJlSAHVAmZJAY97EQQAZ0kBiakBaEgBwQRpKCkAaigpAGsoKQBsKC
576=sAEgBNlAZdQRMoKQAUKCkAFUgBYH1ZPRZIAcVgF0gBzTwYKCkAGSgpABpIAZEfBkJ9TQCT
577=HwUAHFQCkB9ifU0A3WIeVALdYh9IAdFhIEgB0TUhSAHJeiJIAd02I0gBjBdgfdMJBgAlVA
578=LFPyZIAcEEJ0gB2X8oSQGHeAJifU0AzTwqVALBUStIAc0bLCgpAC1IAcEaLkgBYAhZUy9I
579=Ac0bMEgByXoxSAHVGDJIAc0FM0gBi0MGADRIAdUYNUgBwQQ2SQFmdzkFADfJAQFifU0AdQ
580=ICYH2pAQNgfcsXAgA7TAWHawIAPEgBhFVgfSdhBz5UAosMAgA/SAGPRwIAQEgBJ6APJ60A
581=QlQCYH1ZaUNJAY54EWN9TQCRawgGAEVVAoupAUZIAcU0R0gBwRpISAF8A1UjSSgpAEpIAc
582=1HS0gB1TlMSAHVnE1IASejD00A2aEPT1QC1TlQSAFhfQRifU0AaQEFYH3LFwYAU0AEwQ9U
583=KCkAVUgB0RRWSAGDJQYAVygpAFhIAckXWUgBxQhaSAGErWB9yAxgfcQTYH0nVQBeTAWYdG
584=B9J1UAYFQChAhgfdA1Yn1NAJAfYn1NAJsRBABkTAWfNgQAZUgBly4EAGZIAZgRY31NAN1r
585=IgQAaFQCm7YEAGlJAYS1AmpJAYqpAWtIAdsGEwBOhAFVexQoKQAVSQFUfAJu904A2TIXVA
586=LZXhgoKQAZKCkAGigpABtIAdFhHEgBxWAdSQHjbBBt905EcU8MBQAfVAJAAX2vIEkB428B
587=BgAhyAFZiiJIAYeBBgAjSAF8A01HJCgpACUoKQAmKCkAJ0gB2cEoSQGKfAZoeidBAypUAs
588=EaKygpACxIAYMwBgAtKCkALkgBwVEvSAFsCU0QMCgpADFIAcmFMkgB0R8zSAHNBTRIAcUp
589=NUgBwQQ2SAFxdwRqek4AagEFBUz3qgEGAkz3qQEHaXpOpKJoeifdBjxECIgMaHonVQA+KF
590=UAPygpAEBJAZFjMAIAQUgB2QZCSAHZPUNJAYtgBGt6TgCGqQFFVAKMBW73TgDVcEdUAsEa
591=SEgB0aNJKCkASkgBwWdLSQGSsQlMSAHFCE1IAc0mTkgBzTFPSAHVI1BJAZZkD2p6TgBoAV
592=1BUlQC0Y1TSAHNtVRIAdGCVUkBjbkGVkkBhakBV0gBwZNYSAHJF1lIAcE7WkgBgHJqek4A
593=iLFqek4AhBNqek4AmBxt9064dGp6TgCFCAVN905YWVgNaHrQNWh62DJqek4AzXNkVQ2EaC
594=Jqek4A1fRmVALdeGdIAcF9aEgB1QJpSAGLOAQAakgBTA0EAAAEABQAT4QBXXgVSAF0OUEl
595=FkgB2RwXSAGXGAYAGCgpABkoKQAaKCkAGygpABxIAYceBgAdSAHZMh5IAZkNBlQdww8GAC
596=BUAnB3RcMhyAEBAwYAIkgBzQUjSAHdNiRIAd02JUgBwQQmSAGXLgYAJ0gBwQ8oSAGYoHF3
597=T6wxIuEtT6AwIuItTwDdTCxMBckMLUgB2T0uSAHJDC9IAckMMEgByQwxSAHVIzJIAYetBg
598=AzSQGPfAZ98U/5oDVUAsEENkgBhTQGXfFPkncJBlB3qQEKcHfUI3B3JykAO1gGeApRNTwo
599=KQA9KCkAPkgBiFl88SfZAEBUApBAcHcnVQBCVALZPUNIASfxDk+kSn7xTwDVGEZABN1tR0
600=gB1ZxISAHRH0lIAdUCSkgB1QJLSAHBJUwoKQBNSAHBBE4oKQBPSAHVI1BIAWR2XUFRyAFd
601=QVJJAdpUH1lTU0gBzfdUSAGH5AYAVUgB2bZWSAHZtldIAVQGccRYSAHNBVlIAdUCWkgBJ/
602=AO1CNyd08AkPtwd9REcHcngQBfWAaECHF3T1hZUAFwd8AEcXdPpIFxd0+gfX/xTwCN8Hcn
603=rQBm8Al88VQuoQRoVALF72lIAUAMZ3YVAFBIHVABbexQsBQifTxQ4VwYQATdKxkoKQAaKC
604=kAGygpABwoKQAdKCkAHkgB3TYfSAHRdyBIAXl0BG7sUABpAQV7dFAA2VQRWTIjQAREAWkt
605=JEkBjmwBItksUGABdQImVALFSidIAc0xKEgBhAR6dFAA1QIqKFUAK0gB1ZEsSAHZES1JAf
606=F/BgYALsgBTRAvSAFwAo3sUOlvMVQCwX0ySAHBfTNIASWtNzRIASWlIDVIAYStIn88UACF
607=bDF7dFAAP2ALeHSpAQF6dFAAnMV6dFAAlIZs7MQeItgsJykAPVwKYAhRdz5IAZgceXRQJP
608=wrItosUACIm3h0J9kAQk0FMXwGInw8TAW5EURUAtUYRUgBzV1GSAGfCgYAR0gBdAZdIEhI
609=AdUCSUkBk3sCBgBKSAGDXAYAS0gBwUZMKCkATUgByXpOSAHNc09IAWAIXQpQKCkAUUgBbH
610=NJQ1LIAUlDU8gBAQYGAFRoAakXVUgB0UtWSAGA4CLaLFAA3fxYVALNMVlIAdUNWkgBJTUo
611=W0gBJT00XEgBJdk3XUgBmAZ4dNgnbexQSMJMCCJ+PFAAIyw9eXRQJtErYlgGiLF4dNgGeH
612=RUOXwVbuxQANntZkwFI2QjeHQnrQBoVAJADG5zFgAj0EJtXRdIAd0rGEgB3SsZKCkAGigp
613=ABsoKQAcKCkAHSgpAB4oKQAfKCkAIEkB0XAUYXJRlHBBMCJUAmByQTAjyAFBMCRIAdGjJU
614=kBiWAWIsJKUQDFYCdUAt0VKEgBxTQpSAHJFypIAdUCK0gByUMsSAHJQy1JAfFcCk21LsgB
615=WREvyAFZETBIAd14MUgBxQgySQHRtRgzSAElLT00SAHRFDVIAYRrYXJRtKdhclGAclHEOE
616=AEbXMDYnJRAJyOYHLMMWFyUbNAAQA8TAUjb0UBAD1JAShcFQEAAQA+SAGQH2FyUay1YnJR
617=AJgRYXJR7XNCTAVgcgECAgBDyAFFHkRJAVdwCX3mUSalK0ZUAsUeR0gB2SdISAHRH0lIAd
618=EfSkgB0aNLSAGbEQYATEgB3StNSAFkDElvTkgBJSksT0gB1QJQSAHRglFIAc0mUkgBbXMJ
619=Ih47UQBpAQpgcqkBC33mUSR3MAYAVkwFxQhXSAEl/StYSAHRCVlIAdUNWigpAFsoKQBcSA
620=HZdF1IAdl0XkgB2XRfSAGABGJyUQCUAmFyUSZ5K2JBBId8QWNyUQCIqQFkKFUAZSgpAGZI
621=ASN0UWJyUQDT5RcAUowUQSUYSAHFKRlIAclZGigpABsoKQAcKCkAHSgpAB4oKQAfKCkAIE
622=gBwcohSAHdNiJIAWhvSS0jyAFJLSTIAUktJUgBIyQmaW9SpFUiyConvQIoQATBRilIAdVE
623=KkgB1Q0rSQGMayIGACxIAYQeIr85UgDxTB5BfS5UAmgBAQcGAC9IASXVJjBIAcUIMUgBzU
624=cySAHFwzNIASVJJTRIAcHgNUgBgDBpb1IoLxxSAERUDV0rOEAEaAGO4VIAhIxpb1IoLRxS
625=JGwkaG/YHGtvUgAkZAhrb1IAIKkBP1AJwXJASAHRCUFIAY+UAgBCSAEleStDSAF2cAUCSx
626=FSADJkCGpvUgDVcEZABMUpR0gBzWhISAGUvSKtWFImrSFKVAKUDWzhyBdob98VBgBNQATF
627=KU5JAdGhME9IAXwOXSBQSAGEEyK8OSfZAFIoVQBTSAFpbw5pb1KVcA9ob0wQSQgBaW9SqN
628=Ju4VIAzTFYWAbdCllIAUgFbctaKCkAWygpAFxIAc0FXUgBzQVeSAEleStfSAGUAiLJKlIk
629=5FRqb1IAmHQiyConKQBjTAXVAmQoKQBlSAHFdmZIASU6ORgAIhhXRwsGABlIAd1tGkgB3V
630=cbKCkAHEgB1XAdKCkAHigpAB8oKQAgSAHdNiFIAZy6IsApJ7UBI1QCfG1RKiTIAVEqJUkB
631=2FQRUSomSAHFKSdIASX9NihIAdFhKUgBSAVxKipIAdFhK0gBjBtxbFPxuS1VAu1QBUXOLs
632=gBQb8vSAHdTDBIAcUeMUgB1b0ySAHVGDNIAUAIdQ00SAHVhjVIAdGCNkgBJSE2N0gBI6wh
633=IsEpU1JcAABV6TlUAnxtWV46SAEjw2ABADtIASNkI3FsU7hIcWxTJHAqcWxTudcBTeZT6W
634=9AWAbdbUFIAYAlcWxTuMF828gtcWxTkGxBfUVNBVZ4GCJQR8wFIsEpU6S4IkFmUyYNOUlM
635=BdUjSkgBySJLKCkATCgpAE1IAdknTkgBzSZPSAHBJVBIASOEJ3BsxBMinVZT/XhTQARgE0
636=FyVEgBcEBNJlXJAQVwbEwFRARdpFdUAt1BWEgBwQ9ZSAElRSpaSQHATAVZSFvIAUU/XEgB
637=1URdSAFcA3U5XkgBkNoiwSlTsNpxbFMkBzgFAGFABCMrQgUAYigpAGNIAZcNBQBkSAGTCQ
638=UAZUgBhXYEWGkihD5fAgYAGiEMLUABdQ0bKCkAHEgB3W0dSQHNoZMeKCkAH0gBzV0gSAHF
639=CCFIAcGeIkgBJaElI0gBIwAyItpjVADZJyVUAmgBWScmyAFZJydIAdEJKEgB2TIpSAHVAi
640=pIAcU/K0gBxT8sSAGEHm/WVACXcAUi/DaoAUktL0AE3SswSAElsTIxSAHJDDJIASPINSKa
641=RVQAyRc0VAKTxAYANUgB2dc2SAEjeCAiuShU+dc4VAIiuCgBAAYAOcgBVVo6SQHmeCd5aV
642=QkTDZ4aVgGcBR7aVQAg6kBPkwFlA14acc0AQBAVALR2kFIAcVrQkgBdQYAeGnMBXhpJykA
643=RUAEkAF5aVQmxUVHVALFzkhIAdknSUgBzTxKKCkASygpAExIAdk9TUgB3fxOSAElWSdPSA
644=EliXpQSAElWSdRSAHRYVJIAckMU0gBwQ9USAHV3lVIAXxBCQkGAFYAVADYAAAAChEAAPcQ
645=ACAOBgBXAFQA2AAAAAsGAFgAVACDAAYAWUkBwEwBAQMGAFrIAQEEBgBbyAEBBQYAXEoB2A
646=FHBAYAXUgBQAECAAAGAF4oKQBfSQEmewIFAGBJAR6pAWEoKQBiKCkAYygpAGRIAWgFAwAF
647=ABoAVYQBXQobKCkAHCgpAB1JAdqtEB5JAdKpAR9JAdSpASBIAYsIBgAhKCkAIigpACNJAZ
648=JnBAYAJEgBZAFVDSVJAdhMAQEJBgAmyAEBCgYAJ8gBQSUoSAFcA2UeKUkB17UNKkkBzakB
649=K0gBzRAsSQG4UAUBAgYALcgBUSouSQGXVAJJAS9JAda5BjBJAdWpATFJAZFABFkRMkkBhq
650=kBM0gBZAFVAjRIAckXNUkB2bkGNkkBi6kBN0kBhakBOEkBP1wGTRA5yAEBAwIAOkgBhzQB
651=ADtJASJABAEAAQA8SQGQqQE9SQGDqQE+SAGPEAEAP0kB3X8KAQBASQGPoQRBSQHgtQJCSA
652=FwAgEAAgBDKCkARCgpAEVIAWRNAQEGAEZIAdUYR0gB1TlISAHVOUlIAdEqSigpAEsoKQBM
653=KCkATUkB0W8QBgBOSgH//1cQBgBPSQGOtQJQSAFMAn02UUgBixcGAFJIAcEPU0gBwQ9USA
654=HBD1VIAd0KVkgBaUMOYmdVAGkBD2NnVQCzQAtBGllABGgBSS1aSQHAVQIHYmdVANUNXFQC
655=2T1dSAHZPV5IAUgFZRNfSAGdKwZAZycFDGFUAt1MYkgB2QZjSAHbBhsAVoQBAQAGABwoKQ
656=AdKCkAHkkBkL0gH0kBhKkBIEkBhqkBIUkB26kBIkkBz6kBIygpACRIAcEPJUgBwRomSAF8
657=IEkiJ8gBSSIoSQGpQBJJIilIAd0rKkgB3WIrSAF8Yk2JLMkBBmpkVgB0Ak0mLlQCQAhpIi
658=9JAdy5ETBIAcEPMUgBwQQySAGTVgYAM0kBi3sCBgA0SAFkAUkiNUgBxQg2SQGPsQk3SQGJ
659=qQE4SQFBcwUGADnJAQFrZFYAkmEEAklkVlSBRARqZFYA1WU9TAWDDwEAPkkBiFwDTWg/SQ
660=GFqQFASAHBZ0FJASS1AkJJASipAUNIAWQBVWVEKCkARUgBjD9qZFYA3VdHVALRgkhJAYd/
661=BgYASUgBxUpKSAHRVksoKQBMKCkATUkB0GAaa2RWAIypAU9UAsmFUEgBeApNJlFIAYwba2
662=RWAIl7AgYAU1QCwQ9USAHBO1VIAcE7VkgBaAVFCFdIAXBhVZxYyAFVyFnIAUU/WkgBzQVb
663=SQGObAFuy1YAJ2wZJ1ULXkAE3RVfSQGKqRdgSAHdYmFIAc0QYkgBbAlNEBxE3MkBHSgpAB
664=4oKQAfSAHdQSBIAd1BIUgBwYgiSAHdKyNIAdknJEgBzTElSAGcpH7FVwDVIydVAqlED0WB
665=KMgBXSApSQGTVAJFEypIAWxdAQgGACvIAUXOLMgBRc4tSAHdui5IAXQGWQYvSAHBDzBIAY
666=tOBgAxSAHZXjJIAc0FM0gB1SM0SAHRdzVIAc1oNkgBwQQ3SAHVnDhJAUFICEkXOckBA3Fh
667=V0wCSABxYVe9mQJfxVcA5m8xAQA9TAWAiHJhVwCUDX/FVwCMVAZdYkBABIMlAQBBSAGfFQ
668=EAQkkB4KUIQ0gBaAWQYSe1AUVUAnBhTYlGSAHRNUdIAcWXSEgBzUdJSAHNUkpIAScyDFcA
669=yQFMVALJvE1IAdU5TkgB3QpPSQGCexEGAFBIAd1MUUgBhBNyYVcA2TJTVAKPGwYAVEgByW
670=RVSAGNGwZbUFcAu1wGSRdXVAJoAVEqWEgBfGJVnFlIAVwDdZxaSAHBO1tJAYZ4AnJhVwDF
671=l11UAnECACKjJVcAjbEUX1QClC5+xVcAxWBhVALPBR0AWIQBWQYeKCkAHygpACBIAdFAIU
672=kB070KIkgBzSYjKCkAJEgB1UQlSAHRHyZJAYpwDCKbJFgArKkBKFQCaAFRHylJAZ21AirI
673=AVUCK0gBZGABDQYALEgB1RgtSAHFNC5IAZtIBgAvSAFgCFUYMCgpADFIAckXMkgBzdYzSA
674=HBOzRIAdkGNUgB1UQ2SAHVRDdIAc0mOEgBiCVvwFgARX8GBgA6VAJpAQF6XlgAI7QieV5Y
675=+cE9QQTjbCZ5Xljlwz9UApSnIpokWACUI3teWAAhfAp7XlgAJakBQ0wFg3ICAERIAXACRW
676=BFSQEybAFtwFhA208BBgBHVQKRdw0GAEhIAYgMbsBYAMlOSlQC2ZVLSAHNG0xIAYsMBgBN
677=SAHFSk5IAdUCT0gB3QpQSAHVAlFIAdkyUkgB0QlTSAGcIHpeWAAltSJVVAJhXAN5XliYXl
678=W9V9QCVb1YSAHRNVlIAdE1WkgBxUpbSAHBGlxIAcEaXUkBjKUeXkkBiakBX0gBQCJhZ2Ao
679=KwAeAFmQAlVEHygpACBIAcHKIUgBhfoGQjVZANFAI1QCyU4kSAHNRyVIAdkcJkgBzX4nSQ
680=GsUAxdeCjIAUUeKUgBYFxVAirIAVUCK0gBSAVxFCwoKQAtKCkALigpAC9IAcktMEgB1SMx
681=SAHVcDIoKQAzSAHRFDRIAdWGNUgBm6sGADZIAdWRN0gBydI4SAElCSg5SAHVpzpIAWBcUT
682=U7yQEFYlxZAJkRAl26WbO5AgA+QAQlzTA/SQHjbDFiXFkAyQFBVALVWkJIAYQTIh4wWQCc
683=mWFcWbWnAkJsWQBgXEVrRk0FM0YlAgJBXFmNXQNgXNijYFwnYQdKTAXVOUtIAVQGfStMSA
684=HVkU1JAYV4AiKRI1mobyIcMCcFAVBABM0FUUgB3UxSSQHEWAZBk1PIAVU5VMgBWRFVyQEE
685=YVxZgFxFuFdUAlQGbRBYSAHJb1lIAd02WkgB0TVbSQGMbCZ+ulkAJQ0uXVQC1VpeSAHRCV
686=8oKwAfAFqQAlVaIEgB0VYhSAHBZyJIAd0KI0gBwTskSAHNBSVIAcVKJkgB3XgnSQGWZwsG
687=ACjIAVEfKUgBcAJVDSpIAZBAIokiWrBAb7VaAI1kBCK+LloAyS0uTAXFKS9IAXwDRQgwSA
688=HJIjFIAdFsMigpADNIAdkRNEgB2QY1SAHJbzZIAdUCN0gB3TY4SAHVDTlIAc3hOkkBQHMF
689=BgA7yAFRSzxIAZCuallaACMoQmlZWkiAUwUCAD9ABMVVQEgBgxoCAEFIAYsMAgBCSAFGBQ
690=AAaVla7cBEVAKAUWlZWiZBJEZUAoSiaVlaiFlZaUhVAmtEP0VKSUgBJWkpSkgBxTRLSAHV
691=OUxIAdmgTUgBiMdoWScRCE9UApgRIogi2xEGAFFVAsRYAkWtUskBBiK+LloAdAJFVVTUAg
692=EIBgBVyQEJaFknXQFXVALBv1hIAcUTWUgB3TZaSAEnKgtaACWlQVxUAt1XXUgBkB8iiCIn
693=XwEgAFtcEkgAIh1GWyY5IyJUAiXNJSNJAYdUI0FGJEgB3VclSAHB1SZIAc0mJ0gBcFZFKS
694=jIAU1zKUgBIhQ6XVcqSAFMDWFyK0gBgDtyVlsAJa0sLVQCl5EGAC5IAc0FLygpADBIAcEP
695=MUgBxWsySAHFdjNIASVhKDRIAdHaNUgB0Ww2SAHVOTdIAclZOEgB0Qk5SAHNJjpJAUBQEE
696=EaO8kBA3+vWwAdVQIAcVZbsUsDXa9bJNghcVZb/VdAWAaIDHFWW7zxclZbACOoMXFWW/G5
697=REwFnG1xVlvpWUZUAnlTBHJWWwBoAZBWqAEBBgUAScAEAQcFAEpIAc0xS0gB1XtMSAHRH0
698=1IASURKU5IAd0gT0gBfBlNPFBIASKkIFE1UcgBUR9SSAFlVQtwVsQeIoAhJ+0IVUAE1TlW
699=SAHd21dIAdXeWEgB1QJZSAGQdyIBU1smOTlbVAIlkSNcSAHFVV1IAccTIQBchAFRFCJIAc
700=2fI0gBJRkqJEgB0VYlSAHdQSZIAd1BJ0gB3QooSAFsUgEEBgApyAFNcyrIAU1zK0gBzQUs
701=SAElXSItSAHVnC5IAdUYL0gBixMGADBIAdn4MUkBh6FnMkgBxUozSAHNBTRIAcU0NUgByd
702=I2SAHdeDdIAc0FOEgB1SM5SQFSeAIi/ytcADxoASL9K1ygUXlTXCh5ClwkgDd5U1wkGSoD
703=T6pcAB+5BkBQCWQBSVlBSAGEjHhTyC14UycpAERABM0FRUgBlyMCAEZIAW1SCHlTXJhTAQ
704=kDAEjWAgoEWFO1Agt6U1wAJ3kKXCaFJ0xMBcUeTUgBiAxtqlz1kU9VAsNYAk1SUMgBTVJR
705=SAFkVV02UkgBJQkoU0gBxTRUSAEldSVVSAHFgVZIAdleV0gBjHMimlBcAMEEWVQC1WVaSA
706=HZMltIAd1MXEgBVBFzmCIAXYQBTVIjSAHVRCRIAdkRJUgBweAmSAGMJiIhNl39IChUAs0F
707=KUgBbFJBvyrJAQpx+10jLFNJbyxUAtFsLUkBimgPfaRdoIgiIjZdANV7MEAEyQExSAHJFz
708=JIAXQGXRUzKCkANEgBJyEKXSY1PjZUAs3LN0gBzSY4SAHJODlJAWdAXFkyOsoBAgJR+13l
709=lzxUAiecFNQCY1FdACdwEH+kXQAjqQFATAWMG32kXSZFKkJUAnwDWVNDSAGYJyKdKl0mpS
710=BFVQLhTBBBBEZIASN4K2FRXaRgYFHIAWNRXQDfbAVhUV2rsQYAS1gGiwwGAExIASPQICIg
711=NidhB05UAnVPAyKfKl0Aw1AFVYZQ1AJVT1FIAdWRUkgByVlTSAElpSBUSAHRNVVIAcktVk
712=gB0UtXSAHJTlhIAdUCWSgpAFpIAYTDIrxaJ2cCIwBeUBFIACKJZF71ZSVVAot4HCLJS14m
713=ISsnVQKGtQIoSAEl/SApSAHJQypIAXVPDmlOXolOD2vzXgCjRQwBIj8pXgDHSAFNRy5MBW
714=gBVQIvyAFBcjDJAQMiy0teAM+tBTJUAmgBTQUzyAFNBTRIAc0QNUgBzRs2SAF0BkkMN0gB
715=3fw4SAF8TAEEBQA5yAEBBQUAOskBBmpOXgBhBAdun14AIyBXa/NeACB0CSI9KV79TD9YBt
716=WcQEgBfANNR0FIASP8QWyf0Cptn164SGlOXiRrNAMARUwFI8kqA0+fXgDicyoDAEdUApRP
717=aE7YBmhO2BFqTl4AI11ZBUhOyAxoTifdBk1ECJgRbJ8ngQBPVQLDWQIHIjwpJ1UAUVQCUA
718=JpkFJIAcUpU0gB2UhUKCkAVUgBxUpWKCkAVygpAFgoKQBZSAHdV1pIAcsMJABfhAFZMiVI
719=Ac3sJkgBJTFOJygpAChJAYRoImPrXwCIqQEqVALR8CtIAWVKAnFLX5FLA3FLX5BLRWsuQQ
720=THXA1Fay/IAV3xMMkBB3FLX5BLWQYyVAJwS1kGM8gBWQY0SAGHjAUANUkB6W8QBQA2SAHB
721=MDdIAdGYOEkBZ0EECHJLXwBqAQkEUEuqAQoDXJmpAQtxS1+krXJLXwCEonJLXwDFlz9QCS
722=P3KgIAQEgBnLp+mV8AhIFxS1+w8HNLXwDgQA9VT0RMBYxdcEvUAnBL1w0EAEdABJl0BEHr
723=X6BccUtfp0oEAEpABJhecEvVAgVcmSfdBk1ABE4qAABwSydVAE8oVQBQSAGYqyKxMl8kZG
724=UiPFUnrQBTQATFl1RIAcXDVUgBJ3EJX+nHVyhVAFhIAc0FWUgBw30lAGCUEVkRJkgBxUon
725=SAElxSQoSQGFdCN5SGC/KwYAKlQCxforSAHZ7SxIAYh6eUhgpDR54mCkNHniYPntMEwF3f
726=wxSAGLOAYAMkgBiDgijWpgJpVgNFUC5mwQeUhgvMV5SGCjMAUAN0EE6KEEOEgBhNl5SGAk
727=dCV4SMgBeUhgJnUwPEwFI4xqekhgAJAqeEjcFQUCAD8AYACOABEAACUOBh0IAAAAAgBAAG
728=AA1gGIAQJBAGAAz6kBQkkB0akBQ0kBJFwDTQVESQEoqQFFSAGXAgMARkkB6G8FAwBHSAGD
729=BAMASEkB3XcCBABJSAGPBQQASkgBgwQEAEtJAd9jBAUATEgBeAoBAAYATSgpAE4oKQBPSA
730=GTCQYAUEgBzQVRSQHZZwgGAFJIAdUCU0kB3LUCVEkBjqkBVUgBmxwGAFZJAc21AldJAdSp
731=AVhIAccIJgBhhAFZEScoKQAoSQGLrQUpSQGGqQEqSQGQdwUGACtJAYmpASxJAYapAS1IAW
732=QBUQkuSAHNEC9IAYstBgAwSAHZETEoKQAySAGDMAYAM0kBjmsIBgA0SQEmawEFADVJASKp
733=ATZIAZ8gBQA3SQEndwIEADhJAedzFAQAOUkBI7UCOkgBhwgDADtIAYcIAwA8SQHkbwUCAD
734=1JAdqpAT5JAdCpAT9JAZJnCAIAQEgBlxgCAEFIAYsXAgBCSAHNBUNJAY+tBURIAYc/AgBF
735=SAGZEQJCRmEAkUACQ0ZhAB1sBWNGYQAhaAFjRmEAHqkBSlkGJakBS0gBkAlgRsUIBUBGJ7
736=EGTkAEaAVJLU8oKQBQSQHXdxgGAFFIAdk9UkkBjLUCU0kBhKkBVEkBhakBVUgBnCBiRmEA
737=2QZXVALLDCcAYoQBVQ0oSQGPuQYpSQGHqQEqSAHVRCtIAZMFBgAsSAGHKQYALUgBxRMuSA
738=GHKQYALygpADAoKQAxKCkAMkgBiC1qQ2IA1U80VQKHbQwGS0NiAOZvEAUANlQCkGFoQ9QC
739=a0NiANtgBGtDYgDTqQE6TQXVqQE7SQHlaAFqQ2IAgEZqQ2IAg0YCAD5ABJcjAgA/SAGIWW
740=pDYgCUGGhDJykAQkAEnxUCAENIAZ8VAgBESQGFfBVrQ2IAi6kBRlUC3mAPaUNiKGgIyAFp
741=Q2K1RAVPiWIA4m0FBUyJJykATEQIgEZqQ2IA3StOVAKTFAYATygpAFBIAYQTakNiAN1BUl
742=UCgn8KBgBTSAHVOVRJAYm1AlVIAXgVRT9WKCsAKABjkAJVAikoKQAqSQGRuQYrSAGEBHFA
743=Y+UTLVQCjyYGAC4oKQAvKCkAMCgpADEoKQAyKCkAM0gBnDZ+g2MA0Us1VAKcNnFAY7w2cU
744=BjtDlzQGMA4WQTcEDDBAQAOlgGgIh+g2MAlIZyQGMAna8DXIPECHBA2AZyQGMA0YJARAiA
745=GnFAY/1BQihVAENIAYibcEDcFXBA2Cd/g2MAbEUTBHBAqgEFAkPKYwBtVgIABUDKqQEBcE
746=AnJQVLXArNPEwoKQBNSAGbEQYATigpAE8oKQBQSAEnEghjAMm8UlQC2T1TSAHdNlQoKQBV
747=KCsAKQBknANFPyooKQArKCkALEgBlGVtfmSoIng9JykAL0AE0RQwKCkAMSgpADJIAdEUM0
748=kBkHwgej1kAMWMNVQCkRAGTX5krDx5PWTpZDhABJF3BVvBZAAfcAV4PcgBej1kAIU/AlnB
749=ZOG0PVgG1QI+SAGcQXk9ZCi4B9QYeD0nKQBCTAWAGmx+J1UARFQCxT9FSAGcbXg91Bh5PW
750=SFPwl5PWSaPQIGWD0BZAD//0EWBkx+wQ8GTH7fCgYATFAJlA0i/CAnVQBOKFUATygpAFBI
751=AcUpUUgBzXNSSAFBDABJOFMoKQBUKCsAKgBlnANBBCsoKQAsKCkALUgBzTwuSQHSpTQvSA
752=HFEzBIAdUCMSgpADJIAcEEM0gBJx0PZeFRNVUCirEJNkgBkRAGXvxlAIn+Bl/8ZQBmYARg
753=O6kBAWA7qgECA1z8qQEDYjtlAIjocblltHt9eGW0kWE7ZbhTcLknKQBBQA+QFHz8J1UAQy
754=hVAERIAZAqfHjIF2I7ZQCU6WA72CdhO2VcqlwYYDvAD2A73ApgOycpAExcCoAPYDsnVQBO
755=KFUATygpAFAoKQBRSAHFKVJIAUwNoDvMECKpJmaQAlY5LAAnKQAtKCkALkgBJeUoL0gBiO
756=giqSZm8cQxVALZMjJIAcEEM0gBgAtuc2YA0Us1KFUANkgBydI3SAElVSE4SAFpOARpOGaW
757=OQUFSLGqAQYCSDipAQdpOGbxNT1YBoz3aThm/TY/VAKMJmg4J1UAQShVAEIoKQBDKCkARE
758=gBJwoHZgAjOCNqOGYAmKBoOMAlaThmiTgBaThmpIFoONQNaDgnKQBMXAqYEWg4J1UATihV
759=AE8oKQBQSAGMEHzx1A0ibC8nKwAsAGeYK102LSgpAC5IAdm2L0kBhHBhcTVnt08GADFVAp
760=FjBwYAMkkBi6kBM0gBzTw0SAFwAl0KNUgBI2wkYalnJt0nN1QCmJV9bWet4QZBqWeSNQkG
761=UDWpAQpxNWflNDxYBoAafG3IF3E1Z6wmfW1n/TZATAWAJWCpJ1UAQihVAEMoKQBEKCkARU
762=gBlN5xNWcm/TZHVALFrUhJAVZwG3A1wA9wNcgMcDUnKQBMTAWMEHA1J1UATihVAE9IAdGY
763=UEgB3VdRSAFkDFsnLQBohAFJAS5IAZhIIk8raACH+jJoACV1JTFABNE1MigpADNJAYmtBT
764=RIAZQJIk4raADV3jZVAoihBDdIAc0FOEkBO3AFeTJoRGYBAAABAlkyaO0xO0AEjBttaGj1
765=Lj1UAtknPkgBwQQ/KCkAQCgpAEEoKQBCKCkAQygpAEQoKQBFKCkARigpAEdIAd1BSEkBMb
766=0VSUgBycdKSAHdK0tIAZgRfNvcFXgyJykATkAEwTBPSAFsCVUuUCgrAC4AaZACVQIvKCkA
767=MEgB1WUxSAHZMjJIAcUpM0kBUmAHc5hpADapATVUAmgBTX42SQE3tQI3yAFVAjhIAWIwAg
768=JcYsAPYTBp7V07QASAGmEwaSgABicpAD4ogQA/KCkAQCgpAEEoKQBCKCkAQygpAEQoKQBF
769=KCkARigpAEdIAScBBmlCgwAAXRVJVAJtMQN/YmkAV60bS1QC2TJMSAHZMk1IAdUuTkgBaA
770=VdK08oKwAvAGqQAlUCMEgBzcAxSAGYAmmQakQkUAEi/DaoAUVVNEAEfCtZETXIAUH2NkgB
771=aC1VAjfIAVUCOEgBlP9oLdQNaS1qKKkFav0rPEwF1S49KCkAPigpAD8oKQBAKCkAQSgpAE
772=IoKQBDKCkARCgpAEUoKQBGKCkAR0gBJ6gFJ5ECSVQCaC0BBQIASkkBVFggQSVLSAFkAUkB
773=TCgpAE0oKQBOKCgAATAAawBoIk0FMcgBVU8ySQE5SAhBJTNIASMjQQIANEgBIyNBAgA1SA
774=Ej/SsCRVpr8YI3VALZfzhIAcElOUgB1QI6SAHVAjsoKQA8KCkAPSgpAD4oKQA/KCkAQCgp
775=AEEoKQBCKCkAQygpAEQoKQBFSAGITn66awDJAUdUApRPcfBrXB1LAAIASVQCQAFMWVIqaw
776=BwKkkiS/QCYIjMBWCIJysAMQBshClFSjJIAcUIM0gBI0hGeSdskgIAA1knbCTMMHonbACd
777=YgJVB2zlEzhYBsElOSgpADooKQA7SAHVGDxIAc0FPSgpAD4oKQA/KCkAQCgpAEEoKQBCKC
778=kAQygpAERIAclORUkBjnDEeCfUGCIPI2wAkrUCSEAEzWhJSAGcHG9SbAAybAF54mxERUwB
779=eCeoAVMqMgBtSAJLAAIAM0gBJTEtNEkBIFECAH9MbQAuqQE2VALVTzdIAdVPOEgBJak8OU
780=gB3SA6SAHJFztIAWAIUQk8SAHJLT1IAc0FPigpAD8oKQBAKCkAQSgpAEIoKQBDKCkAREgB
781=1Q1FSAGMlGAlJ20DR1QCzRBISAEjeCt8TCeBAEpUAmAlRZdLSAHHlzMAbpQGSRc0KCkANU
782=gBxUo2SAGFBANNR27lSjhUAidJBG7llzpUAtEUO0kBuL02PEkBsqkBPUgB1SM+SAHRSz9I
783=AcElQCgpAEFIAcEEQkgBwQRDKCkARCgpAEVIASXxJEZIAZwVbEcnbQNIKFUASSgpAEpIAS
784=OYOmFnb5QGXyA1AG8myTU2SAHVRDdIASUtPThIASfxA2/5aTpUAsF9O0kBt6UePEkB9qkB
785=PUkBsKkBPkgBySI/SAHJIkBIAcUIQUgBnBEi/TZv8XdDVALdIERIAdUjRUgB2QZGSAHZBk
786=coKQBIKCkASSgrADUAcIgFRR42KCkAN0gBIzMtAgA4SAHdCjlJAbypFzpJAbSpATtIAc0b
787=PCgpAD0oKQA+KCkAP0kBtrkGQEgBI2QuItoscAAjTDZ4HCc5AkNBBNitBURIAZQUIpg6J4
788=EARihVAEcoKQBIKCsANgBxlAZNGzcoKQA4SAEjRCpy8HEAIyArcfBx7RA7QAQn3gZxAM0b
789=PVQCyQE+SQGxpRM/SAHRCUBIASMkJmAaJ+EBQlQCkBAiQkVxAMFyRChVAEUoKQBGKCkARy
790=grADcAcoAIVRg4KCkAOUgB2X86SAHZMjtIAdEUPCgpAD1JAbO9FT5IAcEEP0gBJywGJ4kB
791=QVQCmA1sMSdVAEMoVQBEKCkARSgpAEYoKwA4AHOACF0VOSgpADooKQA7SQG7uRE8SQG1qQ
792=E9SAHBvz5JAbm1Aj9IAZQJIlA8J10BQShVAEIoKQBDKCkARCgpAEUoKwA5AHSMCUUTOigp
793=ADsoKQA8SAHVOT1JAYWtED5JAb2pAT9IAYgIeBEnMQFBKFUAQigpAEMoKQBEKCsAOgB1gA
794=hNEDsoKQA8KCkAPUgBwTs+SAGQBSK8OSfZAEAoVQBBKCkAQigpAEMoKwA7AHaACFUNPCgp
795=AD0oKQA+KCkAPygpAEAoKQBBKCkAQigrADwAd/0KPSgpAD4oKQA/KCkAQCgpAEEoKwA9AH
796=gkKGMiWT14Jvk7P1QCJQEnQEgBIyxIYQR59A0IPwB5AAAAAAAAAgARAAA=

[Lighting]
Red=0.850000
Blue=0.750000
Green=0.750000
Level=0.008000
Ground=0.050000
IonRed=0.300000
Ambient=1.150000
IonBlue=0.750000
IonGreen=0.400000
IonLevel=0.000000
IonGround=0.000000
IonAmbient=0.720000
DominatorRed=0.850000
DominatorBlue=0.300000
DominatorGreen=0.200000
DominatorLevel=0.000000
DominatorGround=0.000000
DominatorAmbient=1.200000
DominatorAmbientChangeRate=0.001000

[Map]
Size=0,0,60,62
Theater=DESERT
LocalSize=2,4,56,52

[Neutral]
IQ=0
Edge=North
Color=Grey
Allies=Neutral
Country=Neutral
Credits=0
NodeCount=0
TechLevel=1
PercentBuilt=0
PlayerControl=no

[Nod]
IQ=0
Edge=North
Color=Gold
Allies=Nod
Country=Nod
Credits=0
NodeCount=0
TechLevel=1
PercentBuilt=0
PlayerControl=no

[OverlayDataPack]
1=BQAAIP4AIACAwwAAIP5DAgCBAwAC//sBSgCFBgAHAAT++QEAhgcKCAoICP/5AUYEggcK/g
2=QAC4EK/vcBAIIECP4EAAoCAIEG//oBRwiEAAoLCv/6AUUGJAD/8gFFCIIGBkv+KACCCgf/
3=7gFFAhX3gQfIOAhgDf/pAVgGBfRZ84QICwsI/+8BRhKBCAn0gQtT9IMGCgr/7QFGCgfzLf
4=Rl9IIICP/1AVEGY/WCBwf/8gFQBoIKCGH/ggYAcAz/6AFPDoEHcfKBBMBABv+8AUQcgFwA
5=ACD+QQAAgwcIB/7+AQD//wFDAIMABAT/AAJDAv7+AQCBAf79CwCCBgb//gFDEoIKCv/9AU
6=EUgwYKC//+AUIC//8BQBiBB99AFoED/9sBZRaECAoLCN8hAP+cAUIWgCcBACD+PAAAggYK
7=/gMAC4EH3x0AgQrdQQD+twEAgQb+BAAK4UEAgwgHBv7VAQCDCAoA32QAgggLACaBCv/VAW
8=cChQYICgoI4hwCgQveQQb/tgGIBIMHCAjeQQQCJoILC//WAWcEEd6CBgP+IQAAgQcCAf/X
9=AWUA5RgIggcE/tYFAIIEBP7+AQCCCAj+7QEAgwMEAMpBEoEG/gMACCnbCeKBBgwM/t4BAI
10=EBwTsEAfFh54IGCMBlBIEIAgDBYgbAPgb/yAFkANVNFoEHwGQI/gQAClAfEfMmAQIAgQDB
11=PQCCCgj/xAFOFgHONdbRLQDIZATAZQoj/jIaIhvUZwj/rgFNFhHY0U4YgQj+BAALEhw7+4
12=EHABBp/xA0gQfBYQTPaBwIHOBACP52AQCADAEAIP4SAACKBAcHAAoLCgAHBP4QAACBBgAX
13=gQj+AwAHgQYgJ4YICAAKCghwJYEGEBiBBDAdywYAgwgKCgArzlEA/pcBAAHZggoKAenPag
14=ACGnAVICeBCP4jAACBBxH9/gMACv+oAWoAE8pT5dxFAuJpAoEGAigEN/+qAWoC/ikAAAYC
15=/iQAAIMHCAj/0wFpBBPa5GYGzhsA/sgBAIED/v0DAAwP/9QBaAT+KQAAggcLG9j++gEAgQ
16=bBZQDIPwD+8QEAL9n/1wFlDOMXEoEL/6sBaQLqDxLjZAaCCgv/1wFAFBPa3UAQgQPBYgT/
17=2AE/DgQB3hgYgwoLC//XAT8YLd7AOwbPGgDKBwL/xAE8HIBwAAAg/hkAAIYDBwgLCwj+HA
18=AAhQYHCAcE/tsBAAIAggoG/h4AAP/cAT8AgwAGCtwcAP7gAQCCBwreHQL+3gEAgwYICv/9
19=AR8EBAP/3QE+AP4jAAD//wEhCv4wDgCCBgf/+wEgBoMEBwjAHQaCBwP+rAEAgNQAACD+QA
20=AAgQMAAv4IAACCBgr+AwALggoH/u0BAIMGBwb+CgAAgQj/8AFPAIcBBAAIAAYEcgD/7wFR
21=AAHzhAgIAAgkA4YDBgcKCwj+7wEAB/OCCgoyAIIGAAAKZAv/6AFZBP4EAAuBCkILgQr/8Q
22=FPBoEI/gQACoILCiQAgQf/8QFNCIEEG/CBAAIAKfWBBMhCAv7nAQAP8CQAB/z+8wEAgQML
23=8P4FAAuDCgoH//ABTwj+BQAAgQcn/gIAPAH+8gEAggYGwD8CgggI//ABUATNLQ7+vAcAgA
24=UAACD+ACAAgAUAACD+ACAAgAUAACD+ACAAgAUAACD+ACAAgAUAACD+ACAAgAUAACD+ACAA
25=gAUAACD+ACAAgAUAACD+ACAAgAUAACD+ACAAgAUAACD+ACAAgAUAACD+ACAAgAUAACD+AC
26=AAgAUAACD+ACAAgAUAACD+ACAAgAUAACD+ACAAgAUAACD+ACAAgAUAACD+ACAAgAUAACD+
27=ACAAgAUAACD+ACAAgAUAACD+ACAAgAUAACD+ACAAgAUAACD+ACAAgAUAACD+ACAAgAUAAC
28=D+ACAAgAUAACD+ACAAgA==

[OverlayPack]
1=CwAAIP44Hv+Bsf7HAf+AgAAAIP5HAP+BcP77Af+BcP/8AUYAEf3//AFDAv4HAHD/9gNIBP
2=4KAHD/+gFHCDIF//4BRwb+BQD/ga7+4wH/gbBh98w3Cv/yAVIMzzgO/uMB/zXkykAS//IB
3=QwxJ9P/xAToUga3TORD/8gFDFP/+ATQYzD8SFg3/8gFEGtIrEv60Af+AWQAAIP5BAP/+Aw
4=Bw/v4B////AUMABAH/AAJDAv/+A0QA/gYA/4Gt/tYH/4Gp/iAC////AUIE/gQAcP/XA0MU
5=40gKMgCBrv/4AU4Q4D8Y/9sBQhb+BQBw/74BIQCA3AAAIP48AP/+BgBw4R0A/q4B/4Gw/1
6=EAFQD/sAFkAOYVAhAD30ICIAT/1QFqAuBmBP/eAWEC//8BPwY13/9FAB4I/pwB/4Gu/0MA
7=/wf+yAP/ga36FBD+0AH/gh4e8gcC/9gBdxD+DgD/ga//1QFsAss0FP4EAB5Z4knlgbH+2A
8=H/Ad/LZAgB+zIA/gkAcP4IAP+Bqv/VAYMSzUcYU/7FYQRwG4Gp/hsA/4Gp/6ABVBZl1tMt
9=AmHlyBUc/gsAcNEfDNpAFP6EAf/KdRrbFRxR48sVHmIbz2kM1RUe/oQB/4DqAAAg/hIA//
10=4DAB5ABP4QAP/+CQBwyA4AcCUgGEAdzAYAQFL+pgH//gkAHv4RAP9R+8gNAuLvAec4Av+M
11=AYwA4vMD6O8B/tIB/+RoBP/WAWYE0DkGga3+AwD/ganRKQj+DAD/0VAI/qgB/xHh/gwA/4
12=Fm/hUA/4GoziwK/gYC/4Gx/7IBcQiBqv4cAP9uC/4TAP+Brv64Af+EqP//r+RFDscvAP4O
13=AP+BrP7nAf8R/dI+EIGr/+oBVBDWPg7/wAF9Ev/+ARgU5D0W6D4WgbD/0QGPEnn//7kBVw
14=7/QgD8Gf/bAWIS3Toc/8YBPBaAcgAAIP4ZAP/+BgBw/hoA/4GoMCL+2wH/4DsA/9wBPwDl
15=OgCBsf8AAkIC/94BQQL+/gH/5B4Iga3/2gFGCNYwCoGw/iQA/4Gp/tsB///cAV8M/iwA/4
16=Gr/hcG/4Gu/t8D///aAUIE/2EA5Qn/2wFGBP+vAU8cgHoAACD+QAD/gXAAAmAM/gYAcP7t
17=Af/KUAD/8QFOAAHuAAJh80H/gbD/7wFVADIB/+MBTQCBsdEvBlH2Egj/7wFRAMpIBv/5AU
18=wIVAD/8QFLCjH7cgD+8QH/Y///8gFLDsk6DP/zAUoKzTYS/vYB/0f+//cBRhTHOAD+uwf/
19=gAUAACD+ACD/gAUAACD+ACD/gAUAACD+ACD/gAUAACD+ACD/gAUAACD+ACD/gAUAACD+AC
20=D/gAUAACD+ACD/gAUAACD+ACD/gAUAACD+ACD/gAUAACD+ACD/gAUAACD+ACD/gAUAACD+
21=ACD/gAUAACD+ACD/gAUAACD+ACD/gAUAACD+ACD/gAUAACD+ACD/gAUAACD+ACD/gAUAAC
22=D+ACD/gAUAACD+ACD/gAUAACD+ACD/gAUAACD+ACD/gAUAACD+ACD/gAUAACD+ACD/gAUA
23=ACD+ACD/gAUAACD+ACD/gA==

[Ranking]
ParTimeEasy=00:01:00
ParTimeHard=00:01:00
OverParTitle=GUI:NoOverParTitle
ParTimeMedium=00:01:00
UnderParTitle=GUI:NoUnderParTitle
OverParMessage=GUI:NoOverParMessage
UnderParMessage=GUI:NoUnderParMessage

[Russians]
IQ=0
Edge=North
Color=DarkRed
Allies=Russians
Country=Russians
Credits=0
NodeCount=0
TechLevel=1
PercentBuilt=0
PlayerControl=no

[Special]
IQ=0
Edge=North
Color=Grey
Allies=Special
Country=Special
Credits=0
NodeCount=0
TechLevel=1
PercentBuilt=0
PlayerControl=no

[SpecialFlags]
Inert=no
FogOfWar=no
IonStorms=no
MCVDeploy=no
Meteorites=no
Visceroids=yes
FixedAlliance=no
TiberiumGrows=yes
InitialVeteran=no
HarvesterImmune=no
TiberiumSpreads=yes
TiberiumExplosive=no
DestroyableBridges=yes

[Structures]
0=Neutral,CAOILD,256,109,63,64,None,1,0,1,0,0,None,None,None,0,0
1=Neutral,CAOILD,256,13,63,64,None,1,0,1,0,0,None,None,None,0,0
2=Neutral,CAOILD,256,60,112,64,None,1,0,1,0,0,None,None,None,0,0
3=Neutral,CAOILD,256,63,12,64,None,1,0,1,0,0,None,None,None,0,0
4=Neutral,INPURPLAMP,256,100,65,64,None,1,0,1,0,0,None,None,None,0,0
5=Neutral,INPURPLAMP,256,25,64,64,None,1,0,1,0,0,None,None,None,0,0
6=Neutral,INYELWLAMP,256,62,73,64,None,1,0,1,0,0,None,None,None,0,0
7=Neutral,INYELWLAMP,256,51,62,64,None,1,0,1,0,0,None,None,None,0,0
8=Neutral,INYELWLAMP,256,63,50,64,None,1,0,1,0,0,None,None,None,0,0
9=Neutral,INYELWLAMP,256,74,61,64,None,1,0,1,0,0,None,None,None,0,0
10=Neutral,INYELWLAMP,256,65,103,64,None,1,0,1,0,0,None,None,None,0,0
11=Neutral,INYELWLAMP,256,26,79,64,None,1,0,1,0,0,None,None,None,0,0
12=Neutral,INYELWLAMP,256,53,27,64,None,1,0,1,0,0,None,None,None,0,0
13=Neutral,INYELWLAMP,256,65,22,64,None,1,0,1,0,0,None,None,None,0,0
14=Neutral,INYELWLAMP,256,101,50,64,None,1,0,1,0,0,None,None,None,0,0
15=Neutral,INYELWLAMP,256,75,100,64,None,1,0,1,0,0,None,None,None,0,0
16=Neutral,INPURPLAMP,256,60,64,64,None,1,0,1,0,0,None,None,None,0,0
17=Neutral,INPURPLAMP,256,64,60,64,None,1,0,1,0,0,None,None,None,0,0

[Tags]
0AB21E7C=0,@Sounds,0AB231CC

[Terrain]
9061=TREE34
11066=TREE35
15055=TREE36
17073=TREE36
20056=TREE35
21051=TREE34
21071=TREE34
22065=TIBTRE02
22076=TREE35
27043=TREE35
27053=TIBTRE02
31086=TREE34
34038=TREE36
35036=TREE34
35069=TREE36
39067=TREE34
40095=TREE35
41033=TREE35
41059=TREE34
41067=TREE35
43099=TREE36
45025=TREE34
45061=TREE36
46023=TREE36
49059=TREE35
50063=TIBTRE01
50101=TIBTRE02
51018=TREE35
53017=TREE34
54107=TREE34
56080=TREE34
56109=TREE35
57014=TREE35
57039=TREE36
57043=TREE35
58105=TREE36
59011=TREE34
59018=TREE36
59045=TREE34
59083=TREE35
59091=TREE35
59115=TREE34
60064=TIBTRE02
60087=TREE36
61074=TIBTRE01
62006=TREE36
62051=TIBTRE01
63009=TREE34
63116=TREE36
64021=TIBTRE02
64025=TIBTRE01
64060=TIBTRE02
64103=TIBTRE02
65100=TIBTRE01
67011=TREE35
68040=TREE35
68079=TREE35
70034=TREE36
71086=TREE36
71107=TREE34
72040=TREE34
72084=TREE34
73018=TREE34
73062=TIBTRE01
75018=TREE36
79026=TIBTRE02
79105=TREE35
80065=TREE34
80103=TREE36
82057=TREE36
84055=TREE34
85095=TREE34
86031=TREE34
86069=TREE35
87058=TREE35
87066=TREE36
88059=TREE34
93058=TREE34
97083=TREE35
99044=TREE36
100075=TIBTRE02
101048=TREE35
101083=TREE36
103065=TIBTRE02
108052=TREE36
109071=TREE34
113058=TREE34
116063=TREE35

[Triggers]
0AB231CC=Neutral,<none>,@Sounds,0,1,1,1,0

[Waypoints]
0=86043
1=44042
2=44085
3=83084
26=51052
27=48077
28=73073
29=76049
30=64021
31=106065
32=19064
33=64106

[YuriCountry]
IQ=0
Edge=North
Color=DarkRed
Allies=YuriCountry
Country=YuriCountry
Credits=0
NodeCount=0
TechLevel=1
PercentBuilt=0
PlayerControl=no



[Digest]
1=8e3tJb28YIAH1b7LcgNw33QdXUY=

