; Map created with FinalAlert 2(tm) Mission Editor
; Get it at http://www.westwood.com
; note that all comments were truncated

[Header]
Width=57
Height=45
StartX=227
StartY=36
Waypoint1=233,57
Waypoint2=278,57
Waypoint3=0,0
Waypoint4=0,0
Waypoint5=0,0
Waypoint6=0,0
Waypoint7=0,0
Waypoint8=0,0
NumberStartingPoints=2
NumCoopHumanStartSpots=4

[CAAIRP]
Powered=false
LightRedTint=0.15
LightBlueTint=0.15
LightGreenTint=0.15
LightIntensity=0.002
LightVisibility=2500

[CAMACH]
Powered=false
LightRedTint=0.15
LightBlueTint=0.15
LightGreenTint=0.15
LightIntensity=0.002
LightVisibility=2500

[CAOILD]
Powered=false
LightRedTint=0.01
LightBlueTint=0.01
LightGreenTint=0.01
LightIntensity=0.07
LightVisibility=2500

[CAOUTP]
Powered=false
LightRedTint=0.15
LightBlueTint=0.15
LightGreenTint=0.15
LightIntensity=0.002
LightVisibility=2500

[CAPOWR]
Powered=false
LightRedTint=0.15
LightBlueTint=0.15
LightGreenTint=0.15
LightIntensity=0.002
LightVisibility=2500

[CASLAB]
Powered=false
LightRedTint=0.15
LightBlueTint=0.15
LightGreenTint=0.15
LightIntensity=0.002
LightVisibility=2500

[CATHOSP]
Powered=false
LightRedTint=0.15
LightBlueTint=0.15
LightGreenTint=0.15
LightIntensity=0.002
LightVisibility=2500

[GAYARD]
Name=Allied Shipyard
TechLevel=11

[INBLULMP]
LightRedTint=0.01
LightBlueTint=0.3
LightGreenTint=0.01
LightIntensity=0.07
LightVisibility=2500

[INGALITE]
LightRedTint=0.01
LightBlueTint=0.01
LightGreenTint=0.01
LightIntensity=0.02
LightVisibility=2500

[INGRNLMP]
LightRedTint=0.01
LightBlueTint=0.01
LightGreenTint=0.1
LightIntensity=0.01
LightVisibility=2500

[INPURPLAMP]
LightRedTint=0.1
LightBlueTint=0.1
LightGreenTint=0.01
LightIntensity=0.01
LightVisibility=2500

[INREDLMP]
LightRedTint=0.1
LightBlueTint=0.01
LightGreenTint=0.01
LightIntensity=0.01
LightVisibility=2500

[INYELWLAMP]
LightRedTint=0.01
LightBlueTint=0.01
LightGreenTint=0.01
LightIntensity=0.07
LightVisibility=2500

[NAYARD]
Name=Soviet Shipyard
TechLevel=11

[NEGLAMP]
LightRedTint=0.03
LightBlueTint=0.03
LightGreenTint=0.03
LightIntensity=-0.15
LightVisibility=3500

[YAYARD]
Name=Yuri Submarine Pen
TechLevel=11


[Preview]
Size=0,0,120,52

[PreviewPack]
1=6BIAIAbVs23Vs2zVs2yAAS0sALgBVABIAEAECWyUe0aFaz18XzjVs1gBUAJIAAxs1rFr1r
2=Fs5bxy3LZu2bNYAQNs3rdw17FoAy1MAQPNplzIn1Uq7ABPAYptM5gEQApIAFQGSABAAUgA
3=QAFIAEABSABAAUgAQAFIAEABSABAAUgAQAFIAEABSABAAUgAQAFIAEABSABAAUgAQAFIAE
4=ABSABAAUgAQAFIAAdtlH1Nf2Y+TToogBAoXwDTsGuEAgdswJ1cf1s0jGg7XBSEAiiMAJgB
5=UAhIAFACSABAAUgAQAFIAEABSABAAUgAQAEnCABYAUgAuAFAAUgAOiwABpqASpNhOa92P1
6=QPBtexbOa/cue+cEgAAAPGpWi+nGDCoWHBn2S8nGO2omXMq2hMBEgSA8yjWM6mWUgAAsWY
7=TcWZaABcAgJ3VzOGanAITAFMBIgAOtwBgAQ9bAIgD48AlXxDiAacDgiybcekYMyoZNKuaZ
8=ACbA0DsIRMk3REmAGMBHhSfAIgEcwCIA3UAAmFbEJwWjqAVy7Xsm0nhAVQWQbPrWq8m2K7
9=m2NULQa8pWWZkU+jkla4K2oSsWtQWbAsWAEIyZ5V069pxIdLiGNIY0AQSAA9FAMDoIVNmX
10=9KTAdIHiosAFgBkAJYB1AISABAAUgAQAFIAEABSABAAUgAQAFIAEABSABAAU1zR0BGA39d
11=NMubV5AIAAFt0a1nx6Ng0rBqzqtmwJxZzqpnXwLIoF1ILYhaQAdIAGwHXAKIACAKLwCcgU
12=5LBsOiZ0gkXFBMAYgAMQQBCXRhP2hYPG9bN6eDTltY37VrSABILUgAUFkD17Br2bNttC0A
13=A7qXXaWUVqCRVcWnZenGftm3b+DAclBZRIxILbAsVFoFxqVhWUYueF1ILVkNbSr3BMOiaJ
14=ARfwKZgE5QDlA7DNOaUs6vbLaiY8qUUHBdO0M6u5pgkSxtKrwANvwCAnpdNnhezw2WekaB
15=H2xAc7wFWEYCyKVi0K1kWQcUFBTPrWe9mljNaS1sNpwCUA4n/A6QCNQwQBMDvZxgwJxhSB
16=hceogDYBlLFcCeZFcDkHpKsx18ZT1UA6wBSxLEmVVIGwOGYzenhEdQVgKsilXjuXBZpCxQ
17=LEABSABAAVQtT7XhunBAAVQVXFlcCFwLXCxbAea9bycIAL8CupNTVCcDhlkudlgzSAwGjn
18=RFb1k9lnlCUBRLFZh+SlAOUzvBmldEOEQISABbN86uaEAHQDRMBFgTRCZfBcGeZCckBVAF
19=SBgDe2E7vppeQHBAQwaWcUudbD7GollQI1sfxI5MUBqvEMaTUEABBc+taMmmZMmmXXFnVA
20=xIAAbIpGC/nVzGo19YtVsNvIFESCRHO7F+RS2cAgOVgE6EcEJYbVAOA7yTU6t1PkwBUBFY
21=DVAFTAFQFFxKVAxQEUBGBohnOYt0T9STS1QMSABYClAgoBNXAMOhZEBVTFJQWbQqQCtAAU
22=gAQAFIAEABSABAAUgASC1IAFQtXFkM4Lxv4L9y17Vt475w0KxmvFlAFkw9AANtWjp+aEKZ
23=e0SDa0Cbgk+HXy6fdEZEGlCMsxSRe01AN1ARSAAGwqhntaJkrZhbWL4Gv4dGt6JluqVlpC
24=ZYE1QnpClYGUc7pXE9SB6vAbV5QVgHr0+Dg4NcGkwKSPZQAlhYDtu2btqzbM+rZsypZdOx
25=a9OwYKBUNq8HyqZjWAQG07Fs1LBq1LFrTAFIA1g3XBRQI1QJSABHRLGMUEABSABID0wEQE
26=xcd1D+QBlIeLAsoHNQPgnlvG/ku2/iwXndt25UJKAQAsaxiL2dbA1YB0gMBr2ynsGvjN61
27=a0gqSABIKksA+voAMAgAXAJQCAPlvHHYsmy8WUQIQBxIWkABBr+cYcOhZYNmSFQVQy7Jp2
28=VUFQO3hkuocT2wFFgTTGcG1rJu3LVt3bZusBFAGVglWBBHHaORVawuTyXEpGZMCkAoA8Oh
29=Y9CtaogkdHhbBMalZ1heQF5IA0MZw6JmQARccUwTSABEQUQjQAFIzCS8JFSfMCwDRAJMCk
30=BMSKVMEEgABrWnj76xmtizbEwBCbewn7Kqm7ixpbOqnlgBSABcHUQdSBJIAEA6TBlUDEQI
31=QHOwLEgeA86nXtCqYFtPu7SoSwa/taNECEwBWBkDvLKguK2bWA1AH0gtRClAEDwIAEwEXA
32=tQF1wOXFlPW+PCe0ABVDlYH0wKSABUDLwpTEBAE1BfuAFANLBfsCNUIUgGRCZICVwIQAdI
33=AFwIZimdY0gtRCkGd1czlHtHkX5FSGNRCNUieSBsWFVMFlgHVCpMN1ACWAFEJkwTSEVIAE
34=ABUCxcAjwsA1QDUAikMkwQWCtIAEQsSABIGKsAw7iiSBhUDFSrrHm8HVALiS1sVANIAKzW
35=UAgkDyy1rJ24B7QAVC1QF6haWBNcDjwIAEwEvFlAGSfEEEPZtqJloA1UObRXS2zVsWtMAU
36=gPYkCZTVwFWECEbgFs2LRuuEBUKkABTBBQXFgEWDcnHAFMMQLOqWW/jSIMI0iQqGO0nKQj
37=TBBcEUgAQAFIAEABJ7QIUBS8IFxcPEQDVAOkMgnIsYW5qo+/sJa0p5G0LUskt66dSD9LAL
38=uulkRBpCxMFlMLwqFhWG2nccqiWVBZWElIBkgARFlQCEgtXDVECFQJuAFUY7xBUA4qCABI
39=Bio4ACcsAFQMUCNEkkgASDlYAUQ7WD1ADSeUBEABUCxcWUAoSDxMi0sA069pXFlAFksVyZ
40=9WQAe8CFAIUAID6MV958R9UA5cCEhaSPlYx1xxvAhAN1gxWKNAAUhvTAdYAVALpCxIDCQk
41=NVQttDBIXSfAAiogAFwLKjgATAFIBlAIXEFAClgKTBlALkQjBruphr2ukdCyeEREWBZQF0
42=7Qw6IlTDFEBQzDoV7HpGLHpWPAnVrPrGdEC1A1QCtQNVQJWCtcLEgARAhUZrQMUG5AAVAO
43=PAgAXAVIRXh/Ap9WzKJZvFNcWVcq6sZ+WGpQFFQkVFpEIEwNQEBAKFQqQItAE0gtSwDJoF
44=ZcAkhXQARULVRCSABIhHYtv3K8AkAuSIqkLFA1WCusDUxkQAG0HlTnUAtICVALSAxcC1wI
45=SCFMrFQzUCZMEEAoPEQDVANMBFAaWAdQF1xlXNdAT1AjgTdtQBarAMOiZ1jBVJlGWb6cIv
46=wpDMCbWLWRU72WVMKeW9GuaVwsqABXJN22blBBRHREd0xYuAFELEgAWA1IAFwONggAvERM
47=BIgSdNJELEgeBrWiZJySUsWnZaQsSMZALkwTUCBYH1AgSCEnLABcAlhwW3ndtm9QWUgtSB
48=tIV0Q1vFlIAycsAEgJTAGkOFgEJ4QFVDNMEEgJSABYTEAKA8+oYM6mWlw7SCFIAFQhrGFI
49=A0AKNkQDXAJAH1giUF9QLEAirAFcWUQLrBNcF0ABTEBIAKABQEBMykAQSAZYOkw6JB83uq
50=VlIcgkq/nEtpsh7CGgsrTJQA2gKEwuTAFYKEgAQAFIAEABpBGsAVgBUAtQEVBfQBNUaUAf
51=X62ZkU8hDCx+LMByRCwnSAVUikgkUCxIFVgWQAFLQrubYyEoIkwWUCxABFQkSH5YVVSBUE
52=FENUBASDBIZkwBUCxILVQnKhwBSAmsXlQtXAhYHEAKWAQnXABuYZ1jSE5AT1QtXB1YFkwi
53=QExYGbAdTBlQGkgAQAFIAEABJ1wATFtICUgATBNQAqxqWBNQFLwdTDdACkwuVACkAgO+ml
54=6mlFekaF8C07JvtIdQhkwEpBpUwEQdWAFYB0g/RA5IAEgPSABAAUgAQAFIAEABSABAAUgA
55=VA9cBUQXRGtcWV8RoJBVVHuwDlQqT0/CqGe8Dk9nvqVmUBRIFVtAv5xhrMdXJM+talvH0K
56=pgSwDWs22kOFAsUAKsB0wWVC2sB0wNTB+8AkwEbgGxbFMLvJtiIVA5tEhAhUwHWAFAbUxk
57=WIhECFARiRVsQC5IilwXUBewHUwBUBpATEgwTAFcAicEB0ANWAFAB0Q4QEAntAVcFLwC9Q
58=BsRCC8WVyYVB5EC0gARGJYFkirSORUEkwBXAVcAqgAUA5MKEQvSA9MAUgPSABAAUgAQAFI
59=AFQDXAVUD0gARB2oAFwLVCFUTkQaVCFcDlhMSABMakQUQB9YKFQwRBRMIljlSGBYDUhsQG
60=1crVgrpCBcDkQ+vAVUCUgbvFlMB0Q4WApAOkwHXGgn/AJcFEgSQAdca0QOJ+wAXGsGwZ9k
61=uZdg0K1qUBckrC5MFpEXbYABIrhMtIRYAUAQSCFEQUAxTARIDFhAWA1AEEgYSABULUwWvB
62=18AnRCAW3fvnFAE0gSRB1iPaNYTBBIAFQGoCJQHVQeJ6wHTAFUDLAXSBJADUwfUINEFLQY
63=RCxMAUgAQAFEGkAHQElEEUwKVCFcIEgAtIcnNBBIhFQDSABEFAHGpWfDJuw5SBijDaORVS
64=HMRFhtTGFYBCdsAkQvXFCsXlSQKsQQTAe0LVwaUAisAUxwJ7wATA1IS2oeq2hMOidMCkQp
65=UBdQMlxWRJJcAlwdtCpEO2oPwHJQQUwKSCFAEEgDQCgnLABQJkQUqABEI0gJXCBUJFgKSA
66=AnpABQIFgKJzgARCOsmkAxSA9IALQPtBhMEFxcUAhcAkgASANMAVALWC5QCyfYBbwCVAxU
67=EkgDXGVQHVgfUC9UgUgMUA5UhEgVSA9YFlQeSCdICUgGXMJcArA1WGpABFgBXAhEHVQPvA
68=hcYlgfUCxILUgGTL5Yu0SSREpAVaSDTA1MH6xYSAxcTawBTGFQC7QhQAFcAkiuWCtcCEAB
69=WApYMW4Ns21UA0NGxppORCmsFlwIXBFMJVAjSAAnLABMIlQhWF5AXlhnVDNUCVgZXBFIAE
70=RcTF60FVB6WBlUCURNUNG0KkAEXAVYZ0AQpBFMBFALRDtEIFQYSACgFrQASC2YBGhvWCVY
71=AVwCtA9cXE2vwyMUPFAmQA1cCFgWTAF5FpgijFpIBlDCpClAFlQVQyjiwXlca1QzrGFYAU
72=D6vAJcy1grSAN6NJ9kRBdPB8OhY1TbTGG8VlwLWCXdF7EiPF9IDEC4VD+cGiK0YlgBQAdI
73=AEwHcua/ckA6SCdcF4wEJSRBXAhQKUhIQAFQZVQAUCZQR00iwyO8UUQvXBpYK1Am9QBsVx
74=K9nWOgH1w1vAJEHUi9SEtUMEgAQFVAJVgNSABABFgBWBNIPLQwoCVID7hYUAtUElgEQAFE
75=F1wCWAFYK1gBWBBEMqgARBFIAFxZSABELEAWVDlcU0ABtBtENUgetyrku29EKaQaWFVME7
76=wLTwHoxX1LAOfEfUwWQASvDcSkZkAEpClcFEwBrBYq/AJcTVwCiQBsUCZAAUCXWOJUS1BZ
77=VE5MClQnXAK8ekQ+TAFIA1xcTGFADVCnUA5UKkABUEFQF1wORClYBFAdiAABbYxsPFQStC
78=dAAUgqRAhQC0BwUESgAUAHVB5AakwlRBFQBUgASBVIAKABSCFUCVgHQFtIAExbSAwnvABE
79=EaQvUDJMAagGUAVcLKQsWDpQBaxMVHtAOmI3n1ZMVUwQQCtYKEQsVI1YAVMCsJ5gUGKsAU
80=wTTA2kMlA4SC12CbVtXBRMDaAWXA5MBCeEBVARWAFAFqwEJzwCUAhAOokqbEABtIpIbEAK
81=UFBbLsKhYVgWvAVUNlAjrBNIElgrWBZIAFBEUAVQLEjqSAyADXh5QAFMHFTDVBJuAbFsVB
82=JUDEQIVE5Qm0ABXAJIBlBiSBVUDFwUTECoGEgtSABEAqwERBdYJaxPRA5cBVQJUAJMBEAE
83=QBm0b0wEVDlcQUxYQAFAFlg6SANcFKQsTAdEO0AxSABIG0wHrApULUQpSBKkL0ABVANAE0
84=hOWC5AIkBMWApcF0xzUEpUfkAWSABAEEgAQAFIAEABRDJME6wBWAFMH0gYUBpXCb6cYFBN
85=SJC8CFgBWCtQLEwKoCVEGkAHSFdMWFgiKkwNSJZYAVAITM1MFiTUVwN9XTF0XTZEBVgHQA
86=dIAEQOWA1QIEwEXAJcBUQOVABMNypUApQDbDSkDqAHRBdYc4kDbExSqCpYhVwIQARYPYBP
87=IlhhSAlAB0hgWCtAJUQmXEFAAUAlQAFcBUQsQC5IAFQtWCtDENaxa1gEXFlYLksAzKtoUA
88=hQI1AOXAVAFlA1WCJIA1AFWAFQC0QvJ/wXRH1UQlgQQBxIAEABSABAAUgAQAFIHkQsTAFQ
89=F0ghSE5QCFBZUCZfvLmXYFy/RAJQIFAvXAUn3AFMAUgAQAdYEFwRrAFICViLXAhIAAmDZk
90=iTcD+8gUSdbD5QC0gVUAtYBEgAsAhYClwCTAdAIlACqABACicgADAsALQbSAlAB1QASIdU
91=JEwNRAtYEEQCXAKgCkwHVAy8BUQmXERiIqFlRClULbxZUCxNB7YjJHdICVQkTChIAEwHTB
92=AD5cB748KFTAFU9kgJvAtyWbJtWA1cAnguI2RhQCVMGVCMSC0nLANABEgAXAhIAEABSAAI
93=1bNt1rFs2bNs1bMRAABgEgAgAAps3rdwzqde0Kpg17Vt1rFs5bxy3LZu37Vr5r9ySwDnvn
94=BIAEABSABAAUgAQAFIAEABSAAAD+W8ccOiZ7ubYxQUFMOiaL2cYMCcYcGfZNWzbdiybNey
95=bSekAEABqABUBqABVAAzLABQAkgAVAOkEUwBVwnVs2xIAFgTA8meVdOvaUwBpxT6+gBIAE
96=wEVAAnCABfBdexbEAETxC+nGC3EtCtakwHCbOfY6OSVqeUV+W8b6wEWARNDYOAAAncvYDZ
97=wIzbunvlv3dPCuG6cEgAA9ewa+fEfUAcAAPbtm7as2zgwHLGpWi9nWPEpGbJp2UnrAFcBV
98=wIJwwCJywAXAJXJNm3b0AHA9CqYNi0bkgDUwLetWst7AC8AkgDQAFIAEABSABAAa8QvJti
99=UA4GwZ5kvppe1rFrSCG8AlAIViHjuWst3bZuWApYN0ABQAdIAKQIQAFIADMsAFACSACwCF
100=QbTAG4CgPJn1bKollcCCdEAzYgAFwFpDVIEgPQrGbMollDB5mRT0wBQC5QNawToBAAAcyx
101=eneEZkFEVz9CV3h8Xd28fIOAAFwOJ5QEXFBULVtS17FtRC9IHqQ1TAQ2DAInXABTNejFfU
102=gAQwfYs2xQDkgAQAdYIkABSABMAUgAQAFIAEABSABAAUgAQAFIAEABSABAAVwIUA6sAVgB
103=TBNQEZUkbVQtSABUHlgBTAS8R0QFSABEBVQASwD/AABIAEABSABQAkgAoAFYCkwBuCVAAU
104=QUKpQEJxQDNiAASAZSDtmzfHRYQFgrSGxIAFA1XAKwEUwEAAnQsG95jmhcaF9FSVlBQ1lA
105=QlhKT1p5h2LhwIO4EFxiSCQG48J7475w4sF5UFNYAUQmRDU26AEqXABQCKgYXwjgv3K8Dl
106=wgQAFIA0AQSABAAUgAQAFIAEghqABMAVACSABAAUgAQAG8CKRWUE1YNEAZiABdfW1IG7AC
107=RAWoALQGTAGgCioUAFACSABABEgAuApAAbQ2cCwCn1bku28qFAMnLABAUCcsAKABvAhXEr
108=ycY0CFQAdYWFAIr1vctW1UEqwECcKsc1lkXkNHWUJFWVwICUdLWU5VW3d5XeW9dExYqAAD
109=zKtozKNY8BoBbOrGfnImtW2sDScUAFgHJywAKiMAzqdeXCBIM0QsUA5IAFwaSABAAUgAQA
110=FIACocBEwBJ1wAXCC8DixgBWy+T1icgEqUA6haKFADWAeoAEQLQAFACqgATAGoALwCVABI
111=AEhaQH9YYUABTApIJEgARIBEDioUAzMsAEQsWHxAx0jGTFhYJUArQAdcSk9b1rJuSC1YIg
112=nnvnPUtnXNtntWYF1cWQ9MUlp2f2VMVFlbZ17cu3vhwIFMBER0QCVArFSHXFmnLNWxazPc
113=AS1QAEwHagbAckwHQxzdt25Ac0gbTAFIAEABSABAAUgAQAFIAFQhJywAQAFIAFACWB9Mu5
114=wpSFdIAFQqSACgAQRsu5pgmH1IVAOwGlgcVAZIAEAHVACoADMsAFACSAAngABEJljQWAFT
115=AtmzbEgtQCVQUy1EAyo4AEgzSABYEwPAnmTDoWRQLEgAQDRcCEAfSC1MAUATUHdATFgKAA
116=bjvXbiwYHbwIl7gmHXvYniwoPhwobjvXgnLAlA2UBSWAdcxawBWBlUNkwHKtwBLSwAWAdQ
117=F1gNSI1IAFSNVEUq3AFQGkgAUAhIAEABSABAAUgAQAGsB0wBQAG0RawHBohnOpl7RHZYM1
118=wIX/vGpWdL88OhY08Bk2E5qC1QHVgTUAhIAEQIVACoACcsAEABSAAnUABMAVglQA1XFd22
119=b0wHtCRcU0AKQA1ID1AdVBtIBlAFQAFARidcAI0HcVscwJxhSIdAJaR3VIekNUhaTAqsB1
120=sH48OFJywAQAG8DlgHUFlYakD9WA1AEFgBrFtABCesAVwFSABQCEwQJ1wASFdABECOA86m
121=WcifVWBhIywkmRluSBVABEgGQAdIAEABSABAAUgAQAFIAEwHvMtURVApBriQVsSHS4ZqP1
122=guU0e6l11ABEgSVwOUe0dIWgOGZjzGk1BQAlAjiRtvSAwnMAJYCqgARAsnIAAtLABMB0Bn
123=iS1vVCQDxZhNxZlNSAxcAokAbEAWUE1YB0AHTF5AVUAoSDBYAUUUwSNEJExYUAJYBExSRD
124=UDvKVlrZhbQK+0P0gSUAhcBVAIRAJIAFchtqJlKtQPUCxYLlxZQBm8DkwQTA1IBkAHXAVQ
125=CLwCTMpYK0Q7SABEjFslzaZcSC1YH1SZrARMB0ABQARUP1gHUAhIAEABSAAncARIGEVWvS
126=MkKURWD4FgOXBdO5F7SsSkZsOiZrF+RVQDA76cYMKhYVQDBpuCT7eGS6hxPUQLVA9MQ0gh
127=VA9YJVQMTBNAHEQgJ5QBQAFYAUgMRA5MAUgAQAFIAFQSzAcBs2zWs0CUSQBsQC5QArwFUI
128=BQBVhYRIZMDUwBSABAB1gBVDNAjksttqJjJ6QDWAFAEKQgXAVIsaQvSA9IKiS/LbOgYkh+
129=alG1bVAvUFlIBkQjSBgnhAVIDFAOUCNILVwCXBRYHExYTLJQC2oVsWtYAUABTAdIAEwWVA
130=BIBkATXA5QFEgAUAhIAEABSABAAUgDSEtICUAEVDZAWEArUCkJpHZEz61qel02eF44tANc
131=WUgDBo50Qk06KJh1RmFDv3jBUBRIEkAfU0rmvW82lARIJ1gERBdQDkABrAqFIHK0GFhDUA
132=hQNVgWUBFQIEgGQARIBkABSAZAAUwHWBasAUhRWIVbWJmRT1AFQApID3oisWtIMFAgSD9M
133=ClwCUCNDAaORVUABvAJAhVAFQDRIHlisXAtYClALSAwnLABYAUwHehzAclQqUBRYXkBYSA
134=xEJlgBUAJYCifMAkgDTAesEy0cAVALJxQGTGFYCkAcV5/OrmisAQOdbD7GolkkrDQDmH5K
135=hmM3RxrLq1on9AFHDuC8byEgKlwCVB5QF7yeRAukDlQVSAxYAUABXFOYCnxWQBxYFkAfSB
136=VEd1xBTDRIAEDiSC1ICUABUBFfUM6vbFBWVBhMB6wBXGVEgEwNSB5PWKaUV0gJQARcC0AN
137=vA5cR1wFiQBsQC5YK0gMSEJIBkwWWFhILUgPQAFYWEAHSABMDbwFSAlUcgO+pWbFp2dcFC
138=fXJ+nGflAdrGFMFlAFQBZIAEgVQBa8C1wIXAKJAGxYDVwRSABMH0gAQAGsE0REUAWsAVwm
139=TApIDFALtAYDz5NPkXtNpBpMHEgDJLQvQA1AAUQCSBhEI1QJSABYCkgAQAe0GEwBWApYAU
140=AERBdQQVwFZjKxa1QqaAACmU3jvnBEIFhDvGJQBawBUDhEKVARQAFYEwahlVGllFawnmBU
141=IVCzSABcs1QtSDZYWEABVDBMAUAfWB9IA0wKtEJUKlAaQCtELEgAXEpYBFACXAhUKlgNrB
142=NIDFLs5LtwR1AOUIxAXrQqWAFMEEwBUBe8DkwWTAFANEgnWHBcWUgATHBUPEAfJxwEJ+wD
143=SANADawoRDJgHCPzQbuaYCFfMMmnY1QDXClIAGINvG9AK0gMTAFUEqQLRClYCkgAQAFIAE
144=ABUBdIHqwBWAFAAVQPVBu0HkydVA+kF0QvWCJAIkTjQBZMAbwCWElMAUAZRDhYDUgerElA
145=NGKvo1ikd1h/pCZcAlxWvAVQNVACpC9YK0AHSA9IA09bvJtiQD1MB0gAXAW8AlQkVAOkJk
146=wHTAFUBkgAQAEn3AFMEFwISCFEMlhPQBy8FFgcRCO8AkgDUB1IAFwdSABAAbwjXhrDoigs
147=RUAHrChAB1zIJNxGJwQBUA5QAkgAQAF4JZyzMGQBtBVcAlQJUBRcQUQRVBInnAguLAwjlD
148=EqfAdEHVgQQxPBn2RUb0QyrAFMSVARUDtIAKwBUClMUlQnUGJQMkxYTEZDEMKoZ0OyuqVl
149=RCmkOFA4WCtEF1gxXAVcTaQgTKlTHcalaFBKTFtcC3pMn1ZICUSevFZMDUAHrAFELFwaQC
150=5IRUQvXBRIA0RBXB1ADVgHQAFMEEQsWBBYK3oBt3CsCkdTwZ5kvCBcC0wQSBtAEFsEyqhl
151=XAhYB0AZUD5ECFQ8pA52D7JuUA5YB1wCRAukF1w4eAqEYlQMJyQCVBJcCFQJVBJUFVQbWA
152=FABEwBUAhYBEAEUAJYEEgMSAAk8FBLscyraFA7VPC0fkAcRCZIAEBSSABAE6QsVDNcL1gQ
153=QBBMZ0ANrAFEOEANvAVMB0gbehOfVnoWt3BEDkgAVB5cC7fqs6BiQGFANFgxUDhEESfcAU
154=QvSABQC0wfTApYFlAIdUi2JfwsRCZYgkgDXBpMIoABfNFbAcuhWLwUWBwnhAVcGgbOrGi/
155=nFrSrmmRBWxEBVsExqVnIeAhRONQNaxMVAZQVrQkUA4n3ApInCqkA1gTJ9QDTAFIAFQVTA
156=qQC8QRUEpTHdCtalisQBBAHEgAWFJQDrwCVBtcaFhhajPAckQaSCQnCABYAUBSXFZYPVAp
157=XERIAFwRSAZAB0QyXE2kI1wOVDNoAJ/Cw6JnJE8rupddTMFYFkRBSA9IiqTvQC5YPVAjSD
158=ZQOFAXSABcF0wfQB+8C0Q4TBmsEEQIRD5ID0gwRC9QDlgEUAVMIkwEvAhMEwnSsGrMqWXO
159=qmXNqGRMDUAETBlYTFgERClEX1AFSBVAnVgTrItQI1ALvFxcBUgJtCpUEkABSABAAUgAQA
160=FIAEABSABAAUgAQAFAFlwFpBdQOFBNWElILVwLWxbPrWpAAVQeQFJAJVgoQA1YdlQAVCFM
161=DVwFpCZAf0cmw6FkWCVALlhAYjehY1RCSDOkHUAZTAFIAEQ1SBhER4HQZVgiQBlYDUAHUC
162=lBE90jBFhUJEQvVANYl7wCSANMFkgAQQH6I8xcXBcqpAlAJawTQKZMAawHSBVQFwPGsYjE
163=tptcXFRUUC9TKdOwalAOrAG0KrRyJ+wGTB9UCU+du66WRAgGyLGFuaqPwa+MQEknNAFEEb
164=QVKlQCrBMwFABMBFQPSFdILUAleHYi8DIrVCZQLFQtQBNUIUwBQEblFGxEJq8HwqFhIUg1
165=XDJIAEwBUBRIElBHQAFQuacyw6FlWC6kOAO5l2C3omVTKaCQVUCUVDNDSb6aXlQwSD+kR0
166=wBTBlIAFAUSAAw8AKkAkgMrAREMkwHSABIMKwHSBWsW1x0QENQKaQ+WBBIRUwBQAFMVWgD
167=nK1AK0w3WElbZMa1lUsYvbKeWyvXsW1ELycsAAa7tKi7qYa9rpFIA0gPSAA5eAKwFKwEXE
168=dQUFApWHxMo0ABUCNAAUjDSB5LANqzbEhRQBO0P1AURBSsAUwTTFKsAVAsTG2kJlAyXAi0
169=M0ghRDInLABYNFgHUAhIS0wBSBtQUEQjQARQL1joTAFAE0gAXBdIAKgVPBQAUAVIAFAFSA
170=BAAbQtTyXTsm9QLKgAeD0jtEFEPkxwQENIQqQXSDBIHnhMBbFr0KpgwrCORGJLALKsn1QA
171=Br+1o7ixpbKqm0wBSANYClQeVIFADVgNSAAtbAK4DS1QAFxZrA1YqUABrGdALlQSUCNI1b
172=QtUDu8U1RyUzusilVEL1wOrA1ENVQkWAdIJFAyXJ5QLFAIQENQAmBGIywhYAGER0AHTFhR
173=O8OEjEhIQC5YLlzCBqWUVqCRVcWnZUR9UAsttAI5OABcHVwFrHlIFUABpERIflhPSBJYPU
174=QgUBonDA5A0EQCRBSkLEhLVC1AH0geUGtbK7ewn1grSABAAVtYw7iiRBdIAKRlKsQBOWAC
175=SANAE1AFgW1tpCxEI0CpvE1AWEQjvA5IpVwRiAAiPERIV0A6SHVHid63cLwCQBBcArwIUC
176=xILbwCWBZQCEAcVDZER0wErwHEpGZMAay1WFtAW0AuQxCZkU9AB7wLWBNcFD8IAEAZtCpq
177=sbdwSCREUFgiQSK9jH9UNkwNUERc3VgQWCuoAEANTENIAFQDQ3PAnGFEy1gTtAMtFABULQ
178=a0p5G1rJ3QsnhQRL8FwZ9kP3gCQARAVUgGWNlUkFgcvKdUlkBMQC5QVkQ7XA5YVUiBRDJU
179=QkhFWBZQLCcsDLwUA3RdNoxsPEwBQAdICUQmWAdQNUgGSNJELFAapB1QHSdcA0wZVEikSk
180=x2TASkLFwLVCdIAD+oBVgQQGqkLECFUH1EUFgKqABMAVAXWApAE0wQQBxYDUhXtANUKkgD
181=pCBcQVQSvAJMAUABJzQBZiytoljiUwK0raJQcVgrTAGoS1QGXFBQKTMIAEQsrElHfb+cYS
182=TMIKQjQAdIAEgJQFtKmbubIvwgXBGIACK0KUgtrKBQFwptWjpwXTuRe0qNc0KaEQAA+AQg
183=CQALgEqTYTmvdj/gwHLXsm3gvG/iwXnjuW3lvHHmvW9IAAzJoFbPrWrOp17QqmDIn1VAAQ
184=AG17Fs37Vr1rFsvJxj1rJu3LVt575w5r9ySABAAUgAQAFIAEMB+voALQgAA+W8cty2bkgA
185=Br+1o7StoruullAODLewn7SnkbWsnYODg7eunawKTwHVs22IAAVs1bFrxZhN1loBsWukAg
186=TXtW3DomYUgwDTr2lcAEgVSABMAQa7qYbBn2S5l2BUAFAIqAADwqFhvpxgWAQnCABYAVAC
187=TAQG3bZu3bdu2LNsVxLDomi/ArubY4ANQBAKbMCeZMOhZMalaMOhY1wCRAisBFgHTBCbBG
188=zVs0gAUAVJAGxXJ+G6cEAoA9iybKR2REAEBpR9TX9mPoBXLkwBiAAHbOO+cOrGfuPCe0AB
189=WBaQAmwHRB1AK7wRQA0D3rdww6JnUw66l11ULZgEAWzetWtIAycsAEgttCpALkABSBhQGl
190=gZQAG/FMmnZUwKWARABEABZCwCsWzZs2xEI1ALrARcC0wKJywAjQ1sKoQC8BRkF1xBtA9I
191=BoABhBcIs2y9nWO9nGDAnGFAJUwBtAlUJEgnmARIJEgAUAVIAAFsxKRmQARIA1AFA9Ctas
192=alZ1gBUAVIAFAFWAFYLkwBUAJQL1gTRCwJbVo6mXtJn4FNf100SA+oAFc2zq5oSwN+aEJL
193=A5V8Q1gHUAVUA4ABbA1YAVhMQD1IJ1AyQEyJA2ysBCesAVARvAJcBYABbgfXsVQAqADcBY
194=gDdEJME0gGXBdcFEgJvGJQLEg/rAREQUwBvAtABFwFvCNcBUwBrAekBVxZgAFADQFsxZlN
195=JywAKiQCNi8AvJtiWAqIBgFsvppegAF8CFwFSA9IA0QyRA5cAlgBVCpYSUgPWAFABEgARB
196=FIAEAESABcWQ+4kFbEh0uGaj+XfUmnhUzGk1BPBNu2bkkA2kxGAmZIvZFXrgfLm2IBiGdQ
197=MgFEdlgzkALcDlQemAFYPUgAUAJIAEEBbFARvAItnAKQAswEMywASBhcAkA3VI1Qj1xcWA
198=FAE0gSWC6sE1gBJ3wBTAGABGwKzAcOsWyYfUiQdUaVe0x9XTF0XTZbAYZmPKQFWgGMbGwB
199=BoprPHphOY1zQpgBWAdIAGQXJzQBvAWYATpcAC0kAqQvRCxLLcGeZFgfQFIJgWA5knVFh2
200=w+iWc7gArMDS30BAOSdE+DZkhYWwh8ZT28k1OrdT6HXygkEb8RhlkuiDBIElAISABAAUkA
201=bSp0BkgbQB+8BQNvUzGPc0JMAUAHAoNrQIhpQBB8BZgQQAFIAFAISABAAUgAQAFIAEEBbE
202=gtUJKQYlgBUAJIAEABSABAAUgAoQFsVBsJiHFFnIBKhmE0u5pgWC6kC0ArJy8ArIpVkAJ3
203=Bo9uPicsAFQSIBssAESPpCwqHAEJzZdVg2I5wIpMz5NPtCdEFFpz17CgymwQKrwAMCwABn
204=VhPJd+TZl7RFglSBgnFAmsAUsDw6JovA5IA0hIiBgEbJ57RpR4SLRLXCBDIph6Q5AdoCUx
205=3AFAE6wHMAwCJ1wABtmzbf///4tqOKQCULlYCio8C7wCNgYBfF+gBzH0AYAHIC5cAFjZTM
206=1IADY8ArwCJ5wLJ3wZWGQgAz8Cimo5mQRsVEsFln1Idlw2eGFseUAiSAAnjA+sBKwNPywA
207=Bti0btWzbdWzbBEAAA==

[AITriggerTypesEnable]
043F40BC-G=yes
043F521C-G=yes
043F874C-G=yes
044082BC-G=yes
05C504DC-G=yes
05C5392C-G=yes
05C56EDC-G=yes
05FC088C-G=yes
05FC0C9C-G=yes
05FC13EC-G=yes
05FC1A8C-G=yes
05FC1C5C-G=yes
05FC333C-G=yes
05FC37CC-G=yes
05FC3C9C-G=yes
05FC50EC-G=yes
05FC747C-G=yes
05FC75CC-G=yes
05FFA7DC-G=yes
05FFB18C-G=yes
06002BFC-G=yes
0611A1EC-G=yes
0611A33C-G=yes
0612B11C-G=yes
0612CD8C-G=yes
0612EAEC-G=yes
0612F46C-G=yes
0612F9AC-G=yes
0616004C-G=yes
06C551AC-G=yes
078F4B2C-G=yes
07C0372C-G=yes
07C04C7C-G=yes
07C04EDC-G=yes
07C0B14C-G=yes
07C30A5C-G=yes
07C310BC-G=yes
07C3266C-G=yes
07C329FC-G=yes
07C330CC-G=yes
07C33DDC-G=yes
07C4853C-G=yes
08A3EEDC-G=yes
08B902EC-G=yes
08B90B1C-G=yes
08B911BC-G=yes
08B9154C-G=yes
08B9213C-G=yes
08B9305C-G=yes
08B9356C-G=yes
08B940EC-G=yes
08B9423C-G=yes
08B9483C-G=yes
08B9586C-G=yes
08B9641C-G=yes
08B9708C-G=yes
08B9767C-G=yes
08B97C6C-G=yes
0A31295C-G=yes
0A44F17C-G=yes
0A44F2CC-G=yes
0A452C6C-G=yes
0A452E5C-G=yes
0AA845AC-G=yes
0AA846FC-G=yes
0ABC484C-G=yes
0AD2BAEC-G=yes
0C0C7AEC-G=yes
0C0D184C-G=yes
0C0D251C-G=yes
0C1245AC-G=yes
0C1246FC-G=yes
0C32599C-G=yes
0C32D84C-G=yes
0C87B45C-G=yes
0C87B99C-G=yes
0C87E5AC-G=yes
0C8B81BC-G=yes
0C8BC5AC-G=yes
0C8C2AEC-G=yes
0C8C2C3C-G=yes
0C8C430C-G=yes
0C8C4C3C-G=yes
0C8C51BC-G=yes
0C8C56FC-G=yes
0C8C645C-G=yes
0C8C6EDC-G=yes
0C8C71BC-G=yes
0C8E2C3C-G=yes
0C8EE1BC-G=yes
0C8EEAEC-G=yes
0C8EEEDC-G=yes
0C91D45C-G=yes
0C92C1BC-G=yes
0C92C45C-G=yes
0C955AEC-G=yes
0C955C3C-G=yes
0C9561BC-G=yes
0C9565AC-G=yes
0C96F45C-G=yes
0C96F5AC-G=yes
0CA1F84C-G=yes
0CA24D8C-G=yes
0CA2A04C-G=yes
0CA2B06C-G=yes
0CA2FEDC-G=yes
0CA5945C-G=yes
0CA6621C-G=yes
0CA6AEDC-G=yes
0CAD0B2C-G=yes
0CAD0C7C-G=yes
0CAD0DCC-G=yes
0CAD130C-G=yes
0CAD145C-G=yes
0CAD25AC-G=yes
0CAD2AEC-G=yes
0CAD2C3C-G=yes
0CAD5AEC-G=yes
0CADD99C-G=yes
0CADDEDC-G=yes
0CB29EDC-G=yes
0CB2CEDC-G=yes
0CDF899C-G=yes
0CDF8D8C-G=yes
0CDF8EDC-G=yes
0CE2395C-G=yes
0CE23AAC-G=yes
0CE26B5C-G=yes
0CE26CAC-G=yes
0CE2E8DC-G=yes
0CE2EA2C-G=yes
0CE44D0C-G=yes
0D022B1C-G=yes
0D052AEC-G=yes
0D0803CC-G=yes
0D08461C-G=yes
0D0848BC-G=yes
0D084A0C-G=yes
0D084B5C-G=yes
0D0873DC-G=yes
0D087D8C-G=yes
0D0B3B9C-G=yes
0D2769BC-G=yes
0D2C41EC-G=yes
0D2C448C-G=yes
0D2C45DC-G=yes
0D53099C-G=yes
0D53430C-G=yes
0D535EDC-G=yes
0D62145C-G=yes
0D6215AC-G=yes
0D6216FC-G=yes
0D62199C-G=yes
0ECCB2BC-G=yes
0ECCB40C-G=yes
0ECCB55C-G=yes
0ECCB7FC-G=yes
0ECCBC3C-G=yes
0ECCF14C-G=yes
0ECCF29C-G=yes
0ECCF68C-G=yes
0ECCFA7C-G=yes
0ECCFCAC-G=yes

[Actions]
059EA50C=6,99,7,_Amb_WindPlains,0,0,0,0,AC,99,7,_Amb_WindPlains,0,0,0,0,AD,99,7,_Amb_WindPlains,0,0,0,0,AE,99,7,_Amb_WindPlains,0,0,0,0,AF,99,7,_Amb_WindPlains,0,0,0,0,AG,99,7,_Amb_WindPlains,0,0,0,0,AH

[Africans]
IQ=0
Color=DarkRed
Allies=Africans
Country=Africans
Credits=0
NodeCount=0
TechLevel=1
PercentBuilt=0
PlayerControl=no

[Alliance]
IQ=0
Color=Gold
Allies=Alliance
Country=Alliance
Credits=0
NodeCount=0
TechLevel=1
PercentBuilt=0
PlayerControl=no

[Americans]
IQ=0
Color=Gold
Allies=Americans
Country=Americans
Credits=0
NodeCount=0
TechLevel=0
PercentBuilt=0
PlayerControl=yes

[Arabs]
IQ=0
Color=DarkRed
Allies=Arabs
Country=Arabs
Credits=0
NodeCount=0
TechLevel=1
PercentBuilt=0
PlayerControl=no

[Basic]
Name=(2) Dune Patrol
Theme=No theme
Percent=0
GameMode=standard
InitTime=10000
Official=yes
EndOfGame=no
FreeRadar=no
MaxPlayer=2
MinPlayer=2
SkipScore=no
TrainCrate=no
TruckCrate=no
OneTimeOnly=no
CarryOverCap=0
NewINIFormat=4
NextScenario=GDI2A.map
SkipMapSelect=no
AltNextScenario=GDI9C.MAP
MultiplayerOnly=1
IceGrowthEnabled=yes
VeinGrowthEnabled=yes
TiberiumGrowthEnabled=yes
IgnoreGlobalAITriggers=no
TiberiumDeathToVisceroid=yes

[British]
IQ=0
Color=Gold
Allies=British
Country=British
Credits=0
NodeCount=0
TechLevel=1
PercentBuilt=0
PlayerControl=no

[Confederation]
IQ=0
Color=DarkRed
Allies=Confederation
Country=Confederation
Credits=0
NodeCount=0
TechLevel=1
PercentBuilt=0
PlayerControl=no

[Events]
059EA50C=1,13,0,0

[French]
IQ=0
Color=Gold
Allies=French
Country=French
Credits=0
NodeCount=0
TechLevel=1
PercentBuilt=0
PlayerControl=no

[GDI]
IQ=0
Color=Gold
Allies=GDI
Country=GDI
Credits=0
NodeCount=0
TechLevel=1
PercentBuilt=0
PlayerControl=no

[Germans]
IQ=0
Color=Gold
Allies=Germans
Country=Germans
Credits=0
NodeCount=0
TechLevel=1
PercentBuilt=0
PlayerControl=no

[Houses]
0=Americans
1=Alliance
2=French
3=Germans
4=British
5=Africans
6=Arabs
7=Confederation
8=Russians
9=YuriCountry
10=GDI
11=Nod
12=Neutral
13=Special

[Infantry]
0=Neutral,CAML,256,83,66,0,Guard,64,None,0,-1,0,1,0
1=Neutral,CAML,256,55,60,0,Guard,64,None,0,-1,0,1,0
2=Neutral,CAML,256,92,62,0,Guard,64,None,0,-1,0,1,0
3=Neutral,CAML,256,82,68,1,Guard,64,None,0,-1,0,1,0
4=Neutral,CAML,256,59,76,0,Guard,64,None,0,-1,0,1,0
5=Neutral,CAML,256,58,79,0,Guard,64,None,0,-1,0,1,0
6=Neutral,CAML,256,61,54,0,Guard,64,None,0,-1,0,1,0
7=Neutral,CAML,256,42,96,0,Guard,64,None,0,-1,0,1,0
8=Neutral,CAML,256,49,103,0,Guard,64,None,0,-1,0,1,0
9=Neutral,CAML,256,41,38,0,Guard,64,None,0,-1,0,1,0
10=Neutral,CAML,256,43,42,0,Guard,64,None,0,-1,0,1,0
11=Neutral,CAML,256,29,46,0,Guard,64,None,0,-1,0,1,0
12=Neutral,CAML,256,54,51,0,Guard,64,None,0,-1,0,1,0
13=Neutral,CAML,256,57,53,0,Guard,64,None,0,-1,0,1,0
14=Neutral,CAML,256,30,50,1,Guard,64,None,0,-1,0,1,0
15=Neutral,CAML,256,53,55,0,Guard,64,None,0,-1,0,1,0
16=Neutral,CAML,256,62,61,0,Guard,64,None,0,-1,0,1,0
17=Neutral,CAML,256,35,38,0,Guard,64,None,0,-1,0,1,0
18=Neutral,CAML,256,38,51,0,Guard,64,None,0,-1,0,1,0
19=Neutral,CAML,256,45,26,0,Guard,64,None,0,-1,0,1,0
20=Neutral,CAML,256,70,17,0,Guard,64,None,0,-1,0,1,0
21=Neutral,CAML,256,71,19,0,Guard,64,None,0,-1,0,1,0
22=Neutral,CIV3,256,97,46,1,Guard,64,None,0,-1,0,1,0
23=Neutral,PENTGEN,256,99,46,1,Guard,64,None,0,-1,0,1,0
24=Neutral,PENTGEN,256,12,62,0,Guard,64,None,0,-1,0,1,0
25=Neutral,CIVA,256,16,68,1,Guard,64,None,0,-1,0,1,0
26=Neutral,CIVB,256,14,68,0,Guard,64,None,0,-1,0,1,0
27=Neutral,CIVB,256,58,16,1,Guard,64,None,0,-1,0,1,0
28=Neutral,CAML,256,95,40,1,Guard,64,None,0,-1,0,1,0
29=Neutral,CAML,256,92,38,0,Guard,64,None,0,-1,0,1,0
30=Neutral,CAML,256,94,37,0,Guard,64,None,0,-1,0,1,0
31=Neutral,CAML,256,18,72,1,Guard,64,None,0,-1,0,1,0
32=Neutral,CAML,256,20,75,1,Guard,64,None,0,-1,0,1,0
33=Neutral,CAML,256,39,95,0,Guard,64,None,0,-1,0,1,0

[IsoMapPack5]
1=8Q8AIAE8AAEAgAACBgA7AAKEAQEABgA8KCkAPSgrADoAA+EEOygpADwoKQA9KCkAPigrAD
2=kABPkGOigpADsoKQA8KCkAPSgpAD4oKQA/KCsAOAAF8Qk5KCkAOigpADsoKQA8KCkAPSgp
3=AD5JAY5zHgYAP0gBlwkGAEBJATtvAQYAN0AgZAFZADhMAMkBOSgpADooKQA7KCkAPCgpAD
4=1JAYypDD5JAYmpAT9JAVJ0CXQNeC0DAAACAgBBVAJwAlssNgAHhAFFAjcoKQA4KCkAOSgp
5=ADooKQA7KCkAPEkBkLUNPUgBwQ8+SQE5ZAtmHgcAaAEBAQIAQFUCIXQCbxAHAB6pAUJUAs
6=sBNQAIbQIAWRE2KCkANygpADgoKQA5KCkAOigpADsoKQA8KCkAPUgB3SA+SAF4EV0gP0gB
7=2RFASQElaA9nEwgA12MaAwBCVQLVqQFDSQEfowQ0AAlgAXEUNSgpADYoKQA3KCkAOCgpAD
8=koKQA6KCkAOygpADxJATpnCwYAPcgBTSY+SQHZbRACT0cJAB1gBGcpCQDbdQIDVzkJANSp
9=AUJNBSehBENJASOpAURIAWQBWz0zAAqEAV0rNCgpADUoKQA2KCkANygpADgoKQA5SAHdTD
10=pJAYZgD2JLCgDdKzxUAnQYXSs9SAGbDQIAPkkB3GwFdxgKACR4AncYCgAgqQFBQATJAUJI
11=AckXQ0gBgxoBAERJAelnCAEARUgBjBACAQAyAAt8B20xMygpADQoKQA1KCkANigpADcoKQ
12=A4SAGRCQZXVAsAgmsMBgA6VALJWTtJAUJwDG2UC05CAABZMj1VArhsBW8bCwCyqQE/VQLd
13=qQFASQG6qQFBSQGSqQFCSAHBGkNIAZgcbhsLAIwQbBvPEAEARkAEmBECAQAxAAxkEHkcMi
14=gpADMoKQA0KCkANSgpADYoKQA3KCkAOEkBj3gRZh4MANkcOlQC1ZE7yAFZHDxIAcEaPUkB
15=t3gGZx4MAPapAT9VArCpAUBIAdUCQUkBtrUCQkkB5msBAQBDSAGIhWUeDKgtZB4nKQBGQA
16=TFHkdJAYW4BgIwAA0AM1ofAgJcIKoBAwZEP6gBSVkzQARcA3UjNCgpADUoKQA2KCkAN0gB
17=xVU4SQE2fAZ+IA0AaQEBZT8NWtIAAFUNO0AEyW88SAHZPT1IAdkcPigpAD8oKQBASQGxaB
18=duiQ0A2SdCVQImdA1/IA0AIqkBRFUCi2wFfyANAIepAUZUAskBR0gBhzQBAEhIAXQGAwAB
19=AC8ADoQBSXowKCkAMUgBYiUFAlUjDu0mM9QCTSY0SQE0YwcGADVIAWQBWSc2SAFkokkBN8
20=gBRT84SAFoIl0gOcoBAwJdYg69jgJRJA69jgJO9w4AyUM9TAUndQQOKJQIJykAQCiBAEFI
21=AcFnQkgBwSVDSAGErXdEDgCRqSJFVAKMMX9iDgCTbxcBAEdUApgGdSMOs6MBAElUAnwDVy
22=MuAA+EAUkBL0kB5lABTRswSAFEAVA8REongQAyKFUAM0gBxSk0SAFsJl0gNcgBRSk2SAFs
23=JlUCN0gBl1oCADhJAYR9FQJPiQ8AiqkBOlQCzUc7SQG0tQI8SAHBJT0oKQA+SQGzoQQ/SA
24=HBBEBIAdUCQUkBtaEEQkgB1RhDSAEnzQQPuNdlSg+kNG4mDwCI3W0mD6TvbiYPAJTebCYn
25=HQRKUAmILQICAC0AEIQMWScuSAF4J1FAL8gBAQQCADBIAYQEb3MQANVsAXRPqAFJLTMogQ
26=A0KCkANUgBcCpFVTZJAdFYBk0FN8gBUSo4SAGEP2YpEADZETpVAr2xHztIAdUCPEkBu7UC
27=PUgByW8+SAHBBD9IAdkGQEgBnOZsc1AUuQZCVAInVhYQACdXFhAA2GAEZSkQ+SdGTAXNJk
28=dIAZEqAk1zELEqAlVPELd7AgBKQQTWZwgCAEtJAdGrASwAEVwdSAB8KycpAC5UAn4rBgJW
29=exEAaQEHfCupAQh9KxGcK1UuMkwFaC1ZJzPIAVkGNMgBWQY1SAFwKlE1NsgBWQY3yAFZBj
30=hIAUQQZWA5SAHRFDpJAc+xFDtJAdCpATxIAc0FPUgBxSk+SAEnRB8nFQNAVQK8uQZBSAEn
31=dg8RANlTQ1QCgDB2exEAiAx9KxHxd0ZABNUNR0gBJb0jSEgBgX0DXCvQCX4rEQDJF0tBBM
32=2hD0xIASPUJgQCACsAEgBEVAkBBAYALMgBUR8tSAFQAnEfLigpAC9IAXUuCnUuEoEwC3Yu
33=EgDVezJABCO9IwJJqxKMMU0FNFQCbDFNBTVIAXQuTTE2yAFNMTdIAdUNOCgpADlIAckXOk
34=gByRc7SAGIIm2qEpQGSW89VALJWT5JAb65HD9IAYQpIh4lEgDRS0FUAsU0QkgBJ8UZEqxS
35=dS4SKFULEiQkJn+DEgAofA18g9QCd1oSACB0AnVaErxidS4SKNUFEqs4AgBMVA3RNU1IAX
36=QGAwADACoAE4QBTcsrSAFsMUkBLMgBTX4tSAGHBAIALigpAC9IAW0xDW0xE40xDm8xEwDg
37=UAVZBjJABCMMI24xEwDRrjRUAtGuNUgBSAVtPDYoKQA3KCkAOCgpADlIAScuBhMAJywGJy
38=kAPEAE3WI9SAHBBD5IAdUuP0gB1Q1ASAHRCUFIAdkGQkgBzQVDSAHRYURIAYxoZGDAJW0x
39=E/kyR0AEgDBttRPlNElUAiOEMm8xEwDSvUFLVAIjHDBtMRO7aQIATVQChxMDAE4oKwApAB
40=SQAk0xKigpACsoKQAsSAFwNUFnLcgBQWcuSAGcBm2UFCZlIzBUAnkyBGU0FIQ0TQUy1AJR
41=YTNIAdG5NEgBxQg1KCkANigpADcoKQA4KCkAOUgB0So6SAHBMDsoKQA8KCkAPSgpAD5IAd
42=lpP0gBwQ9ASAHRCUFIAdEJQkgB2SdDSAHBZ0RIASNsOmU0FO1oRlQCkAl1ZRTlw0hUAsXD
43=SUgBgDtkNMAEbcAU8cRMQASMBWQ0zDFkNCcpAE9ABIkMA1U+FYQBUjUpACcpACooKQArKC
44=kALEkBWHUFBk/3FQBFqQEuVAJoAUFnL0gBcAJZijAoKQAxSAFpOAlt9xWIOEmbM9QCSZs0
45=SAHJkDVIAcUINigpADcoKQA4KCkAOUgByS06SAHJLTsoKQA8KCkAPSgpAD4oKQA/SAHNaE
46=BIAcUIQUgBwTtCSgH//0MSAgBDSAHRFERIAUwCeX9FSAHVOUZIAdU5R0gBgDBlaxWoOHWc
47=FeU0SuAEfTYVJHk2A1acFQCNwANEa8wxfDYnKQBPWAaDDwMAUEkBTEwBAwEHACcAFkABSQ
48=AGVDknKQApKFUAKigpACsoKQAsKCkALSgpAC5IAXQ5TXMvyQEFfaQWJpkkMVQCdDlVpzLI
49=AVWnM0gB1YY0SAHVhjVIAd0rNigpADcoKQA4KCkAOUgBwTA6KCkAOygpADwoKQA9KCkAPi
50=gpAD8oKQBAKCkAQSgpAEJIAdkRQ0gBwXJESAFQJ7U5FvE1RlQClzkCAEcoKQBISAGAO3U5
51=Fq/3AwBKVQKIf6QDAEtIASNwNXY5FgAjkDl0OdgydDknKQBPTAVqOAIHVTkWVD8DAAADBw
52=BRVAIi8C8DAAcAJgAXgBNNcycoKQAoKCkAKSgpACooKQArKCkALCgpAC1IASUJPi7IAYR2
53=yAxvPBcA2nQYZ60XANOpATJMBc0mM0gB3WI0SAGLEwIANUgB1XA2SAHJODcoKQA4KCkAOS
54=gpADooKQA7KCkAPCgpAD0oKQA+KCkAPygpAEAoKQBBSAHJTkJIAcE7Q0gBJQUtREkB46Ea
55=RUgByThGSAGBBANNPBevcwMASFQCIwA9IjUoFyRAOmw8yCJuPBcAIwgobjwXACOEPW08F/
56=F3TkQIlyMDAE9JATJsAW88FwA4qQFRVAJsPAECAwBSSAFwAgMAAwAlABiEAVk9JigpACco
57=KQAoKCkAKSgpACooKQArKCkALEgBJSlCLUgBZT8CIhUkGLCNbuwYAJBWZT8YJjk5MUwFkB
58=BttRgmJSYzVAIn5gcYACW5STVUAsFGNkgBJ+UHGCaRIzgoVQA5KCkAOigpADsoKQA8KCkA
59=PSgpAD5IAcE7P0gByQxASAHZEUFIAd0VQigpAENJAeC5PURIAYEEA13VGLd7AwBGVAKQQG
60=U/GKmbBEU/GExuVAVlPxj9QUpMBYSBZT8YtPRlPxgo5QcYJJxLdHvIOGY/GABlPwFttRiE
61=P0kBUVAJIzBOZD/XLgMAU1QCWA5cfwEAJAAZhgEABlxBJykAJihVACcoKQAoKCkAKSgpAC
62=ooKQArSAF8TFEJLMgBTX4tSAGMEH1BGayUfUEZJGg/fkEZAM1+MUwFyQEySAHBMDMoKQA0
63=SAEl7Sk1SAGPFwIANkgB0YI3SAHZBjgoKQA5KCkAOigpADsoKQA8KCkAPUgB2T0+SAHJDD
64=9IAdVPQEgByQxBSAHdFUJIAZh0bfcZQCtDBwIARFQCIy0yAl1BGSQgK31BGaF9BEWBGSTQ
65=K3xB3yAEAElYBoWiBFW9Gbl/BFW9GSToOX1BGSQ0SWWBGaRKfkEZACNsZn1BGSRMK31BGb
66=VwA1W9Ge1HUkgMiOh8QcMPAwBUVAKcKwIDACMAGkgYSQAGUBknKQAlKFUAJigpACcoKQAo
67=KCkAKSgpACpIAd2DK0gBdERdgyxIAclDLUgBI7hUdUQaKJUIGvHEMEAEzXMxSAHBMDIoKQ
68=AzKCkANCgpADVIAcU0NkgBxQg3SAHFCDhIAdUCOUgB1QI6KCkAO0gBwQQ8SAHBBD0oKQA+
69=SAHFPz9IAUQmcftASAHNUkFIAdHEQkgBjMB3RBoA4vWGGlhvQAd1RBpYLUgBdUQaJMQ6do
70=YaAJhIfsUaACM4LnZEGgAjqEd8xSetAEtIDCPUR3VEGrBsdUQaJHQ7dkQaACO8OXZEGgAj
71=vDl0RNQudUQauFN1hhq4q3REJykAVEgMnyADAFVIAcNGIgAbXBZJAAZMRycpACQoVQAlKC
72=kAJigpACcoKQAoKCkAKSgpACpJAT9YClmKK8gBWYosSAGM4SLlSRskAF5tRxsk4FlljBuk
73=5GSM2BEirSEb+cwyRAiUGCLdPRu3cAIANChVADVIAcWBNkgBh2sCADdIAYAwIo1UG7xtIm
74=VPG+VVOkAE2T07SAFlFwAiDEQn4QE9VALBBD5IAcEEPygpAEBIAckMQUgBwUZCSAGUyG1H
75=G+E7RFQCgFxlzhsk6ERsR8QebUcb5UpITAUjCD5lzhtUNEgPbUcb4YhLQARMAmXDTEgBnF
76=dtRxvxQE5UAtk9T0gBgDBsR9QubUcbsPtsR8QebEcnBQFUWAaYaWxH1y4DAFZUAo1oA03m
77=HIgQWj0iACcpACMoKQAkKCkAJSgpACYoKQAnKCkAKEgBh4wGAClIASNDRQYAKkgBZEoBAg
78=YAK8gBAQMCACxIAYAaZUoc6ZAuVAIlITYvSAEl7D8FMAAcANcBAAARAAD+DwAgCAACADEA
79=HADNAQAASAECMgAcANCpATNIAUwCdQI0SQHatQI1SQHUqQE2SQGLqQE3SQGEqQE4SQGCqQ
80=E5SAHVAjpJAYa1AjtIAd0KPEkB2LUCPUgB1QI+SQHXtQI/SQHRqQFASAHBBEFJAeC1AkJJ
81=AdtrAQMAQ0gBlxgDAERJAdK1AkVIAZ8VAwBGSAGHCAMAR0gBiwwDAEhIAYsMAwBJSAHBBE
82=pJAdalCEtJAc+pAUxIAckMTSgpAE5IAY8mAwBPSQGRrQVQSAHJDFFIAcUIUkgBxQhTSAHZ
83=BlRIAcEPVSgpAFYoKQBXKCsAIAAdiAUBAAYAISgpACIoKQAjKCkAJCgpACUoKQAmKCkAJy
84=gpAChIAYsXBgApSQE6cwwGACrIAQEBAgArSAFwAlVELEkBj3scAgAtSQGJqQEuSAGPJgIA
85=L0gBhx4CADBIAYQefkwdAMkBMihVADNJAdWlCDRIAckMNUkBkLUCNkkBh6kBNygpADgoKQ
86=A5SAHJTjpJAYWtBTtIAYtDAgA8SAHBDz1JAdOhBD5IAdUCP0gBg0YCAEBIAZ9BAgBBSQEk
87=fxECAEJJASipAUNJAdxkCHxMzzEDAEVVAo61AkZIAYAPfEzEHnxMJykASUAEjxADAEpIAY
88=8QAwBLKCkATCgpAE0oKQBOKCkAT0gBnysDAFBIAcUIUSgpAFIoKQBTSAEnnAknvQJVVAJ8
89=GQEAAwBWKCkAVygpAFgoKwAfAB6IBUlOICgpACEoKQAiKCkAIygpACQoKQAlKCkAJigpAC
90=coKQAoSQFScAx2Tx4Adk8CAlZPHgDRQCtBBIp/KwIALEgBhWsCVk8eAIcpAgAuVAKcIHVP
91=Hv1MMFQCwTsxSAHBBDJIAZOCAgAzSQEnYw8BADRJAelrDAEANUgBmz0BADZIAcEEN0gBwQ
92=Q4SAHBBDlIAdFhOkgBxVU7SAHBnjxIASeUE8cpAgA+KFUAP0gBaBBFa0BIAZBLdk8eAIRK
93=d08eAOBlEwJUnMgid08eAIh0AnZPHgCEYHacHgCAD3ZPHgCAcnVPHry6dJzMEHRPJ4EAS0
94=APlyMDAEwoKQBNKCkATigpAE8oKQBQKCkAUSgpAFIoKQBTSAGDMAMAVEgBh2sDAFVIAYQe
95=dE8nOQJXVQJLewIHAFjIAQEBBwBZSQFRtwIeAB9jAQAABkABJykAIFABmAJkoidVACIoVQ
96=AjKCkAJCgpACVJAYx7JwYAJkgBk0sGACdJATl3CQYAKMgBTZ8pSAFwAkU0KigpACsoKQAs
97=SAHdNi1IAc0FLkgBgDBtUh+gMGSi0BRmoh8A2QYyTAXdTDNJASNoCG9SHwDdcBRvUh8A3q
98=kBNkEE5KkBN0kB2akBOEkB4KkBOUkBkWUIAktpHwCHqQE7VQKNYARkoifhAT1UAnwDTRs+
99=SAHd/D9IAZA1ZaIf9XBBVALZq0JIAdGjQ0kB6L0KREgBnWICRqIfACN4IG5SHwCYBm5SHw
100=CIDG1SH7h0blIfAN2ZSkQIwVFLKCkATCgpAE0oKQBOKCkATygpAFAoKQBRKCkAUkgB2aBT
101=SAGEHm5SHwCMc2xS2DJsUicpAFdMBW1SAm5SHwCARm5SHwAjZyMHAFpABJ1tB0GmIJoKAA
102=ZIVicqAB8AJykAICgpACEoKQAiKCkAIygpACRIAZcNBgAlSAGM7GZVIADdpCdUAmRVXaQo
103=SAGNBQJN9yC4f3enIABNYRIGT/cgAEapASxMBWgBVVotSAGB1QJVpyCsMWZVIACEdmZVIA
104=DJ8zFNBY9nCAIAMkkBJmsBAQAzSQEiqQE0SQGLqQE1SAGIQ3anIADJWTdUAo9dAQA4SAHB
105=BDlIAYFGAUdVIACOZwgCADtUAiMwImRV2ycCAD1UAoxddKcnVQA/VAKIOGRVJ1UAQVQClE
106=90pydJBENVAiGpDERJASWpAUVIAYwFZVUg4alHVAKQgmVVIOGpSVQC2VNKKCkASygpAEwo
107=KQBNKCkATigpAE8oKQBQKCkAUSgpAFIoKQBTSAHdYlRIAd1XVUgBZBeM90wma28DAFdVAj
108=F4AmZVIACI0mZVIACI0mVVILdwBwBbTAVoBQIABwAcAIAibaodKCkAHigpAB8oKQAgKCkA
109=IUgBwVEiSQE0dQkGST0hq4UGACRUAtFWJUkBO6EEJsgBVU8nSAHRVihIAZjXfVchsBR+Vy
110=EAgBp9VyFIwkkIBlX/IelZLVgGyVkuSAGQS3xXbBNPBQIAMFQClMtmrSEAhFV8V8Qedf8h
111=WHdMBWWtISilFSGk735XIQCDqQEAN1AJwVw4SAGDUQEAOUkB4GAwfFdQH0wJQak7VAKMBX
112=5XIQDRbD1UAoxHfVcho54CAD9UAoA7fFcnZQJBVAKIOHxXJ0kEQ1QClw0CAERIASNsJHX/
113=IfFWRlQClC5mrSEAI5gkfVchtHtkrScpAEpMBZgRIuwpJ1UATChVAE0oKQBOKCkATygpAF
114=AoKQBRKCkAUigpAFMoKQBUSAGYHGWtIaCpZK3MG31XIZo9AgNIPakBA35XIQCQS3xXTDFo
115=LX1XIUQvTy0HAFxcCnigAQEDABukPGlZHCgpAB0oKQAeKCkAHygpACBIAdhTbERoAVlTIl
116=QCYA9ZqyPJAQN1WiJUl0APdbIiXpQAAEEEJkAEjzECACdIAZ9tAgAoSAEnVQsiKFULIrgc
117=IkQ1qAFdCixNBTxYCk1HLUgBmEB0siVkLXVaIlzARAR1WiKlVQNCCSIAiLF0WmQWgQQzRA
118=iUAnRa1AIi/iAiAIyqdVoiqEN1WiKgUXayIgAjVCx1WiJAeFAJdloiACXRKztcCs21PEgB
119=WANUH1WyIrCjdVoi6cc/QATVyEBIASUpIUFIAdkGQkgBJTEiQ0gBmMF1WiJcJkgEIv4gIg
120=CABHSyiXcAQZ5HTAUjSCV0WtQNdVoi4VxKQAQnVAsnVQBMKFUATSgpAE4oKQBPKCkAUCgp
121=AFEoKQBSKCkAUygpAFRIAYwmdVoisK51WiLhcldABCN4IHRauD0BBQMAWVQCk0sDAFrIAU
122=1dW0gBaFlFYFxIAVQgZR5dKCkAGkCslQIGTF2Y6qxdJykAHSiBAB4oKQAfSAHMtXTxYFxR
123=ViFUAombAkEMIyaNKCNUAmYTBQJBQCOMXVFhJVUCjWUPAlpNIwDJmydUAiNwKm1dI7AfZL
124=hQCXh0ZbgjJjEiK0wFcLldCixIASVhMy1IASNIOm1dI0R5TwwDAC9UApm2A0S4JUA5bF18
125=cIEEMkAEI4QmZrgjAImxAliEJaAvbV0j4Vw2TAWAUW1dIyQMLm1dI6DVbl0jAJz8bV0jpW
126=sBRnsjAIetAQA8RAhYDq1dIyS4KGxd1C5kuCcpAEBMBd3QQUgB0YJCSAHFgUNIAZQNbF3I
127=DG1dI6xzbF3IF2S43BVsXcgMbV0jvG0i/TYj+V5LXArZXkwoKQBNKCkATigpAE8oKQBQKC
128=kAUSgpAFIoKQBTSAHZtlRIAZwgbF3ULmxdxD9kuMQ/bV0jJIAsbF3QQG1dI1Y0AABFYFso
129=MQFcSAEj5zMCAF1IASMLJwIAXkgB1UQZSFGDDwYAGigpABsoKQAcKCkAHSgpAB4oKQAfSQ
130=E/awgGACDIAVVaIUgByAx5nYxhBAJZDiThXCQogQAlSQGSoQQmSAHZXidIAYkXAVWWJP2k
131=KVQC3aQqSAHZ+CtIASPMMCIFQyT5wS1UAicEDCW8TmVgJCTRIARFYCQkDS4EVL0l+zoDAD
132=JYBicFDCTtUjT0AmVgJCRkOXe9JACTaBdlYCQk9DVmYCQAlLJkYCKwJkQEZ2AkAONwd2Vg
133=JKTOZGDYESINLiSsaGRgkLZ9Yj9AD9VwQEgBSAl1AkFIAdUCQkgBkM8iBUMk5XZEVAKMCG
134=VgJEgoQwcCAEZUAsm8R0gBkHdlYCSg1WVgJLjMZWAkKAQMJykATFgG0WFNKCkATigpAE8o
135=KQBQKCkAUSgpAFIoKQBTKCkAVEgBJTkuVUgBxRNWSAHVAldIASPANGVgJKSiZmAkACVRJl
136=pABCVRJltIAYMwAwBcSAHVOV1IAdWGXkgB1YZfSAGXyAIAGLAyAgAABgAZKCkAGigpABso
137=KQAcKCkAHSgpAB4oKQAfSAF9YgJ+YiUAagEDAlmwJbSRZsMlANleI0wFJbwuYEPFEyVUAt
138=2ZJkgB0WEnSAGAln1iJbs9AQApVAKbPQEAKkgByWQrSAHJZCxIAYAlImRPJcRaZMNwb0hD
139=fGIiLDyJATBMBYiFZMN805UCMlQCxSkzSAHJsTRIASVBJDVIAcFcNigpADdIASOIIX1iJe
140=FnOVUC4LFhOkgBnDYibToloGcibC8jBDltXT1ABJBWfWIlpFVlwyW4UyJsLydVAEFMBYyq
141=ImwvJwUBQ1QCI2REZcMlrH5+YiUAjBB9YiWgfWTD3Ap8YicpAElECNleSkgBmBEibC8ngQ
142=BMVALBBE0oKQBOKCkATygpAFAoKQBRKCkAUigpAFMoKQBUSAGAGmTDwBpkwye9AldABFwz
143=IjkjWEgBkIJ8YietAFpUApMfAwBbSAHRCVxIAZw2ZsMlAIQ0ZcMlp2sCAF9ABMFGYEkBnG
144=8MAgAXIZAiZgEABlRlnQcASQEZKFUAGigpABsoKQAcKCkAHSgpAB5IAZDEIs9RJgBAYAt0
145=ZagBlMjIDHVlJqxddcgm8RQkRAjRFCVIAZAfIh8lJgDmsUsnVAKQS3ZlJgCYinVlJrBAdG
146=VszkcPAQArTAUlOS4sSAHNaC1IAYRrdWUmTNxMBSLNMCbtqjBABCMUOnRl3Ap1yCZcAo0F
147=M0ABI8wlIhwlIjwzlQI1VALVkTZIAcmQN0gBjB51ZSb9xTlUApw5dcgmuMx1ZSblYDxABJ
148=ykdMjYHHRlJ4EAP0AEmFN0ZSdVAEEoVQBCSAGYq3TIhhAAAHRlJykARUEE4HAqdGXMEHVl
149=JiRgM3RlzAV1yCYoHCXUDXRlJykATFAJmxEDAE0oKQBOKCkATygpAFAoKQBRKCkAUigpAF
150=MoKQBUKCkAVUgBiCJ1ZSag6yIcJSeRAlhABN14WUgB3cVaSAFcM3lpW0gBwQRcSAGXIwMA
151=XUgB2aBeSAGQS3VlJuWXYFQCdGUBAgIAYcgBQ78WACchlF5FCwZMaIi5YWcYVAJMAmkBGS
152=gpABooKQAbKCkAHCgpAB1IAZzFIjVUJ6Dgb2gnAEBUCYTOqAFBDyFMBdEUIkgBhGBuaCcA
153=JXVnJFQCgSUCWXwntDltaCcoDQ0n+bYoTAXRFylIAZVlAEXOJ7FhAE1oJ7t0AQAsQASDZw
154=EALUgBjwUBAC5IAcVrL0gBgAQi3D3ECCI0SSL0SlgYbGglG2sDADNMBY+UAwA0SAGTOAIA
155=NUgBlwICADZIASNLOwIAN0gBJfU1OEkBiUwJAQACADlIASVxNTpIAXACVQI7SAGMPGXOJ7
156=REbGjQHG1oJ6hZZc4n/W1AWAacVyIsaSfZAEJUAgkAAAAAAAIAQwAnANcRAABEEAAgCAEA
157=AAACAEQAJwDRqAECRQAnACRQAgEAAgBGSQHptQJHKCkASEkBKKEESUkB1mMEAwBKSQHNqQ
158=FLKCkATCgpAE0oKQBOKCkATygpAFAoKQBRKCkAUigpAFMoKQBUKCkAVSgpAFYoKQBXSQHP
159=uRFYSAHFE1lJAdC1AlpIAXAYAQADAFtJAdy1AlxJASd7AgIAXUkBI6kBXkgBmxwCAF9IAY
160=cIAgBgSQH0oQRhyAEBAQIAYkkB2XAJAQIAFQCYJH0rFkkBVEwFAQEGABdIAUQBAgAABgAY
161=KCkAGSgpABooKQAbKCkAHEkBkH8KBgAdSQGJqQEeSQE5dwkGAB/IAU0QIEkBkmMEAgAhSA
162=GPGwIAIkgBhwgCACNJAYahBCRJAdipASVIAZMfAQAmSAGRHwFZGShMAGwMTQIoSAeJASlR
163=AY57BgAAKkkB4KkBK0kB2msBAQAsSQHTqQEtSAGTSwEALkgBjwUBAC9IAcElMEkBHXsKAg
164=Ax6wEDADJIAXACAQAEADNJAR9vAQMANEgBZAFdNjVIAZcCAgA2SQGLdw0CADdJAYSpAThJ
165=AYqpATlJAdepATpIAYcTAgA7SAGLQwIAPCgpAD1IAY9HAgA+SAHBBD8oKQBAKCkAQSgpAE
166=JIAdkGQ0gB2QZEKCkARUgBwQRGKCkAR0gBlyMCAEhIAZcjAgBJSAGITmZrKACTCQMAS1QC
167=yQFMSQHSYxoDAE1IAdUCTigpAE8oKQBQSAHNBVFIAc0FUigpAFMoKQBUKCkAVSgpAFYoKQ
168=BXKCkAWCgpAFlIAckMWkkB1aUTW0gBl0QDAFxJASZgN2VrKFBRTwECAF5UApgcZmsoACdm
169=DSgAZGsBAgIAYUAEaQEDZmsoAMVVY1QCXAdnaxQAKYQBWZUVKCkAFkkBMXwCfG3ABHxtJy
170=kAGUAEfAMBAAYAGigpABtJAVJ7AgYAHEkBNqkBHcgBUXceSAF8bUUTH0kBIWMEAgAgSQEe
171=qQEhKCkAIkkBIrUCI0kBkWkiAkmrKfUYJVUC5nQCfG3EE35tKQCVAgBSHCkAhXYARwUpAI
172=VsBX1tKVQIYgsAK1wCgbQAXG1ocpUCLVQCgCV/bSkA4HgGfm0pAMWBMEAEJ7wN0Al9bSlE
173=GUUIA11tKaB9fW0pu38CADVYBpCCfm0pACe8DccTAgA4QARcB3kyOUgBjxACADpIAdUCO0
174=gB2T08SAGDUQIAPSgpAD4oKQA/KCkAQCgpAEEoKQBCKCkAQygpAEQoKQBFKCkARigpAEdI
175=Ad1MSEgBlCN+bSkAhJd9bSkovw0pANR7JwMATEwFlBh+bSkAlxgDAE5UAtleT0gBzQVQSA
176=HNBVFIAd0KUkgBhx4DAFMoKQBUSAHFCFVIAcEEVigpAFcoKQBYSAGLFwMAWUgByQxaSQGM
177=sRRbSQGHqQFcSAGNnwNE2cRKfG3IF31tKSi/DSkA9FUJBHxtqQEFfG0nwQhjUAnFw2RIAZ
178=NAAQATSL9UBnk9FCgpABUoKQAWSAF0cFVlF8kBA3VwKlS4QwcGABlUAkIBAAB1cCpYsVMB
179=BgAbVQI7RAFF2RxIAXRwRQgdyAFFgR5IAd3bH0gByVkgSQHbsR8hSAGNqgNBjSpI41QJdd
180=4qXABIAHVwKvFhJUwFgJN1cCpcBUAEdXAqUOBIAXRw1AJ3cCoAj2gMdnAqAJ0rAFdwKgDd
181=tQIsUQngqQEtSAGEYHVwKqR2dHB45V8KAQAwQAQloSUxSQEgUAJRmDJIASPZIAJUcNwVdH
182=AnFQM1QASYPXZwKgCYPXTeJykAOEAEhxMCADlIAYVVAlZwKgDRzztUApxMdd4qrF10cCcp
183=AD4ogQA/KCkAQCgpAEEoKQBCKCkAQygpAEQoKQBFKCkARigpAEdIAYhZdN7UI3Rw1yMCAE
184=pABJiVdN4nHQRMVALNPE1IAYQIdHAngQBPVAJgKQEAAwBQSAEjgyEDAFFIAdUCUkgBiCJ1
185=cCqnYAMAVFQCwQRVSAHFdlZIAYMlAwBXKCkAWCgpAFlIAd1MWkgBiLwiPSkq6aZcVQLofE
186=F13iqsqnVwKrCNdHDMECI9KSqVcAZ0cKkBB3RwzxsCAGNQCSO/IwEAZEgBk0ABAGVIASMv
187=JwEAEkhRlRgCTnMrANXTFFQC1dMVKCkAFkgB1dMXSAF4dE1+GEkBNEgIXW0ZyAFFdhpIAW
188=ByVQIbSQFLQQQAZuQrAGgBWeIdVQJGtQIeyAFRdx9IAcFcIEkBKGAEIkUqK6hvbXMrsGxu
189=cysA0RQkTAXFEyVJASd4Bm1zK7gnbnMrAIE7AUXkK/HlKUwFiENucysAIwQibHPcIGfkKw
190=AlcwkAAC1MBZBAbHPMBW9zKwDgcDVtcyuk7yJFKiujfQIAMlgGwRozSAHFdjRIAYSiZuQr
191=AJBAbnMrACXBKTdABMlvOCgpADlIAYC/bXMr9XA7VAKITm5zKwDBBD0oVQA+KCkAPygpAE
192=AoKQBBKCkAQigpAEMoKQBEKCkARSgpAEYoKQBHKCkASEgBgFxtcyuwmG5zKwAj2SECQEAn
193=KQBMTAXNPE1IAZwrbHPfKwMAT1QCnC9tcyukYG1zK6OTAwBSQASEHm1zKyhtDiuUBkl6VU
194=AEjwEDAFZIAckMV0gBjyYDAFgoKQBZSAHRCVpIAZxBbHMnyQlcVQLieD1tcyugv2xz1A1t
195=cyu8/G1zKyZ9PGFYBs1SYkgBkUABTHMneQpkVAIjbCRvcysAgmsMAQBmVALbdBEALJAYVb
196=0SKCkAE0gBxdkUSAGHBAMAFSgpABZIAYPVAgAXSAHVZRhIAdVlGUgBcHcBBQIAGkgBhQgC
197=VeksVDRQ9GV2LO3sHUAEaHpZdB5IAZlpAkHlLPWGIFUCKWgIZXYsrHNkdicpACNABIEPA1
198=lCLP14JVUCKngGZXYssCpldiwk0CtkdswFdOnABGZ2LAAjoDBldiy0cGV2LK1oAUV2LLxB
199=ZHbQFGV2LKh6ZHbMBWV2LLh/ZnYsAJykdeks/Xg0UBSIhWZ2LAAlMTg2VAKARnXpLOlvOF
200=UC1Gg4dOnQFGV2LLxXIg45LADBBDxMBWwfQTs9SAGYUyIMOScxAT9UAodVAgBAKCkAQSgp
201=AEIoKQBDKCkARCgpAEUoKQBGKCkARygpAEgoKQBJSAHRd0pIAcUTS0gBxcNMSAGHogIATU
202=gB2e1OSAGABGR2J7kHUFQC2T1RSAHNBVJIAZwKZXYstGV16SzpelVABIyfZXYstJx06Scp
203=AFhABNn4WUgB0QlaKCkAWygpAFxIASOgJSJNKyygv2R2J+UHX0AEyThgSAHZMmFIAd3mYk
204=gBI0Q1Z3YsAIhgO3XpLCQcJWV2LCjEDicpAGdYBtF3EEhRkxQCABEoKQASKCkAE0gBJx0P
205=LbhpfXgt7WgWQASRdwNdeC2rZAMAGFQCkxQCABlIAckMGkgBnGJ9eC1A0FwCfXgtnHhd8R
206=0ogQAeSAGYMn54LQDNECBUAokBA0kRLblpBFEOLalkBFHqLVx+XAp9eC1cAEkAA1Rq1QIC
207=RHvIAX14LbhefXgtp6IBAClIDCXFOipIAYDgfXgtKB0PLahDfXgttGV9eC1Eh1QNfHgijE
208=iJATBECNUYMUgBkDV+eC0AI8hLfXgtJHclAQA0QASf0AEANSgpADYoKQA3SAGL0gEAOEgB
209=0Qk5SAEl2Sw6SAGQQH54LQCMPGTvwyUCAD1ABNlIPkgBSRQAVXs/SAHVe0BIAcl6QSgpAE
210=IoKQBDKCkARCgpAEUoKQBGKCkARygpAEgoKQBJSAGIZGTvxDRk7yeNB0xABIS4Imw6J8kJ
211=TlQClHt9eC0khzIEAFBUApTIZO8nTQpSVALVe1NIASX9K1RIAZtpAwBVKCkAVkgBhB59eC
212=3pelgoVQBZSAGfjgMAWkgBjCZk78gXIixIyDhl7y1EUEgEfXgtsMRn7y0AvGxzZ+8tALKp
213=AWFQCYsXAQBiSAGMaHx41Bh8eNhpfXgtJKQ2Ze8t6XpnWAbd8WhIAZs9AQAPIVhSRBBhOx
214=AoKQARKCkAEkgBhKIiXS0uTGNXBQIAFFQCxWsVSAGDygQAFkgBkR8EVXsu5WsYVAIndQ8u
215=JmkpGlQCI1BHdXsulHtd8RxUAs3WHUgB2V4eSAHNEB9IAYA7IuVJLqB9dXsuJFwtdXsuqW
216=QDTSsuTABcFXR71QICRBjUAnR70BR1ey6w8HR70Al1ey5IgEQId/QuAONsMXR73CB09Cet
217=AC1FE49oBXV7LqhOdXsupIF09MgMdPTZEQFBHy4kPykBADNECCMwLXZ7LgCQKnV7LqPKAQ
218=A2QAQjLycBADdIASM4LnR7JwUBOVQC0YI6SAHZfztIAYCTdHvcFXR7JzkCPkAElw0CAD9I
219=AYBcdfQuo1wCAEEoVQBCKCkAQygpAEQoKQBFKCkARigpAEcoKQBIKCkASUgBxYxKSAHNPE
220=tIAc08TEgBhKJ0eye5B05UAo9+BABPSAGYBnV7LrvMBABRVAKLegQAUkgBgGd09MAEdfQu
221=XMBUNXV7LlwASAB19C6stXV7LiQUJCJcLdwgIuRJJ1UAWlwK0ftbSAGYXnV7LunzXVQCJR
222=E0XkgB0SpfSAGMBXd7LgC3ZEoizzsuALCpAWJABM1+Y0gBXBJtc2RIAZQYdHvIF3V7LiQn
223=UgEAZ0AEn7oBAGhIAYNnAQBpSAGHCAEADiHQYdkRD0gBm0gCABBIAc3sEUgBn1cCABJIAZ
224=R7bX4vgggAA01+L6zWZPoiBGNBAwNNfi/pbxdYBoB9ZfovoGdl+i+oLSJlLi+gk21+LyQH
225=IgIAHFgGnRUCWXkvoWcCRTkvWAFIDGT6Jw0CIEwFmF5tfi8myVYiVAKAZ21+L7h/Ip1LL7
226=h/bH7UAiJkLtQCbX4v+ScoRAiM4W1+LySvLAEAKlQCI88lAQArSQGNVREAIndnLwCJqQEt
227=VQKKqQEuSAGAUW1+L1SMWAJtfi8mUTwxQAQjpCBufi8AnFdsfswbbH4nKQA1TAWYXmx+yR
228=cATH7VLgBF+i8kOyMBADlMBYdKAQA6SAGXIwEAO0gB2X88SAHV/z1IAZREImQu2RwCTX4v
229=uF5tfi8ozA8nKQBCWAbdV0MoKQBEKCkARSgpAEYoKQBHKCkASEgB2fhJSgH//1QjZPonjQ
230=dLVAKILSK2WS8AhClsfsQpIi09L6TkbH7YBmx+zSYFTX4vpM5sftcjBABTXAqXIwQAVEgB
231=2VNVSAFFEABVWlZIASOoUmx+0AlsftRabH4nVQBaTAUleSBbSAGEl21+LyjNDy8kjChk+i
232=f5BF/sBW9+LwC7oX1hVQL2qQFiSQG1qQFjSAGLQwIAZEgBkxQCAGVIAc1HZkgBkLlsfsAl
233=bX4vRGZUBWx+zyYBAGpMBdd7DQAwoUYCRYEwJBkqAlX/MCaJOBBABN3xEUkBjk0JAGWBMK
234=x+ZYEwvG10/yLUckQEIpx3wARkgcAEIm0vMKhvZYEwr10DABlcCoAwZYEw4X0bVAIlTUEc
235=SAHZ1x1IAd1XHkgBlFpkgSfhASBUAkQQaTghSAGMJiKNPjD5fyNUApCCZYEwiAVAGgolAD
236=AAHwAAAAABACYAEQAAUxAAIA0wAJABAAAAAQAnADAAiQEAaQEoSQEhRAFVAilJAR6pASpJ
237=ASKpAStJAZKpASxIAc0FLUkB46UILkkBJaEEL0kBknUCAkEBMFgMWwIBADFRASNEAUkMMk
238=kB1mMEAQAzSQHVqQE0SQEnYwQAADVJAel3AgAANkgBmwYAADdJAd+1AjhJAdprAQEAOUkB
239=zakBOkkB0akBO0kBJHMJAQA8SAGTCQEAPSgpAD5JASihBD9IAZMJAgBASQHSZwgCAEEoKQ
240=BCSAGLDAIAQygpAEQoKQBFKCkARigpAEcoKQBIKCkASUgBhx4CAEpIAZMUAgBLSAGbEQIA
241=TEkBHWcTAwBNSQHXexEEAE5JAdSpAU9IAZsGBABQSQEgbwUEAFFIAYMlBABSSAGfKwQAU0
242=gB2QZUSQEfbwUDAFVIAWQBAQADAFZIAY8FAwBXSAGbJwMAWEgBwQRZSQHZYw8DAFpIAYc0
243=AgBbSAGTKgIAXEgBgw8CAF1IAZsGAgBeSQHYewYCAF9JAb6pAWBIAZMJAgBhSQG9tQJiSA
244=GbHAIAY0gBwTBkSAGbEQIAZUkBJmMLAQBmSAHZU2dIAclOaEkBjLEJaUkBhKkBakkBgqkB
245=a0kBhqkBDEhR1Q0NSQHQtQIOSAGfYgIAD0gB2QYQSQGFoQQRSQGQbxACABJJAYmpARNJAY
246=epARRIAZ82AgAVSAFwAl0rFkgBzSYXSAHNPBhJAdx/CgMAGUgBmzICABpIAY8FAQAbSAGT
247=KgEAHEkBj3cJAQAdSAGHPwEAHkgBkwkBAB9IAZcCAgAgSAGXAgIAIUgByQwiSAHJDCNIAc
248=kMJEgBj0cBACVIAdUNJkkBk7UNJ0gBwX0oSAHJLSlIAdV7KkgB2TIrSAHFgSxIAc0FLUgB
249=yS0uSAHZXi9IAc0QMEgBwQ8xSQHbayIBADJIAZBWfYMxo4gAADRUAowFfoMxAIwFfoMxAJ
250=REfoMxAJ8gAAA4TAWdIABegzEAl3sBADpUApNLAQA7SQHTtQ08SQHPqQE9SAGTFAEAPkgB
251=kwkBAD9IAY1dAV+DMQDorQVBVAKLDAEAQkgBjGh+gzEAyYVEVALJAUUoKQBGKCkARygpAE
252=hIAYceAgBJSAF9LwB9gzGEAUkBS1QC0UtM6AF+gzEAjDx8g8MlAwBPQASFEwNcg8AlfoMx
253=AIQefoMxAJQNfIMn2QBUWAacK36DMQCcNn6DMQCMJnyD2AZ8g8cTAwBZWAaMEH+DMQDmdC
254=N8g8QIfoMxAJwrfIMnKQBeWAbVI19IAcEEYEgBlA18g98VAgBiVAKcFX+DMQC6qQxkVAKA
255=D3yD2RECXIMnKQBnQASfJwIAaEkBi7kGaUgB1XtqKCkAa0gBwX1sSAHZBgtIUZ9MAgAMSA
256=HdFQ0oKQAOSAGUT3aGMgDJDBBVAoe1DRFIAdWREkkBirUCE0gBl+kCABRIAZxMdYYyQHhL
257=DwIAFlQCjzECABdIAcEEGEgBhXYCVoYyAMEEGlQClHt3hjIAkUEIAHeGMgCGqQEdQASEdn
258=WGMlCIWAJ1hjJcAEgAdYYyoGd0hicNAiJYBskMI0gBgTsBXgQyANWRJVQCl0QBACZIAcFn
259=J0gBh1UBAChJAY6lHilIAcUpKkgBg1ECACsoKQAsSAHRQC1IAdk9LkgBxQgvSAHNEDBJAY
260=1EF1kcMUgBiLF0hkAwtQIzVAKMBXaGMgCEznSGxB52hjIAlNN0hidVADhYBogtdoYyAI1+
261=AFSGJykAO0AEh2sAADxIAZRPIlUhMu2UPlQCwQQ/SAF0EVEUQEgBwalBSAHRo0JIASfVED
262=Io1BAnKQBFQATRYUZIAdVPR0gBzdZISAGIDHWGMqR2doYyAIwxIlQh2D0iVCHMPHSGzzwD
263=AE5ECIw8dIYngQBQVQIgYwsDAFEoKQBSKCkAU0gB2QZUSAGAO3WGMriKdIbLIgIAV0AEiy
264=ICAFhJAd18QXSGJ4EAWlQCkAl2hjIAySJcVALFHl0oKQBeKCkAX0gB3SBgSQG8fAp3hjIA
265=sKkBYlQCyQFjSQH2tQJkSQGyqQFlSAGIQ3aGMgAl/SBnVALFdmhIAcmFaSgpAGpIAdV7a0
266=gBIwctAgBsSAFoJk21bSgrAAoAM5ACVQILKCkADEgB2RwNSAHZHA5IAcEaD0kBkbEUEEgB
267=0RQRSAHVAhJIAYtvAgATSAHBZxQoKQAVKCkAFigpABdIAdmVGEgBiBNtiTOoZCIFIjNMeV
268=wCbokzACXxLxxNBZJRAgAiBCLAGm2JM1SBWAJtiTOllwFZADNcfpUCIVgGmT0CQQkzqWQB
269=VZYzTACBBCRABN0KJUgB2WkmSAGMfiKHMjMA4Hwgb4kzAI9rAQIAKUAExTQqSAHNqitIAV
270=UKAEktLEgBl3sCAC1IASVZJy5IAcm8L0gBn4MBADBIAc0QMUgBI10iAEE4M/l/M1QCmFNt
271=iTO4U22JM7DabYkzsHdsiSdVADhYBpgybIknVQA6VAKDMAAAO0gB0Y08SAHRjT1IAdUNPk
272=gBJbkzP0gBjBsiBCIn1QVBVAKEayIFIjMkkCMiBSIzo/YCAERABMVKRUgBhwgCAEZIAdVP
273=R0gB1U9ISAGcFW6JMwDZBkpUAtkGS0gBnBVsids9AgBNVAKNEAJMichDbInbPQIAUCiBAF
274=FIAZMJAwBSSAGLLQIAU0gBxQhUSAHBBFVIAcEEVkgBiCJsidAfbInHNAIAWSiBAFpIAd1i
275=W0gBzRtcKCkAXSgpAF4oKQBfSAHFrWBIAdWnYUkBt6lOYkgBwYhjKCkAZEkBsaEEZUgBnF
276=dtiTMmISBnVALBiGgoKQBpSAHVhmpIAYceAgBrKCkAbCgpAG0oKQBuSAHHgQkANJQGTV0K
277=KCkACygpAAxIAc08DUgB3SAOKCkAD0gB2T0QSAHBBBFIAdUCEkgB1QITKCkAFCgpABUoKQ
278=AWKCkAFygpABhIAdEJGUgB0QkaSAHdKxtIAdVwHEgBiIVljDQmDSMeVALR+x9IASOcNWWM
279=NP2OIVUCIGUhAUWMNPmKI1QCiNIitSI0rOEijTM0JuFDJkAEhIFkjCcxAShUAoFRAUSMTB
280=ChOypUApAJIrUiNCQHLQIALFQCwUYtSAGLegIALkgBwbQvSAHNGzBIAc0bMUgBlAJmjDQA
281=Iw0jAFs6NACLdBhljDQohRE0+Yo2WAaYJ2SMJ1UAOChVADkoKQA6KCkAO0gBhBMitiI0AI
282=cpAAA9VALVDT5IAYt6AAA/SAGTHwAAQEgBn0wBAEFIAYAEZYw0p6IBAENUAo0FAUWMNCQf
283=JQIARVQCkBhkjNcYAgBHVAKLFwIASCgpAEkoKQBKSAHVREtIAclDTEgB0QlNSAGMEGWMNF
284=zLXwICAE9UAtGCUEgBwQRRSAGdQQJEjNxBZIzPPAIAVCiBAFVIAcUIVkgB1YZXSAHZEVgo
285=KQBZSAHVGFooKQBbKCkAXCgpAF0oKQBeSAHBqV9IASWJImBJAbSxS2FIAdmKYigpAGMoKQ
286=BkKCkAZUkBtrkGZkgBzeFnSAEnhhE0AJdaAgBpVAJZJABdg2ooKQBrKCkAbCgpAG0oKQBu
287=SAHVhm9IAccICAA1TDdTAQYACcgBAQEGAApJAUVQAgEABgALyQEBIpU0Nf3QDVQCzSYOKC
288=kADygpABAoKQARKCkAEigpABMoKQAUKCkAFSgpABYoKQAXKCkAGCgpABlIAYRgImUjNXQV
289=aSIbVAKUcCKWNDUAJdlCHVQCJWFJHkgBJekjH0kBjGAHfo41AMmQIVQCJUEvIkgB2QYjSA
290=HRCSRIAcUIJUgB2X8mSAEjiDh+jjUAIzxKImYjNQAlSTApQASfCgIAKkgBnAp+jjUAyQEs
291=VAKcCiJlIzUk7T8CXY41JnUlL0AEl1oBADBIAWUXACLtVTUkYD5+jjUAI7wjfY41JMwwfY
292=418Y01WQZ6ngYANsgBVU43SQFZtQI4yAFVAjlJAV21AjrIAVUCO0gBhD99jjUmmSQ9VAKH
293=awAAPkgBmDJ9jjUkhCd8jsxHfo41ACOIOH2ONSR8R3yOzAV8jifxA0VQCYgQfY41tKd8js
294=AafY41JkEkSUwFhBMiljQ1ACWROUtUAiPISyJkIyclBU1UAiNTJgEATigpAE9IAc2fUEgB
295=xcNRSAGcFXyOxB58jicpAFRABJMfAgBVKCkAVkgB2RFXKCkAWCgpAFkoKQBaKCkAWygpAF
296=woKQBdKCkAXigpAF9IAcUTYEgB2athSQG7RDVdg2JIAcmQY0kBs7UCZEgBJ2Qj1EQiZCPP
297=MQIAZ0AEyZBoSAElOSNpSAHNMWooKQBrKCkAbCgpAG0oKQBuSAElvS5vSAHFCAdcT4sBBg
298=AIKCkACSgpAAooKQALSAF0kQEEBgAMyAEBBQIADUgB3ZkOSAHJLQ8oKQAQKCkAESgpABIo
299=KQATKCkAFCgpABUoKQAWKCkAFygpABgoKQAZSAHNwBpIAYMaAgAbSAEl5VQcSAHVAh1JAZ
300=FtAQJefTYAJVFHH1UCkHQCa5A2AIqpASFUAiWZRSJIAcFRI0gBzTwkSAHJDCVIAZSGIqFG
301=NiRwKmmQNij6ZzYA3Y4pTAWUkWmQNiSXVQMAK1QCnwoDACxIAYQTaZA2/Y4uVALdji9IAS
302=X9IDBIASMXLwAAMUgBgARpkDb9jjNUApgyaZA2KAoSNgBpkAIicDWpAQMi6iM2AGiQVQI4
303=WAZoAVUCOUgBaJBVAjrIAVUCO0kBXGAla5A2AICpAT1UAmgBTVw+SAGYMmmQNiQ8KWmQNi
304=TzOgAAQUAElAZpkDYkkCNokMwFaJDPBQEARUwFJf0gRkgBgBppkDYmGTVIVAKQCSJxNTb5
305=tkooVQBLSAGDJQEATEgBgyUBAE1IAcUpTkkBk2sIAQBPSAEjvyMBAFBIAc2UUUgBwZNSSA
306=EjxFtokNAqIugjJykAVUAE0RRWKCkAVygpAFgoKQBZKCkAWigpAFsoKQBcKCkAXSgpAF5I
307=AZwrIvpnNgAn6yM2ALJUL12OYUAEmOIielc2ACUlaGNUAoceAgBkSAHVAmVIAcEaZkgB3Q
308=pnSAFkIlEJaCgpAGkoKQBqKCkAaygpAGwoKQBtKCkAbkgBJf82BgA3mAoBAAYABygpAAgo
309=KQAJKCkACigpAAtJAT9gB2qQNwBpAQFqkDcAJwkSN6BcIqxYJykAEFgGzTERKCkAEigpAB
310=MoKQAUKCkAFSgpABYoKQAXKCkAGCgpABkoKQAaSAHd0BtIAZPwAgAcSAFkF0UpHSgpAB5I
311=AcGIH0gBIwQiapA3AM2JIVQCwVEiSAHVTyNIASNhMwJVajckxyQCACVUAiXNJSZIASOUNG
312=mQNyY5WihUApyZIn1HN7eRAwAqVAKAD2iQwA9pkDewo2mQNybBSi5MBcUTL0gBlDkiFSQ3
313=JukjMVQCnKRpkDckTCAiFCTMMWiQJykANU0FZowiQkM3AGgBXVY31AJRjThJASdIAk0EOU
314=gBaZAEIq5YNwBpAQUifkc3AGiQTQQ8QAR8jlkGPcgBTZQ+SAGIWWiQyE5pkDcmQSRBQASc
315=FWiQxBNpkDcmQSREQQTgXQsAaZA3JuEtRlQCJW06R0gB0EsHSAA3ANEBAAAAAhEAAMYPAC
316=AEAEkANwAAAEMAAgBKSgHdAYkBS0kB5msBAQBMSQHbqQFNSQHSqQFOSQHPqQFPSQHTqQFQ
317=SQHVqQFRSQHgqQFSSQGPWAoBAAIAU0kB1ncCAgBUSQHNqQFVKCkAVigpAFcoKQBYKCkAWS
318=gpAFooKQBbKCkAXCgpAF0oKQBeKCkAX0kB0aEPYEkBt6kBYUkBtqkBYkkB16kBY0gB0RRk
319=SAHZBmVIAXwZQRpmSAHBGmdIAZ8gAgBoKCkAaUgBiyICAGpIAdkGaygpAGwoKQBtKCsABQ
320=A4igUABkQAJykAByhVAAgoKQAJKCkACigpAAtJAT9MCAECBgAMyAEBAwIADUkB2q0bDkgB
321=zRsPKCkAECgpABEoKQASKCkAEygpABQoKQAVKCkAFigpABcoKQAYKCkAGSgpABooKQAbKC
322=kAHEgBxSkdSAGfTAIAHigpAB9IAdEqIEkBH1gcAQABACFIAZ9MAQAiSQEdtQIjSQGQawEC
323=ACRJAYapASVJASZrAQEAJkkB42siAQAnSQEltQIoSAGHCAIAKesBAwAqSQHZbwUEACtIAY
324=cIAwAsSQEqewYCAC1JASKpAS5IAYMEAQAvSAGXAgEAMEgBlwIAADFIAYMPAAAySAGDBAAA
325=M0gBh0oAADRIAYc0AAA1SQFmXAoBAwAANsoBBABaRTgAdgIFAE8COAAoZxMAADlRASmpAT
326=pJASqpATtJAXZECEkAPMgBQQM9yAEBAgAAPkgB1Q0/SAGPXQAAQEkBJEwGSQBBSQEoXABJ
327=AEJIAZtIAQBDSQHURAlBMERIAY8FAQBFSQHptQJGSAGbBgEAR0gBjxsCAEhIAZUNAkqQOA
328=DVOUpUAlkLAEVrS0gBgCVqkDgAgyUBAE1UAoMlAQBOSQHcqQxPSQEhfwYBAFBIAc0FUUgB
329=1TlSSQGOYARqkDgAzRBUVALNEFUoKQBWKCkAVygpAFgoKQBZKCkAWigpAFsoKQBcKCkAXS
330=gpAF4oKQBfSQHQaxcCAGBJAb2pAWFJAY6pAWJIAZ8rAgBjSAHRFGQoKQBlSAHJZGZIAYMw
331=AgBnSAF0HFknaCgpAGkoKQBqKCkAaygpAGwoKQAEVEeHCAYABSgpAAYoKQAHKCkACCgpAA
332=koKQAKKCkAC0kBQHQJapA5AGkBAWuQOQCSuRwOQATNMQ9IAdkcECgpABEoKQASKCkAEygp
333=ABQoKQAVKCkAFigpABcoKQAYKCkAGSgpABooKQAbSAHZMhxIAWQXAQACAB1IAdEUHkgBwQ
334=QfSAHBBCBIAScIEkwbeAJpkDlIB08BAQAjQASUhmiQwwQCACVVApC9ICZJAYipASdJAYap
335=AShIAScIEtAJapA5AIhDapA5AJl0BEqQOQCNEANJkDlMmkMPAgAuRAiVZQJIkMAEapA5AJ
336=38AUqQOQDJpjJMBYj+aZA5qGRqkDkAmDJokCcpADZNBXtEDEkAN8gBSRY4SQFuSAJJADnI
337=AVUCOkkBJ1wAVQI7SAFokFGYPMgBUZg9yAFRmD5IAdUNP0gBiC1okNMUAABBVAKHjAAAQk
338=gBhYwASpA5AIeMAABEVAKM92mQObuKAQBGVQLgbBBokMwbapA5AMFnSUAEQRQAWT1KSAEj
339=vyMCAEtIAZ8rAgBMSAHBBE1IAcGTTkgB0Y1PSAHRjVBIAdk9UUkBkX8GAgBSSQGKqQFTSA
340=GIOCIUJNMqAgBVVAKTHwIAVigpAFcoKQBYKCkAWSgpAFooKQBbKCkAXCgpAF0oKQBeKCkA
341=X0gBnCtrkDkAjHcjAgBhVQKCqQFiSAHBUWNIAcVgZEgB2QZlSAF8GU0mZigpAGcoKQBoSA
342=GfTAIAaUgBzQVqKCkAaygrAAMAOpwDAQAGAAQoKQAFKCkABigpAAcoKQAIKCkACSgpAAoo
343=KQALSQFARAsjFiQ6AGgBIxYkOgDNPA5ABCNPKwIADygpABBIAc0xESgpABIoKQATKCkAFC
344=gpABUoKQAWKCkAFygpABgoKQAZKCkAGigpABsoKQAcSAEl6SMdSAHZER5IAcEwH0gBSBsC
345=AAACACBIAc1SIUgBzVIiSAHNUiNIAck4JEgB3QolKCkAJkgB0fAnSQGNsUAoSAGcbSIVJD
346=pUjF8NAgAqVAKfbQMAK0gBkPBpkDooCBLVOQNIkNQCaJDIAWqQOgCcYmqQOgAjUyYBADJQ
347=CScJEjq0nGqQOgCENGmQOvWRNk0Fe5YRADfIAVmKOEgBaZACIhYkOgBoAVUCOlUCbEwFSQ
348=A7SQF9XABJADzIAUUdPUgBnCsiFCQniQE/VAKILWqQOgAjEClrkDoAhVgHSQBCQQSLXABJ
349=AENJAeBECUkBREkB2GgBapA6ACVdIkZUAs0xR0gBjCZokMAEIhckOgAeWAdVOUpABNm2S0
350=gBzQVMSAGPJgIATUgBjxACAE5JAYe5Bk9IAWQBRQhQSAHZPVFIAdGYUkgBwQRTKCkAVEgB
351=zQVVSAGcIGiQ3yACAFcoVQBYKCkAWSgpAFooKQBbKCkAXCgpAF0oKQBeKCkAX0gB3a9gSQ
352=GLbCZqkDoAJwsSOgCJtQJjQATRFGRIAdkGZUgBwRpmKCkAZygpAGgoKQBpKCkAaigrAAIA
353=O4AIAQAGAAMoKQAEKCkABSgpAAYoKQAHKCkACCgpAAkoKQAKSAGHCwYAC8gBAQECAAxIAc
354=WtDUkBhK0bDkkBiqkBD0kBuqkBEEgBxR4RSAGHYAIAEkgBxTQTKCkAFCgpABUoKQAWKCkA
355=FygpABgoKQAZKCkAGigpABsoKQAcKCkAHSgpAB5IAZ1iAlx9kByqkDsAhe8CSV47JF8iAg
356=AiTAWDLAIAI0gBwRokSAHVGCVIAdU5JkgB1SMnSQGHvSAoSQGGqQEpSAElQSQqSAGAk2mQ
357=O1yfUAwiITY7WAyJAS1BBCdEAVFhLkkBI6kBL0gB3aQwSAGQbGqQOwAjdDBpkDsk8CQiFS
358=Q7WBd+BgA0TAWAAWmQOyZtJDZUApgyIiE2O+GTOFUCblEFBGmQO4qQBQBDTjsAbFQCQRk7
359=QARokE2UPMgBTZQ9SAGIImiQJzEBPyhVAEBIAZx4aJDcFSIVJDtYLUALIhYkOwCEjCIWJD
360=sAJwsSOwDgVQ4AIhYkOwAlXSJHUAmAk2iQ2AZokMMEAwBKQAQjPykCAEtIASWdKkxIAc0x
361=TUkBkHwOapA7ACVlI09UAtFAUEgBgxoCAFFIAYAlIhYkOwDRz1NUAiUJM1RIAc0FVSgpAF
362=YoKQBXKCkAWCgpAFkoKQBaKCkAWygpAFwoKQBdKCkAXkgB3VdfSAHJTmBIAd2OYUkBhW8m
363=AgBiSAF0HFlIY0gBybFkSAHVAmUoKQBmKCkAZygpAGgoKQBpKCsAAQA8gggABkQLJykAAy
364=hVAAQoKQAFKCkABigpAAcoKQAIKCkACUkBUmcLBgAKSAF2cwICSZA8JoUnDFUCh60bDUkB
365=iakBDkgBJakmD0kBubUCEEgBxR4RSQG6tQISSAEl9SoTSAHdNhQoKQAVKCkAFigpABcoKQ
366=AYKCkAGSgpABooKQAbKCkAHCgpAB0oKQAeKCkAH0gBxUogSAHZESFIAclOIkgB3UwjSAHB
367=BCRIAdFAJUgBaCZFMSZJAZG5HCdIAdVlKEgB1QIpSAEnCRI8JBg1apA8ANGNLEEEIHQJIi
368=5IPADdji5VAoy9Ci9IAc1oMEgBI7wjaZA8JIAhapA8ACNXIQEAM0AEmJUiFSQ89ZE1VAKY
369=MiIsSMxHaZA84ZM4QASQH2mQPOGTOlQCkR8AWFAnVQA8KFUAPSgpAD5IAcUIPygpAEBIAY
370=y1a5A8AJJ4HGmQPKSMaZA8r8ABAERMBZwrIhQkwARqkDwAixcCAEdABMUpSEgBl4YDAElI
371=AZgGaZA8qLFokNMfAgBMQQSLpSlNSAHJ6E5IAdEqT0gB2cxQSAGcFWiQwCVpkDywoyIsSC
372=dVAFRMBdVaVUgBkB8iFSQ8JOwpIhQkzyYCAFhABIcpAgBZKCkAWigpAFsoKQBcKCkAXSgp
373=AF5IAcUTX0kBj6EaYEgBzXNhSAHNc2JIAYQtIixIJ70CZChVAGUoKQBmKCkAZygpAGgoKw
374=ACAD2MCV2OAygpAAQoKQAFKCkABigpAAcoKQAISAEjdy8GAAnKAQECUo09ANHEC1QCyRcM
375=SQG8rRsNSQGwqQEOKCkAD0kB9rUCEEgBwQQRSAHVAhJJAbKhBBNIAcE7FEgBwTAVKCkAFi
376=gpABcoKQAYKCkAGSgpABooKQAbKCkAHCgpAB0oKQAeKCkAHygpACBIAYRVIrwj0CoivCMn
377=KQAjQATdFSRIAcVKJUgB2ZUmKCkAJ0gBwRooSAGc/CLKNT0AI5AjIsk1PSSTIwIAK0AE2Y
378=osSAHVLi1JAYihJS5IAcXZL0gBzTEwSAGMiXGNPSY9VTJUAiUVJDNIAY/AAQA0SAGMBSK8
379=I8wFcY096ZA3QASceCLgWcQecY096ZA6QASEHnGNPemQPChVAD1IAYRgIr8jPQCNtVI/VA
380=KMnyLINSddAUFUAiO0InKNPQAlkSNDVAKEdnGNPSQkR3GNPbSRcY09JqFRR0wFJ7AR0BRx
381=jT20e3GNPSSzSAMAS0wFJekjTEgBJ7IRPQDNc05UAtEqT0gBnyACAFBIAcm8UUkBiq0xUk
382=gBwQRTSAGYHCLXRz0AiWQeItRHXAqpAVZABGQBXdBXSAHNR1hIAclDWSgpAFooKQBbKCkA
383=XCgpAF1IAdlTXkgB3QpfKCkAYCgpAGEoKQBiKCkAYygpAGQoKQBlKCkAZigpAGcoKwADAD
384=6QDUWMBCgpAAVIAZQjIj5rPgCPtQYAB1QCJbUiCEgBeooCAlmKPrTIeYo+JrkoC0AE2fgM
385=SAElrUINSQG3qS0OSAHVhg8oKQAQKCkAEUkBs60FEkkBtakBE0gByS0USAHJLRUoKQAWKC
386=kAFygpABgoKQAZKCkAGigpABsoKQAcKCkAHSgpAB5IAYhkIhk1PqhkIiRHJykAIUAExYEi
387=SAGUKiIZNT751yQoVQAlSAHVGCZIAd0KJ0gBwRooSAHVAilIAd0KKkkBkWALeYo+JNshAg
388=AsVAIleUwtSAHNBS5IASUVJC9IASVtJDBIAcmQMUgB2V4ySAGAiCINIz60hniKwzsBADVA
389=BJ8KAQA2SAGMBSINIz6gk3iK2AZ5ij4k0CAiGTU+JLxaeIonVQA8RAhwGE0APSgpAD5JAZ
390=JIAkkAP0gBwYhASAEjeEwiDSM+7YlCVAKAGiI9az4kRDV7ij4A4XREeIrMBXiKwAQiDCPU
391=AiIYNdgyeYo+JjUoSlwKJTUoS0gB2bZMSAHFKU1IAZOuAgBOSAFMFSItPU9IASNYXnqKPg
392=DNBVFUAsEEUigpAFNIAZgceIrIb3mKPiQ8KSIMIydhB1dMBdREBFgAPgDNAQARAABbEAAg
393=CAAAAgBZAD4AzQEAaAEBWgA+AMkBW0kB0rUCXCgpAF1JAdS1Al5IAVAGeQZfKCkAYCgpAG
394=EoKQBiKCkAYygpAGQoKQBlKCkAZigrAAQAP4QMAQAGAAVJAYthDwZTAT8AhakBB1UCQWsE
395=BgAIyAEBAQIACUkB2mMEAgAKSAHdFQtJAby1AgxJAbCpAQ1JAfapAQ4oKQAPKCkAEEkBsa
396=EEEUkB26kBEkkBz6kBE0gBzSYUKCkAFSgpABZIAcUpF0gBzQUYKCkAGSgpABpIAc0FG0gB
397=zQUcKCkAHUkB0KEPHkgBbB9JOB9JAda1AiBIAdkGIUgB0QkiSAHdFSNIAcEEJEgB1QIlSA
398=HdCiZIAd0KJ0kB3L0KKEoB//9fAgIAKUgB1Q0qSAHFCCtJAdGtBSxIAc0FLUgBzQUuSAHN
399=BS9IAdUNMEgBVAp5SDFJAdmlCDJJAY6pATNJAeZrAQEANEgBgzsBADVIAY8bAQA2SQHToQ
400=Q3SAGPEAEAOEkBJoILADlJASKpATpJAZCpATtJAYupATxJAd1nCAAAPUkBIbUCPkkB47UC
401=P0kBJbUCQEgBhwEBAEEoKQBCSQHYbwUBAENJASRnBAEAREkBKKkBRUgBzRtGSQEddwICAE
402=dIAYdKAwBISAGLIgMASUgBixcCAEpJAR6tBUsoKQBMSAGDGgIATUgBwSVOSQGNrQVPSQGK
403=qQFQSQEnawEBAFFJAemxFFJIAcUTU0gBwQRUSAHBBFVIAcEEVkgBYAhdTFdIAdU5WEgB2U
404=hZKCkAWkgBlxgCAFtIAdkGXCgpAF0oKQBeKCkAXygpAGBJAUt/BgYAYcgBAQEGAGJJAUe1
405=AmPIAVUCZEkBSrUCZSgoAAIFAEAAj3gca4VAAImpAQdVAkFNBQJphUBPNwAAA2qFQADRHw
406=pABNEfC0gB0R8MSQG7ZwgCAA1JAbOpAQ5IAdWGDygpABAoKQARSQGyrQUSSAHNJhNIAZNW
407=AgAUSAHZJxVIAc0mFkgBTRQASC0BFwBAAI9dAgAYSAHNBRlIAc0FGkgBzQUbSAHJDBxIAc
408=kMHSgpAB5IAYtkAgAfSAHRCSBIAdEJIUgB0QkiSAHBDyNIAdEJJEgB2QYlKCkAJkgBnW0C
409=VihAAM1+KFQClFpphUDhyipUAsUIKygpACxIAdGCLUgBwQQuKCkALygpADBIAc0FMUgByR
410=cySQGRqS0zSAGAZ2qFQACQd2iFJykANkAEg2cBADdIAYwmaoVAAJUYAUqFQACHCAAAOkAE
411=hwgAADsoKQA8KCkAPUgB0YI+SQHXbRABWlBAAJEUAU4CQACULmiFJykAQlwCkCprhUAA1b
412=kGRFUC4KkBRUgBj4kCAEZIAYyJaoVAAI1SAkqFQACABGmFQJo2AANIhScpAEtYBpsCAwBM
413=SQEfbAFrhUAAjWsMAgBOVQKStQJPSAHFYFBJASN0AmqFQACbigEAUlQCjxABAFNIAcEEVE
414=kBknMJAQBVSAHJF1ZIAcU/V0gB1TlYSAGEHiKuIUAAyQFaKFUAW0gBnyACAFxIAWgQAQAC
415=AF0oKQBeKCkAXygpAGBIAWiFSXphSQGQeBFrhUAAiqkBY1QCkwkGAGQoKQAGkH9fAgYAB0
416=gBI4ghcIK5uQFygkEAxc4KQATdIAtIAdkcDEgB2RwNSAHJFw5JAbdjDwIAD0gByYUQSAHJ
417=hRFJAbWhBBJIAYs4AgATSQG+tQIUSAGPUgIAFUgB2ScWSAHJDBdIAUEXAFUjGEgB2XQZSA
418=HRKhpIAYtOAgAbSAHJZBxIAdkGHSgpAB4oKQAfSAHRCSBIAdEJIUgBwQ8iSAHFCCMoKQAk
419=SAHdFSVIAdkGJkgByRcnSAHFCChIAd2DKUgB2QYqSAHNBSsoKQAsKCkALSgpAC4oKQAvKC
420=kAMCgpADEoKQAySAHBDzNJAYy9KzRJAYSpATVJAYapATZIAdk9N0gBnCBxgkGkVXGCQf14
421=OkAEnQoBUYJBhCIBAAEAPFQCjwEBAD1IAcWBPkgBjBtygkEAjDFygkEAI4AhcoJBANWRQk
422=wF1QJDSAGcjiL+IEEAh4wBAEVUAsFGRkgBlA1ygkEAJSkhSFQCgARxgkFYsUgEIv8gQQAg
423=RAFBRktABMkBTEgBnHhygkEA1adOVALFgU9IAYMEAQBQSAGbJwEAUUgBI+AtcIIn8QNTVA
424=LJZFRIAdUYVUgByRdWSAGDBAIAV0gBJT0pWEgB1QJZSAFsFFEUWigpAFsoKQBcKCkAXSgp
425=AF4oKQBfSQFPawgGAGDJAQEi/SBBXJ8DAAABCgBiVQJJYwQKAGPIAVYCBwAi3CZUaXh/qA
426=EjTSBCKPkPQrcjAQALTAXZoAxIAYuxAQANSAElUTEOSAEloTAPSAElsScQSQG9vUwRSAGL
427=QwIAEkgBiEN5f0KwSyJNIEKoTnl/QqNGAgAWTAVkF1UjF0gBI5wqIk0gQrtIAgAZVAKDRg
428=IAGkgBhEp6f0IAyS0cVAKZMgJSRUIAzQUeVALNBR9IAcEEIEgBwQQhKCkAIigpACNIAdkG
429=JEgBiU4CVVRCjBRRFCYoVQAnSAHNfihIAdEfKUgB0R8qKCkAKygpACwoKQAtKCkALigpAC
430=8oKQAwKCkAMUgBk2wCADJIAZ8RAgAzSAEjNygCADRJAYetMTVIASNjKAIANkgBiP4iTCDU
431=I3l/Qu1zOUEEkXcJAQA6SQGJqQE7SQGFqQE8SQGHqQE9SAGLmwEAPkgBhKJ6f0IAIxQ6e3
432=9CAN5sEHl/QiStIQFFBUJIKEgIIk4gQgAlFS9EXAIjhTICWn9CAJwKIk0gQiS0Inl/QkQ6
433=WAYiTCDYPXp/QgDJ/kpECJviAgBLSQGIYQ8CTWJCpOR6f0IAxVVOQATZoE9IAZxMeX9CJD
434=Aten9CAJsnAQBSQASAqSJOIEIA0YJUVALF5FVIAd0KVkgBwTBXSAGbBgIAWEgBmAYiTCAn
435=7QhaVAJYGUZyAFsoKQBcKCkAXSgpAF5JAUxQBUF9X0gBeX8CeX9CXBtDCAoAYVQCYQQDeH
436=/IDAIKAAgAQ1AGSAB9/EPhMApUApRaYn1DACVlIwxUAsEaDUgBUAZCCwAOSAHJeg9IAZ/F
437=AgAQSAEj3ycCABFIAYQ/YX1DpD9jfUMAuqEwFEAE0QkVSAHNaBZIAdVwF0gB1XAYSAGAqW
438=B9yRcDQH3IF2F9Q+l6HCitAB1IAYsMAwAeSAGAXCLxL0O/TAIAIFQCgXIDXYhDJMkqA0le
439=Q7NLAwAjQASfQQIAJEgBzYklSAGdCgJJJ0MmhTInVALRHyhIAdV7KSgpACooKQArKCkALC
440=gpAC0oKQAuKCkALygpADAoKQAxKCkAMkgBwQ8zKCkANCgpADVIASNsL2J9QwDRYTdUAiOP
441=KAIAOEgBlCN8/MQpYX1DTCFAHXz8WAZFAQB+/EMAI1g9ffxDuKthfUNIKEQEYH0nBQFAXA
442=qcNmJ9QwCJLQJEUt0rAlgDXExUBkmmRFABwQRFSAHZJ0ZIAZSGYX1DUDBQBWF9Q0w3iQFJ
443=QASU9Hz8zBBhfUNIPoEETEAElFpgfdwVIvAvz0cBAE/gBGB9xAhgfSfxA1JABCPbTQEAU0
444=gBi6YBAFRIAd1iVUgBwZNWSAEjbCR+/EMAmAZhfUO8g2B931cCAFpMBUgUeWlbKCkAXCgp
445=AF1IAXB3SXpeyAEBAwYAX0gBmAZhfUNIElABYH3fCgoACSHMRUwCfQoKSAHBOwtJAeNrbw
446=EADEgB2TINSAHNBQ5IAYCeIukuRPl0EFQC2V4RSAHd/BJJAbBwCWp6RAAlbS8UVQK2tQIV
447=SAHZBhZIAYMlAgAXSAGXDQMAGEgBmT0DTfdE/W0aVALBBBsoKQAcKCkAHUgB2QYeSAGVWg
448=NFvUSWBgADWUJEsMRpekQkKCFpekQkKCFpekRUdlgFaXpE9YYlUAnVRCZIAVgDeScnSAHB
449=OyhIAc1SKSgpACooKQArKCkALCgpAC0oKQAuKCkALygpADAoKQAxKCkAMigpADNIAcGpNE
450=gBzRA1KCkANkgB2X83KCkAOCgpADlIAYElAkz30B9oetAfaHonKQA9TAXVRD5IAdVEP0gB
451=Ja03QEgBJXE1QUgBxRNCSAHFE0NIAdkRREgB1QJFSAElXSJGSAHdK0dIASX9K0hIAdUCSU
452=gB3eZKSAElbS9LSAGUAiI8P9QYaXpErJRqekQA3VdPTAXZXlBIAdUYUUkB5HhTbfdEJBhA
453=aXpE5ZdUQATNBVVIAcnSVkgByaZXSQGCZAhqekQAyQFZVALBqVpIAdUYW0gBImA+AQAGAF
454=zIAVX0XUkBUWcEBgBeSAFkAUEEXygpAGBJAVNYAgMBCgAKAEXttQtIAckMDEkBv2AEIjJO
455=RQBqAQICXPGpAQNyd0UAyfMQTAUlHSURSAElHSUSSAElOU8TSQGxoRoUSAHF7xVIAZBAIu
456=EtRfHlF1QCkEBxd0XlaxlUApBAffFF6egbVAKLTgMAHEgBWRUATXMdSAGYaX3xRSRMTHB3
457=J9kAIEAElERxd0WUBlkGIlQCjDFwdydVACRUAoUEA0EURel6JlQC3XgnSAElXSIoSAGQFC
458=IwTsMPAgAqVALZUysoKQAsKCkALSgpAC4oKQAvKCkAMCgpADEoKQAySAHN1jNIASXxLzRI
459=AZMfAgA1SAHZETZIAc0QNygpADgoKQA5SAGIInN3RQCPax4CADtUApugAgA8SAHBcj0oKQ
460=A+SAHd0D9IAcE7QEgBJSVdQUgBwSVCSAHBJUNIAdkRREgB0RRFSAHNEEZIASMkPH3xRfHa
461=SFQCi0MCAElIAc0FSkgBJ/EORSSkIHB3JwkHTUAEmHRxd0Xh9k9UAsUTUEgBYB4BAAIAUU
462=gBIyQmcXdFJkE6U1UC4H1XAV3xRSaBIVVUAsEwVkgBxQhXSAElDS5YSAGY+Hzx2BF88Scp
463=AFtABHB3Re9cSAGHHgYAXUgBlHBwd8wFfPEnKwALAEaCcgQCTOypAQV4dKkBBnh0qQEHeX
464=RGJo0zEFkGhnQUItksRiYtMhJUAtk9E0gByXoUSAGEHiJ9PEYkky4DABZUAo08A03sRqQp
465=eXRGsKNt7EZgDHVwGkwFg1EDABtIAZg9eXRG8XcdKFUAHigpAB8oKQAgKCkAIUgBlL1t7E
466=YojB0ntQEkQASED3h0zRsDVXVGTABcAiLNXEbx8ChMBcU/KUgBzVIqSAGTFAIAKygpACwo
467=KQAtKCkALigpAC8oKQAwKCkAMUgB2VMySAHNczNIAdlpNEgBwQQ1SAFIFCIhIDZIAY8mAg
468=A3SAHZEThIAclkOUgByU46SQGOfAZ5dEa4Xnh0yyICAD1ABJM1AgA+SAHBcj9IAZPPAgBA
469=SAFgCE2fQUgByWRCSAHVI0NIAYWiAlXFRiSQWiJ8PCe1AUZABCXtKUdIAcHVSEgBJb1PSU
470=gBJX0mSkgBI1BHItksRiZ9XUxUApMUAwBNSAGTFAMATkgBjxADAE9IAcUTUEgBgAR5dEZc
471=qlAXeHTAO23sRlC0lQJUTAXJF1VIAU0CAFV7VigpAFcoKQBYKCkAWSgpAFooKQBbSQFWaA
472=ht7Eawgnh0yC14dCcrAAwAR41zCWByCkcAvwAAAAoCAA4ARwARAADYDwAgCY4BAAAAAgAP
473=AEcAkEQBAQACABBJAYqpARFJAdyhBBJJAZK1AhNJAd21AhRJASS1AhVJASipARZJAR1rAQ
474=MAF0gBiwwEABhJASa1AhlJASKpARpJAdZzCQMAG0kBzakBHCgpAB0oKQAeSQHSoQQfSAHN
475=BSAoKQAhKCkAIigpACNJAdG5BiRIAXwOAQADACVIAcEPJkkBz6EEJ0gBzQUoSAGfFQIAKU
476=gBnxUCACpIAZsGAgArSAGPEAIALCgpAC0oKQAuKCkALygpADAoKQAxKCkAMkkB028QAgAz
477=SAHdCjQoKQA1SAGTFAIANkgBnyACADdJAdC5BjhIAY8bAgA5SQGRbwECADpJAYOpATtJAY
478=mpATxJAYupAT1IAZM1AgA+SAFwAlUjP0kBIW8BAwBASQEeqQFBSAGfIAMAQkkBH3cCAgBD
479=SAHVRERJAYu5EUVJAYSpAUZJAYKpAUcoKQBISQGHtQJJSQGKqQFKSQHZqQFLSAHFE0zrAQ
480=MATUgBfA4BAAQATkgBjxADAE9JAdd7BgMAUEgByThRSAGDBAIAUkgBmwYCAFMoKQBUSAHJ
481=F1VIAcEEVigpAFcoKQBYKCkAWSgpAFpJAUxcBgEBBgBbSQFRSAEBAAYAXEgBZAFJAV0oKA
482=ACDQBIAJBzFAIADkgB0R8PSAHRHxBIAcVrEUkBj2sIAgASSAFkAU1zE0gBmzICABRIAZsy
483=AgAVSQElZwQCABZIAYwmam9IAIwxam9IAIsMBAAZQASLIgMAGkkB2ngRam9IAIdKAwAcVA
484=KXTwMAHUgBk0sDAB5IAWQMSUMfSAGHYAMAIEgBzQUhKCkAIigpACMoKQAkSAGAXGpvSADZ
485=BiZUAskBJ0kB1LkRKEgB1Q0pSQHmdAJqb0gAnBVob9wVaG8nKQAtTAWXGAIALkgBnwoCAC
486=9IAdUCMCgpADFIAZcNAgAySgH//1wNam9IAI8bAgA0VALFCDVIAZwgaW9IQAVIAGpvSADN
487=RzhABNE1OUgByTg6SAHJpjtJAdu1GDxJAdWpAT1IAdWnPkgB1ac/SAHJOEBIAZNhBABBSA
488=HdNkLoAWhvJ0UJRFQCxUpFSAHdbUYoKQBHSQGJoQ9ISAGXZQIASUgBmzICAEpIAckiS0gB
489=jxACAExIAZAUaW9ISD5RHwNLb0gAI0QBXUFPQASYMmpvSACHCAMAUVQCnBVqb0gA1Q1TVA
490=KPcwIAVEgBYAhVWlUoKQBWKCkAVygpAFgoKQBZSAF8bQECBgBayQEDaG/YMmhvJykADlQb
491=yQwPSAHVZRBIAZOYAgARSAHV3hJIAcWiE0gB0R8USAGdbQNRbElUYFkJA1FsSVjHiQEXQQ
492=SRcCpybEkA0TUZVAKIx3JsSQCUDXFsSUwGSABxbEm8THJsSQCQS3BsJ4EAH0QIgFFxbEn1
493=ZSFUAo1SA0wKJ1UAI1QCxQgkSAFBDABZMiVIAcUIJkgBwQQnSAHBBCgoKQApSAGcFXNsSQ
494=DjYBpwbCcpACxABNUCLUgBgBpxbEnlYC9UAp8KAgAwKCkAMSgpADJIAcVgM0gBwXI0KCkA
495=NSgpADZIAdVEN0gBxdk4SAElXSI5SQEneQ0BX9tJAOl/FQEAO1QCj2gBADxIAXwDUUs9SA
496=HBcj5IAcE7P+gBfNvUGHJsSQCQVn7bSQDJIkNMBc1HREgB0R9FSQGPYw8CAEZIAcVrR0gB
497=wQ9ISAHdg0lIAdUCSigpAEtIAYRrcWxJpWsCXttJAJUYAlJsSQCIF37bSQCFHgJc2yetAF
498=FECJRwcWxJ8aNTVALdK1RIAcUpVUgBzRBWKCkAV0kBS3sCBgBYyAFF2VlIAcXZWkgBfANF
499=2VsoKQAPUIWXAgMAEEgBjCZ5aUr92xJUAofOAgATSAHVLhToAXppSgCdQQRaaUoAi5AEAB
500=dABMkBGEgBlBhu1koAiaYETdZK5TQbQASECHlpSulkHVQCyWQeSAEjxSQDSAYngQAgVALB
501=BCEoKQAiKCkAIygpACRIAcUIJUgB2QYmKCkAJ0gBhRMDTTZKhCJJbylUAo8BAwAqKCkAK0
502=gBm6ADACxIAZsyAwAtSAHdTC5IAdFLL0gBhAh6aUoAi5ACADFUAsFRMkgBzQUzSAHNBTQo
503=KQA1KCkANkgBwVE3SAGbSAEAOEkB6H9XAQA5SAGYSHlpSrCYemlKAJhTeWlK8Ww9TAWbUw
504=EAPkgBwTs/SAGMBXlpSqlZA03WSvHEQkAEk6MDAENIAZ8VAwBESAHNR0VIAZQ5emlKAJcu
505=AgBHVAKBJQJMvdwrbdZKvGJs1idVAEtMBZwKeGknVQBNVAKEE3hpxxMCAE9UAoQeeGknrQ
506=BRVALFCFIoKQBTKCkAVEgBxSlVSAHNBVYoKQBXSAF4aVXTWEkBjH8rBgBZSAGRYQZM1tUN
507=BkNnSwAuaAhhZ0usyyKwJycrABMAS7jMIrEnS6wxYWdL/SsWQASMMSKwJ3gOVAl90EurhQ
508=MAGUEEIFACTVIaSAGEHnzQzAVhZ0soHRpL7WgeTAXNXR8oKQAgKCkAISgpACIoKQAjKCkA
509=JCgpACUoKQAmSAEnHBonDQIoVALdYilIAYQ/YWdLs4IDACtUAtkRLEgBkIJiZ0sAiUMDVS
510=hL7bUvQATJZDBIASVVLDFIAXggXSAySAHdbTNIAc0FNCgpADVIAcVrNkgBmAYisCfIDGFn
511=S1TvXAJhZ0skZCNhZ0u4+GJnSwCEP2NnSwCGc0ABAD1RCeCpAT5IAc1SP0gBhzQCAEBIAZ
512=U5AkBn3Ap90EsmSSVDQASRdwJBZ0unawIARVQCUREASd1GSAEjJCZgZ9Q5YWdLtKdgZ9Qu
513=YGcnKQBLWAYiSCVBv0xJAUV1CQZd0EtPCwAAAWBnJ60AT0AEfANVDVAoKQBRKCkAUigpAF
514=MoKQBUKCkAVSgpAFYoKQBXSQFWYAt+0EsAI0glYGfDDwYAESEgKnwDSTgSSAGdNgNNy0yv
515=MQMAFFQClC5pZEy0LiKpJkzhZxdABIstAwAYSAHRYRlIAdkGGkgBmHRpZEygO2lkTP1iHU
516=AEwVEeKCkAHygpACAoKQAhKCkAIigpACMoKQAkKCkAJSgpACYoKQAnSAHRYShIAcEPKUgB
517=zWgqSAHJIitJAdhwS2zLbDlcAmpkTADVAi5ABEwCImEoLygpADBIAdWyMUgBm8wDADJIAd
518=0rM0gBk2EDADRIAc0FNUgB2bY2SAGcCmtkTACTbQECTstMACPQNmpkTACMUmlkTKhZamRM
519=ACPwJGtkTACFaBdoZNA1bctMROpXCQEAP0gMgA9qZEwAxc5BVALNG0JIAd1iQ0gBgDtpZE
520=y5oAFaWEwAhz8BAEZABJFsAUzL1CNoZMwmaGQnKQBKTAVwAVG5S8oBAwbAAUQTIqkmTEwL
521=AwAABAYATlwCYWcFbMtwBoEEUFQCQAFtc1FIAZNZBgBSyAFdbVNJAUZnBAYAVMgBXW1VSA
522=FwAlFsVigpAFdJATJ7AgYAWEgBZAEBAAYAEkB1iQEEUmFNAJgycWFNJOw/cmFNACNcOHFh
523=TSQYQH3FTbz8cWFNJNQmfsVNACMgKyLdMk0kfCZxYU3lYBxUDcFRHSgpAB4oKQAfKCkAIC
524=gpACEoKQAiKCkAIygpACQoKQAlKCkAJigpACcoKQAoKCkAKSgpACpIAdVlK0gByWQsSAGU
525=I3FhTSgxDE2QAk2JL0AE0c8wSAHZBjFIAZxMcWFNJK8hBAAzVALdKzRIAdVPNUgBwco2SA
526=GUZXFhTfVPOFQCjFJxYU3lwzpUAsXDO0gBI/RAcWFN/WI9VALBBD5IAZgRcGHUGHFhTSgx
527=DE0kIDZ8xdBAInBA2BxxYU3hckVRCZK9bUZIAd0KR0gBI7Q4cWFNoOtwYScFAUpABNVPS0
528=kBNGAocGEngQBNVQJEtQJOyAFJWU9IAXACSVlQKCkAUUgBcGFFa1JJATpnBAYAU8gBWQZU
529=SAFwAlkGVSgpAFYoKQBXSAF4EU0FE1BvjAV5Xk6ox3leTuFcFiiBABdIAZgceV5OuBx5Xk
530=6ACF1BGkAEjAF5Xk4mbSQcVAIn2QtO8WEeKFUAHygpACAoKQAhKCkAIigpACMoKQAkKCkA
531=JSgpACYoKQAnKCkAKCgpACkoKQAqKCkAKygpACxIAdFhLUgByRcuSAHVAi9IASUdJTBIAS
532=fZC07x5TJUAommA1leTiSsIW3ATrO5AwA1QAQl+SU2SAGcYnleTiQkJiKZJE6o83leTrSR
533=bcBO9b07WAYjeEx4XtA1b8BOAI25Uz5ABNlTP0gBnG14XtAUIpkkTr+6AgBCQASQbHhe0A
534=l4Xic5AkVABJDabsBOACNgKGzAzDx5Xk4kACd4XtxBIpkkTl3hACIVJEtECHleAiJ9MU5c
535=4VDpIpskTgBXZEZuwE4AZGBZwU9MBWgBWcFQSAF8A0lZUUgBcFZZtlJIAXheUQlTSAHBBF
536=QoKQBVKCkAVigrABQAT/WyFUgBwTsWSAHBOxdIAdUCGEgBwTsZSAGIDH26TyZlIxtUAs0F
537=HCgpAB0oKQAeKCkAHygpACAoKQAhKCkAIigpACMoKQAkKCkAJSgpACYoKQAnKCkAKCgpAC
538=koKQAqKCkAKygpACwoKQAtKCkALkgBxR4vSAHFHjBIASPTNgMAMUgBJ5EjTyTINWBcJykA
539=NEAEhLhhXE/9xTZUAsm8N0gBgAQikSNP7ao5VAIlOSM6SAGY7SKRI08kGCphXE+gtGFcT6
540=yUIpEjT+FRP1gGI5gkYVxPJOQzYFwnKQBCQAQjZERhXE/lVURUApgcIh0wT4QBXUxGVAKQ
541=2iIdME8kYF9gXCcpAElABIBGYVxPJrE9S1QCiHphXE+AXF1XTVQC0VZOSQE+cAwikCMntQ
542=FQVAJwAkEPUUgBbAVVslJIAdUCUygpAFQoKQBVKCsAFQBQ+YoWSAHNUhcoKQAYKCkAGUgB
543=iBdpWVDpsRtUAtkGHCgpAB0oKQAeKCkAHygpACAoKQAhKCkAIigpACMoKQAkKCkAJSgpAC
544=YoKQAnKCkAKCgpACkoKQAqKCkAKygpACwoKQAtKCkALkgBwbQvSAEljUkwSAHdVzFIAZCY
545=IokiUKh6IokiUCStNwRZN1AmNSg1TAXV3jZIAdEJN0gB2bY4SAGAXG21UCT8V221UOW4O0
546=AEI0w2aVlQJDxKaVlQ/Vc+QASHEwIAP0gBhK1pWVCwbGhZJykAQkAEzWhDSAHZXkRIAcFc
547=RUgBjDwiLUhQJMwwaVlQgEpdTEhABIwBbLXMR2hZ30ECAEtABISBaFkn2QBNVALZU05IAc
548=UITygpAFAoKQBRKCkAUigpAFMoKQBUKCsAFgBR/VcXSAHBURgoKQAZKCkAGigpABsoKQAc
549=SAHZPR1IAcUIHigpAB8oKQAgKCkAISgpACIoKQAjKCkAJCgpACUoKAAJJgBRAM0BAAAAAw
550=AnEQAAiw8AIAgAUQDNAQAAAAMAKCgpACkoKQAqKCkAK0sB0gEAbQUsKCkALUkB0LUCLkgB
551=WANhBC8oKQAwSQEdewIDADFJAdtvBQQAMkgBmwYEADNJASehBDRJASOpATVJAdxvBQMANk
552=gBgwQCADdIAYMEAgA4SQGQYwQCADlJAYapATpJASZnCAEAO0kB43cCAQA8SQEltQI9SAFk
553=AQEAAgA+SAGHEwIAP0kBIXsCAwBASQEeqQFBSQEiqQFCSAGfCgIAQ0gBgwQCAERIAYMEAg
554=BFSAGfFQIARkgBdAZJDEcoKQBIKCkASSgpAEpJAdpzFAIAS0gBnysCAExJAdO1Ak0oKQBO
555=SQHRtQJPSAHJDFAoKQBRKCkAUigpAFMoKAABFwBSAJcNAwAYSQHNcwkDABkoKQAaKCkAG0
556=gBhzQDABxIAZcNAwAdSQHWuQYeSAHFCB8oKQAgKCkAISgpACIoKQAjKCkAJCgpACUoKQAm
557=KCkAJygpACgoKQApKCkAKkgB0RQrSAHRFCwoKQAtSAHdFS5JAc+pFy9JAdWpATBJASR8Bn
558=lTUlRgTQEDWlNSAJQ5e1NSAB9QAklkNEwFwVE1SQEgdQICWlNSAM1SN1QCcAJFPzhJAdlo
559=DHtTUgCPqQE6VQKIqQE7SQGEqQE8SAHdVz1IAYBRelNSAJBWeVNSRC9EC3lTUlwASwAEAE
560=FMBcUTQkgBkWEDW1NSAIp9CgNYU8gXe1NSAI50AnhTxwgCAEdYBkkJAF0VSEkBTW8BBgBJ
561=SQFFqQFKyQEBeFMn2QBMVAJ8A1kGTSgpAE5IAZNLAgBPSAGLLQIAUEgB0VZRSAHZBlIoKw
562=AYAFPtUhlIAcVKGigpABtIAZxiYlFTAJwKYVFT5ZceQATZBh8oKQAgKCkAISgpACIoKQAj
563=KCkAJCgpACVIAdUNJkgB3QonKCkAKEgBwQQpSAHBBCooKQArSAHRFCwoKQAtSAHNBS5IAd
564=FWL0gBiyIDADBIAYBGYlFTAM1SMlQCnUwDXaRTv0wDADRUAoc/AgA1SAGECGFRU4QBWTI3
565=KFUAOEgBhGBgUdsnAgA6VALZMjtIAdlTPEkBhbVEPUgB0aM+SAGBCwNcpCdlAkBUAsUTQU
566=gBh2ADAEJIAclkQ0gBgAR8pMgXY1FTAIupDEZABNleR0gBiwwCAEhJATJsAWNRUwBXqQFK
567=VAJuUgQGXaRTV60AAAV8pCfFA01ABGgFUR9OKCkAT0gBzVJQSQHUoQ9RSAHPBRkAVPVPGk
568=gBgwQDABtIAYAEaE4ngQAdVALFPx4oKQAfSAHBOyAoKQAhKCkAIigpACMoKQAkSAHRQCVI
569=AdUNJkgBnxUDACdIAdkRKEgBwQQpSAGXOQMAKkgBwQ8rKCkALEgB0RQtSAHBBC4oKQAvSA
570=HZUzBIAc0QMUgB3TYySAHdNjMoKQA0SAGMPGlOVJQRSS02VQLXsSo3SAGcCmnzVKxzaE4n
571=KQA6QASZEQJK81QA1U88VQKRpQg9SAGYXm6fVADNED9VAih/DQIAQEgB1ZxBSAGMR2lOVK
572=C0a/NUAIyxCURABNmrRUkBgrUCRkgBwVxHSAF4ClUYSEgBaE5VnElJATF7AgYASkkBWKkB
573=S0kBSKkBTMgBAQEGAE1JAUa1Ak7IAUUIT0gBcAJdClAoKwAaAFWQAlXIGygpABwoKQAdKC
574=kAHigpAB9IAdk9IEgBwTshSAGHKQMAIkgB1QIjSAHVAiRIAc1HJUgBg8oDACZIASPgInFL
575=VUgHRBIi3idVACNTJgMAKUAE0QkqSAHRCStIAdVELEgBUAYihSctSAHFEy5IAc0FLygpAD
576=BIAc0QMUkB5qEwMkgBhQgCXplVAM1HNFQCzUc1KCkANkgBnAoi3SdV5Uo4KFUAOSgpADoo
577=KQA7KCkAPEgB3Uw9SAHBDz4oKQA/SAHJTkBIAd1MQUgBjFJxS1UocQlV5ZdEQATFSkUoKQ
578=BGKCkAR0gB1U9ISAGFVQJC61UAcksCAlBLqQEDfZlVVLhPEwYATE0FNUQBk0tVADxIAVlI
579=TlQCZAFJAU8oKwAbAFaQAkVKHCgpAB0oKQAeKCkAH0gBIzkjA1RqJ9kAIVUC2HgyeEgnVQ
580=AjKFUAJEgBzUclSAEjMCJ6SFYAgdUETZRWtCN4SCcFASlMBYgTbpRWANVEK1QClzkDACxI
581=AZs9AwAtSAHVAi5IAdVPL0gBzUcwSAHBkzFIAcmQMkgBiAx4SMkMAlniVvVENUAEnAp44i
582=dVADcoVQA4KCkAOSgpADooKQA7KCkAPCgpAD1IAYgXbZRWJDAiIn4mVgAjPCltlFav9wIA
583=QUwF0ZhCSAHJF0NIAcHgREkBh2AweuJWAMVKRlQCyQFHKCkASEgBxZdJSQHduQZKSAFlSg
584=UifSZWmUgCeOKqAQMCTJTbMgIATkwFzSYcWepHbwEHAB3IAQEBBwAeSQFKtQIfSQFFqQEg
585=yAEBAQMAIUgB2UgiSAF8A1VPI0gB1QIkSAEj0yADACVIAZV7BF6OVwCAiGFGV1gBQAdhRl
586=fpkClMBcmQKkgBnzYDACsoKQAsKCkALUgByUMuSAHJQy9JAempIjBIAcktMUgBjxACADJI
587=Ad02M0gBiAxhRlcowAgnKQA2KIEANygpADgoKQA5KCkAOigpADsoKQA8KCkAPSgpAD5IAZ
588=wgYkZXAITZYkZXACVJMEFABNWGQigpAENIAcU/REgBUScARYFFSAEl1SZGSAEnwQhX+UhI
589=KFUASUgBI0gwfI4jQCVlCEtUAtEJTCgpAE0oKwAdAFiwFGpDWACFEwdefVgAnZkHTolYAH
590=ZEBAdIQ6kBBW6JWACbUwMAI0QIiQwDTWJYTE1QAWlDWCTMJWlDWKAwaUNYr2gEAChYBiN4
591=K2jSiPBlzipUAicsEdgGbYlYsEtsiSetAC5MBcXOL0gBWA5lHjAoKQAxSAGQCWhD0AlsiS
592=cpADRABNVENSgpADYoKQA3KCkAOCgpADkoKQA6KCkAOygpADwoKQA9KCkAPigpAD9IASXt
593=P0BIAdmKQUgB2T1CSAHZPUMoKQBESAGYMmyJ3CAirTdYJuk5R0AE2QZISAHFSklIAdUjSk
594=kBkq1oS0gB1QJMKCsAHgBZsAlyQFkAhAhxQFmoBHFAWUDbQQcHRntZACNtJAdQQKgBQYgk
595=RAiY7XFAWVw8TAViylkAnNBxQFlQypUCKEwFnHhxQFkkpCBhylmgRnyDJykALEwFkDVxQF
596=kkaykDAC5UAiXNRi9IASWhRjBIAdGCMUgBmAZwQNAJcEAnKQA0KIEANSgpADYoKQA3KCkA
597=OCgpADkoKQA6KCkAOygpADwoKQA9KCkAPkgBJ30QWSa5PkBUAkAifVdBKCkAQkgB3UFDSA
598=HBO0RIAZgycUBZlAZJhUZUAowBIsA/yDginjVZANHPSUAEJ3wQJ9kAS1QC2wYfAFrlPyBI
599=AcWBIUgBiE57PVoARHAFeD2oAZk9WmwCcXclTAXFwyZIAZzFeT1aXIlMBHnBWu08KUAEmD
600=J5PVoouAcnKQAsKIEALSgpAC5IASOzJwMAL0gB2X8wSAHBfTFIAZwKeD3QCXg9JykANCiB
601=ADUoKQA2KCkANygpADgoKQA5KCkAOigpADsoKQA8KCkAPSgpAD5IAYTZecFaJmkpQFQCnC
602=si/SBap60CAEJUAlgkcUBDSAEn/SBatHB4PcgtbH4nKQBHTAXZBkgoKQBJKCkASigrACAA
603=W+08IUgBhEphO1usEGE7W4w8Vb0kQAR4PVW9JUgByXomSAEjvCMifTFbXH5ID2E7W7S9fn
604=hbACWFJypMBYwxfXhb7TwsKFUALUgBzQUuSAGAJWI7WwAnYQdbJGspAgAxQASQCWA70Alg
605=O9QNfPwnVQA1KK0ANigpADcoKQA4KCkAOSgpADooKQA7KCkAPCgpAD1IAdF3PkgBJRU6P0
606=gBhCl9/Fvp80FUAtl0QkgBWCSgO8AwIr9EWwCJqbFFKIEARigpAEcoKQBIKCkASSgrACEA
607=XPU5IkgBkAlrOFwAQHkNB1zxqAFZdCVABCNAL2mxXHgDZXYnVAIldSUoSAElaTQpSAGEBG
608=1zXKAwaThc4TssQATRNS1IAcUILkgBJX0mL0gBn7oCADBIASdsDsQIajhcAIQIazhcALq9
609=IDQorQA1SAHZPTYoKQA3KCkAOCgpADkoKQA6KCkAOygpADwoKQA9SAEnCAfYJ21zXP2kQE
610=AE1TlBKCkAQkgB1adDSAGUI2g4xClscycpAEYogQBHKCkASCgrACIAXYEIAHE1XZE1AnA1
611=qQEDfeZdJGRacTVdseUCWQBdvW0CUepdUDtTCAIAKVAJ3TYqSAGQrnA1J9kALFQC2TItSA
612=HZMi5IAcXkL0gBJTEiMEgB1SMxSQG8uTIySQGwqQEzSQG1qQE0SAHBOzVIASexBl2gfSI9
613=P12gRiKwSCcpADkorQA6KCkAO0gBh4ECADwoKQA9SAHVRD5IAV4dAABwNdgnfW1dpGBhqV
614=35aUIorQBDKCkARCgpAEUoKQBGKCkARygrACMAXlwQXA0iTSteXABIAHkyXlAwSwECACZA
615=BMUpJ0gBhGt6Ml4AJXUlKVQCi6YCACpIAYumAgArSAHZBixIAcGILUgBj+wCAC5IASOZJA
616=Jd2179YjBUAiPEUHmgXiQELW9oXgC9rTEzQAQjcDV5oF7hMDVUAidZBl79bTdUAsEPOEgB
617=1Vo5SAHJDDpIAdUuO0gBzQU8SAHRFD1IAVQgbTE+KCkAPygpAEAoKQBBKCkAQigpAEMoKQ
618=BEKCkARSgpAEYoKwAkAF+RDQBhMF8kKCFhMF8kKCF9Yl/lHihMBSUFOClIAdVaKkgBI9Ag
619=YTBfJvFQLFQCJW0kLUgBlKdhMF8knCphMF/9KzBABME7MUgB2ZUySAEjEDRzmF8Avq0xNF
620=QCxSk1SAHFKTZIASUxODdIAdUNOEgBxQg5SAHJLTpIASV5IDtIAdWRPEgBwco9SAGMIiKA
621=QtQjfGInKQBAKIEAQSgpAEIoKQBDKCkARCgpAEUoKwAlAGCEDF1tJkgBwRonSAHZdChIAc
622=0bKUgBJd1pKkgBiJBqLWAAI4NNAgAsVALNiS1JAbahJS5IAcGIL0gBJRE0MEgBzQUxSQH2
623=rQUySQGyqQEzSAHNJjRJAbi1AjVIAcEENkgBwQQ3SAHZMjhIAd0rOUgB0So6KCkAOygpAD
624=woKQA9SAHJZD5IAYwiaC0ndQRAKFUAQSgpAEIoKQBDKCkARCgrACYAYYwJXSsnSAEjyFZi
625=iGEAJQkzKVQCJfEvKkgBzRArSAGcBnEqYfGNLVQC2X8uSAHEuAYvAGEAugEAAAARAAAKBe
626=QJAAECADAAYQDdAQAAAAIAMQBhALcBiQEySQH2qQEzSQGwqQE0SAHVAjVJAbO1AjZJAbap
627=ATdJAYypAThJAYKpATkoKQA6SQGHtQI7SAHBBDxJAYm1Aj1IAUQQeRE+KCkAPygpAEAoKQ
628=BBKCkAQigpAEMoKwAnAGKMCQEAAwAoSQEfcwECAClJASdrAQEAKkkBIKkBK0kBKKkBLEgB
629=ZAFJIi1JAb6lEy5JAdypAS9JAbupATBIAdUjMUgB1SMyKCkAMygpADRJAbG5BjVJAd2pAT
630=ZJAZCpATdIAckiOCgpADlJAYWhBDpIAcUTO0kBkbUCPEgB1QI9KCkAPigpAD8oKQBAKCkA
631=QSgpAEIoKAABKABjACejBGMA5mgMYiVjAJ8VAQArQQQkew0BACxJAemhBC1IAdknLkgBzS
632=YvSAGYBn1MY/FLMVQCJ6IEYwDJATMoVQA0KCkANUgB0Us2SAHRCTdJAY9jDwIAOEgBxUo5
633=SAHZSDpIAWwUSTg7KCkAPCgpAD0oKQA+KCkAPygpAEAoKQBBKCgAAikAZAAmYAtrImQAIq
634=kBK1UC23gRayJkANWpAS1VAuCpAS5IAc08L0kBinQCaiJkANlIMVQC3SAySAHFazNIAdUC
635=NEgBJ+4IZADRbDZUAtEJN0gBdBFFHjgoKQA5KCkAOigpADsoKQA8KCkAPSgpAD4oKQA/KC
636=kAQCgrACoAZf0gK0gB3SAsSQEhcxABAC1JASWpAS5IAZcCAgAvSQEedAJxH2W4J3+OZQC9
637=qSIyQQSSqQEzSAHVIzRJAbW1AjVJAY2pATZIAWwJRR43KCkAOCgpADkoKQA6KCkAOygpAD
638=woKQA9KCkAPigpAD8oKwArAGblHixIAc0bLUgBzRsuSAGUAnscZgCOcRQDWKvYBnocZgDR
639=HzJMBckBM0gBmycCADRIAcE7NUgByVk2SAEnmQNmhAFFHjgoVQA5SQFMXAIBAQYAOkkBR0
640=gBAQAGADvIAVUCPEkBSLUCPcgBVQI+SQFKtwIsAGdgAXGuLUgB1RguSAGRVgNeNmcAmBFg
641=Gs0FA17FZwDBBDJMBYNRAwAzSAHBiDRIAc2UNUgBjwwCADYoKQA3KCkAOEkBTEQEAQIGAD
642=nJAQNgGtUNBkAaJykAPEAESQUAWRw9KCsALQBokAJVvS5IAZwraRdotC5oFycpADFABJcu
643=AwAySAGZwQJLF2gAI2wIbDHTCQIANUAEcAJVLjYoKQA3KCkAOEkBVmQEahdoAJxXaBfECG
644=gXJykAPEwFaAVLFy4AaYYBAARdK2mlKQRDRmkAhm1HBF0raaixcBTIAXAU2AZwFCcpADXw
645=CXwrJ1UAN1UCTFAMWT04SQFRSAFBDzlIAWQBSQE6KCkAOygrAC8AakDmSARuJmoAiDh5EW
646=ooOQJqsGF5EWq8K3kRakwGSABsJicpADZQCWwQQTs3yAFBOzhIAUQFaTg5KCkAOigoAAEw
647=AGsAiPN9TGu4Mn0ga5QGTTwzQASNAQNCZ2sAaAxZHDVUAtVaNkgBxR43SAGNBQZcxcQIcD
648=UnKwAxAGylHgJdQWyIBYkMbJwKSRc0QARoDEkXNUgBmV4GSllsAJteBgA3VAKcBmgMxQgG
649=UgltANgRATMAbQDZETRJAU1xBQpSS20AhXYKUAmqAQEKUAnZBgpNUm6l7wZbHG4AVfsGbg
650=DXdER5Bm6lzgpBBG+ABEQICDUAbwAAAAAAAAoAEQAA

[Lighting]
Red=0.960000
Blue=0.810000
Green=0.900000
Level=0.008000
Ground=0.050000
IonRed=0.300000
Ambient=1.200000
IonBlue=0.750000
IonGreen=0.400000
IonLevel=0.000000
IonGround=0.000000
IonAmbient=0.870000
DominatorRed=0.850000
DominatorBlue=0.300000
DominatorGreen=0.200000
DominatorLevel=0.000000
DominatorGround=0.000000
DominatorAmbient=1.500000
DominatorAmbientChangeRate=0.001000

[Map]
Size=0,0,60,52
Theater=DESERT
LocalSize=1,4,58,41

[Neutral]
IQ=0
Color=Grey
Allies=Neutral
Country=Neutral
Credits=0
NodeCount=0
TechLevel=1
PercentBuilt=0
PlayerControl=no

[Nod]
IQ=0
Color=Gold
Allies=Nod
Country=Nod
Credits=0
NodeCount=0
TechLevel=1
PercentBuilt=0
PlayerControl=no

[OverlayDataPack]
1=BQAAIP4AIACAZQAAIP43BACEBgcHBv77AQCHBwoLCwoIBP/5AT8CAf/+AwALgQj/+QE+BA
2=P+hAoKCwr/+AE6BBIAgQAEBIEH//oBPgb//QE4CoIACP/+ATcIgwAECAP+//oBOwbCNAT/
3=/AE6BP7KCQCATQAAIP5DEgCDBgcG/vsBAIcECAoLCggE/vkBAIEI/gUAC4EI//kBSxAD/o
4=QKCgsK//gBRRKJBwsLCgAKCwsH//sBSRj//AFEGAYA/70BQxaAoAAAIP5BAACHBwoLCwoI
5=BP76AQCEBgcHBv4TBgCBBv+6AUQC/0MAQgKDBAgK/7kBRAD/RABBAIEI/gUAC4EI/7UBYA
6=gB//1aDABE/gMACoILCv+0AVsIgQcD/v1aDhBEgQACSIEH/7cBXw79WhBEAP+1AV0Q/0UA
7=Vg44AP+1AV0O/0UAVgwcAIILCv+0AV4S/0gAVQr/vAFCAv+7AVkI/jAEAIBkAAAg/isAAI
8=QGBwcG/vsBAIcGCgsLCggE/vkBAIEI/gUAC4EI//sBMgD+AwAKggsK//gBLgCBBwX+gQAG
9=A4EH//4BMgT/+QEwCEgA//kBMAaDAAQIBAKBCP/9AS4A//0BLQD+1g0AgGMAACD+OAoAgw
10=YHBv77AQCHBAgKCwoIBP75AQCBCP4FAAuBCP/5AUAIA/6ECgoLCv/4AToKiQcLCwoACgsL
11=B//+AT4O//kBPBJIAP/5ATwQLACCCwr/+QE9FMI1Cv/9ATkK/skDAIAFAAAg/gAgAIAFAA
12=Ag/gAgAIAFAAAg/gAgAIAFAAAg/gAgAIAFAAAg/gAgAIAFAAAg/gAgAIAFAAAg/gAgAIAF
13=AAAg/gAgAIAFAAAg/gAgAIAFAAAg/gAgAIAFAAAg/gAgAIAFAAAg/gAgAIAFAAAg/gAgAI
14=AFAAAg/gAgAIAFAAAg/gAgAIAFAAAg/gAgAIAFAAAg/gAgAIAFAAAg/gAgAIAFAAAg/gAg
15=AIAFAAAg/gAgAIAFAAAg/gAgAIAFAAAg/gAgAIAFAAAg/gAgAIAFAAAg/gAgAIAFAAAg/g
16=AgAIAFAAAg/gAgAIA=

[OverlayPack]
1=MQAAIP4+Ev+Er///rv7+A/+BqP4FBP+Bqv/2AUsQ/gUA/4Gt/vUB/4Gs/gwA/4Gr/roB/4
2=BsAAAg/jYC/4Gp/voB/4Gu/gUA//4EAGb/+AEoAoGxMf/MOASBrP7rAf/+CABm/vgB//4J
3=AGb/+wE+CNA2BP/jA0wIgbDKLw7++QH//wACNhAiAv4UAP+BrcMxBP7WAf+Brf7/Af/hSQ
4=ZIIf6pB/+AhQAAIP4oAv+Br/4LAP+BqP4DAP+Bqf7oBf+Brv4UAP+Brf4kAP+Bsf7cAf+B
5=qv7oAf9D64Gs/v4D/4Gt8zcC/+UBOAL+AwBm/vsB//4HAGb/0ANIEk3gwTQC2jEK/gkAZv
6=7fAf+Bq9gqFjAF/uMB/0QOySgM/9YBQBjBIQzjXhDhQRz/nAEoDID2AAAg/jcA/4Gr/gkA
7=//4HAGb+0AH/gaz+IQD/g6r/qGIB/iIA/zAs/qUB/2GrU+WBqv4RAP+BsP4vAP+Brf61Af
8=//qwFoAv55AP/WZgTLQwKBqf6sAf/OQgKBrMg2AIP//65h1dcYAv+8AUEA0FcK7hwG/7sB
9=Vwr+CABm1gcG1z0KCil8FP+4AVkM7lYOZhDMCgr/uwFbDv1aEMkSEP+wARwGzBIQO7rKZw
10=jLQAjKJxTFNgRgRMknCv+6AWwKgv+t1DMO1UAI/7YBWA4zy/9GAFcW/7wBRADsWhj/swFg
11=FP9DAAoGgq+x/0MA9wH/zgGLBvopBP52Af+AzAAAIP4eAP+BrP4MAP/+BABm/gkA/4Go/g
12=oA/8g4AP4GAP+Bq/7JAf+Cra7LIQBCAoGq/hwA/9o1Av6bAf/dVADIKgL+BgD/gbDMHAD+
13=vwH/yB8C2BYEyS8E/hQA/4Op/63+1gH/IfvfLgbTPgD/xwFmBuAtBv7aAf/oKgr/zAE+BN
14=chBP/YAUkI1lUM1y8Mgan/1QFVDOv7D4Gx/v0B/4Gv/gEC/9wKBv7RAf+Bqf4UAP/AOwT+
15=6AH/yVIC/+0BRxD/3gFLCOfiA//FAUYagIIAACD+SgL/gquu/vgF/4Gq/gUA/4Go/tQB/4
16=Gt/hgA//4DAGZn+YGs/+IBaAbPKQr+BABm/vkB///xATYMy0QK/ggAZoFw//sBPwwQBf/n
17=AT0QgavUJg4SAP/VAUoI5RUO/+YBPRKBqf8SAiQMSAP+6wH///YBQBTYFwyBrNYfCv6tAf
18=+AMAAAIP45AP+Brv7/Af+Bqv7yAf+Bqf4ICP+BqP74Af+Frf+s/6v+/gP///MBOQL+3Av/
19=gAUAACD+ACD/gAUAACD+ACD/gAUAACD+ACD/gAUAACD+ACD/gAUAACD+ACD/gAUAACD+AC
20=D/gAUAACD+ACD/gAUAACD+ACD/gAUAACD+ACD/gAUAACD+ACD/gAUAACD+ACD/gAUAACD+
21=ACD/gAUAACD+ACD/gAUAACD+ACD/gAUAACD+ACD/gAUAACD+ACD/gAUAACD+ACD/gAUAAC
22=D+ACD/gAUAACD+ACD/gAUAACD+ACD/gAUAACD+ACD/gAUAACD+ACD/gAUAACD+ACD/gAUA
23=ACD+ACD/gAUAACD+ACD/gA==

[Ranking]
ParTimeEasy=00:01:00
ParTimeHard=00:01:00
OverParTitle=GUI:NoOverParTitle
ParTimeMedium=00:01:00
UnderParTitle=GUI:NoUnderParTitle
OverParMessage=GUI:NoOverParMessage
UnderParMessage=GUI:NoUnderParMessage

[Russians]
IQ=0
Color=DarkRed
Allies=Russians
Country=Russians
Credits=0
NodeCount=0
TechLevel=1
PercentBuilt=0
PlayerControl=no

[Special]
IQ=0
Color=Grey
Allies=Special
Country=Special
Credits=0
NodeCount=0
TechLevel=1
PercentBuilt=0
PlayerControl=no

[SpecialFlags]
Inert=no
FogOfWar=no
IonStorms=no
MCVDeploy=no
Meteorites=no
Visceroids=yes
FixedAlliance=no
TiberiumGrows=yes
InitialVeteran=no
HarvesterImmune=no
TiberiumSpreads=yes
TiberiumExplosive=no
DestroyableBridges=yes

[Structures]
0=Neutral,CAOILD,256,62,13,64,None,1,0,1,0,0,None,None,None,0,0
1=Neutral,CAOILD,256,98,51,64,None,1,0,1,0,0,None,None,None,0,0
2=Neutral,CAOILD,256,50,98,64,None,1,0,1,0,0,None,None,None,0,0
3=Neutral,CAOILD,256,14,62,64,None,1,0,1,0,0,None,None,None,0,0
4=Neutral,INYELWLAMP,256,57,89,64,None,1,0,1,0,0,None,None,None,0,0
5=Neutral,INYELWLAMP,256,22,57,64,None,1,0,1,0,0,None,None,None,0,0
6=Neutral,INYELWLAMP,256,45,68,64,None,1,0,1,0,0,None,None,None,0,0
7=Neutral,INYELWLAMP,256,57,22,64,None,1,0,1,0,0,None,None,None,0,0
8=Neutral,INYELWLAMP,256,68,45,64,None,1,0,1,0,0,None,None,None,0,0
9=Neutral,INYELWLAMP,256,90,56,64,None,1,0,1,0,0,None,None,None,0,0
10=Neutral,NEGLAMP,256,81,83,64,None,1,0,1,0,0,None,None,None,0,0
11=Neutral,INGRNLMP,256,57,56,64,None,1,0,1,0,0,None,None,None,0,0
12=Neutral,CAMISC01,256,15,68,64,None,1,0,1,0,0,None,None,None,0,0
13=Neutral,CAMISC02,256,15,69,64,None,1,0,1,0,0,None,None,None,0,0
14=Neutral,CAMISC02,256,11,63,64,None,1,0,1,0,0,None,None,None,0,0
15=Neutral,CAMISC02,256,55,96,64,None,1,0,1,0,0,None,None,None,0,0
16=Neutral,CAMISC01,256,54,99,64,None,1,0,1,0,0,None,None,None,0,0
17=Neutral,CAMISC01,256,97,47,64,None,1,0,1,0,0,None,None,None,0,0
18=Neutral,CAMISC02,256,98,46,64,None,1,0,1,0,0,None,None,None,0,0
19=Neutral,CAMISC02,256,101,52,64,None,1,0,1,0,0,None,None,None,0,0
20=Neutral,CAMISC02,256,58,15,64,None,1,0,1,0,0,None,None,None,0,0
21=Neutral,CAMISC03,256,59,13,64,None,1,0,1,0,0,None,None,None,0,0
22=Neutral,CAARMY01,256,102,45,64,None,1,0,1,0,0,None,None,None,0,0
23=Neutral,CAARMY02,256,100,42,64,None,1,0,1,0,0,None,None,None,0,0
24=Neutral,CAMISC05,256,50,101,64,None,1,0,1,0,0,None,None,None,0,0
25=Neutral,CAMISC05,256,54,100,64,None,1,0,1,0,0,None,None,None,0,0
26=Neutral,CAMISC05,256,55,99,64,None,1,0,1,0,0,None,None,None,0,0
27=Neutral,CAFRMB,256,52,102,64,None,1,0,1,0,0,None,None,None,0,0
28=Neutral,CAWT01,256,52,16,64,None,1,0,1,0,0,None,None,None,0,0
29=Neutral,CAWT01,256,13,66,64,None,1,0,1,0,0,None,None,None,0,0
30=Neutral,CAMSC06,256,100,44,64,None,1,0,1,0,0,None,None,None,0,0
31=Neutral,CAMISC05,256,98,44,64,None,1,0,1,0,0,None,None,None,0,0
32=Neutral,CAFARM02,256,61,11,64,None,1,0,1,0,0,None,None,None,0,0
33=Neutral,CAFARM02,256,63,11,64,None,1,0,1,0,0,None,None,None,0,0
34=Neutral,CAFARM02,256,60,13,64,None,1,0,1,0,0,None,None,None,0,0
35=Neutral,CAFARM02,256,49,101,64,None,1,0,1,0,0,None,None,None,0,0

[Tags]
059F38CC=0,@Sounds,059EA50C

[TeamTypes]

[Terrain]
8065=TREE30
10061=TREE28
11065=TREE29
12060=TREE34
13065=TREE28
14070=TREE19
15055=TREE19
15057=TREE28
15068=TREE30
16072=TREE28
18050=TREE30
19050=TREE19
19075=TREE30
19077=TREE35
20051=TREE29
20070=TREE29
22057=TIBTRE02
24046=TREE30
25079=TREE29
26081=TREE30
27043=TREE34
27045=TREE29
28079=TREE30
29043=TREE29
31055=TREE30
32045=TREE28
33039=TREE29
33041=TREE35
33043=TREE19
33051=TREE30
34053=TREE34
34087=TREE19
35034=TREE29
35057=TREE35
36055=TREE19
36093=TREE35
37034=TREE17
37055=TREE30
37091=TREE30
39039=TREE29
39094=TREE29
40032=TREE28
42030=TREE29
43042=TREE30
44027=TREE30
44030=TREE18
45068=TIBTRE02
46026=TREE28
46028=TREE30
46053=TREE29
47102=TREE29
48024=TREE28
48051=TREE30
48058=TREE28
49018=TREE17
49019=TREE29
49054=TREE28
49057=TREE19
49061=TREE29
49102=TREE30
50027=TREE29
50037=TREE28
50055=TREE18
50060=TREE21
50104=TREE36
51024=TREE30
51053=TREE23
51103=TREE28
52036=TREE19
52037=TREE34
52050=TREE29
52060=TREE17
52061=TREE30
53080=TREE30
54039=TREE29
54047=TREE28
54050=TREE24
54051=TREE28
54065=TREE29
55049=TREE17
55067=TREE30
55076=TREE28
55079=TREE34
56078=TREE19
56090=TIBTRE02
57013=TREE28
57022=TIBTRE02
57033=TREE28
57080=TREE29
57097=TREE29
58065=TREE28
58097=TREE34
59013=TREE34
59014=TREE30
59052=TREE30
59064=TREE19
60012=TREE28
60054=TREE23
60063=TREE24
60068=TREE29
60095=TREE30
61058=TREE18
61059=TREE28
61066=TREE30
62010=TREE23
62052=TREE19
62066=TREE23
63009=TREE19
63054=TREE28
63058=TREE30
63059=TREE19
63091=TREE28
64066=TREE17
65010=TREE28
65052=TREE29
65062=TREE29
65083=TREE30
66057=TREE29
66080=TREE28
67011=TREE34
67059=TREE30
68045=TIBTRE02
69089=TREE21
70017=TREE30
71016=TREE36
71019=TREE30
73017=TREE18
74017=TREE28
74087=TREE29
75056=TREE30
76020=TREE29
76025=TREE28
76060=TREE30
77069=TREE28
77077=TREE30
77081=TREE29
78058=TREE34
79060=TREE19
79061=TREE28
79075=TREE29
80053=TREE30
85030=TREE29
85072=TREE28
86032=TREE30
87034=TREE18
87035=TREE29
88031=TREE17
88066=TREE29
89057=TIBTRE02
90034=TREE19
90040=TREE30
91036=TREE28
93037=TREE29
94039=TREE30
95056=TREE30
95059=TREE29
96039=TREE28
96058=TREE34
97041=TREE19
97044=TREE29
100043=TREE35
100044=TREE30
101053=TREE30
102050=TREE18
104048=TREE21
104049=TREE29
104051=TREE28
108054=TREE36

[Triggers]
059EA50C=Neutral,<none>,@Sounds,0,1,1,1,0

[Units]
0=Neutral,PTRUCK,256,57,16,192,Guard,None,0,-1,0,-1,1,0
1=Neutral,PICK,256,13,68,160,Guard,None,0,-1,0,-1,1,0
2=Neutral,PICK,256,96,45,224,Guard,None,0,-1,0,-1,1,0
3=Neutral,PICK,256,101,50,0,Guard,None,0,-1,0,-1,1,0
4=Neutral,CONA,256,53,98,64,Guard,None,0,-1,0,-1,1,0
5=Neutral,JEEP,256,49,100,224,Guard,None,0,-1,0,-1,1,0

[Waypoints]
0=79034
1=34079
28=89057
29=58026
30=33054
31=59084
32=39075
33=75039
699=56057
700=56057

[YuriCountry]
IQ=0
Color=DarkRed
Allies=YuriCountry
Country=YuriCountry
Credits=0
NodeCount=0
TechLevel=1
PercentBuilt=0
PlayerControl=no



[Digest]
1=g+5Bx2P+9ZagTMdZQ/yFzcOUOyQ=

